Archive member included to satisfy reference by file (symbol)

.\CortexM3\ARM_GCC_541\Debug\Erika_LED_Glower.a(ErikaOS_1_ee_activate.o)
                              .\CortexM3\ARM_GCC_541\Debug\main.o (EE_oo_ActivateTask)
.\CortexM3\ARM_GCC_541\Debug\Erika_LED_Glower.a(ErikaOS_1_ee_alcancel.o)
                              .\CortexM3\ARM_GCC_541\Debug\glower.o (EE_oo_CancelAlarm)
.\CortexM3\ARM_GCC_541\Debug\Erika_LED_Glower.a(ErikaOS_1_ee_alsetrel.o)
                              .\CortexM3\ARM_GCC_541\Debug\main.o (EE_oo_SetRelAlarm)
.\CortexM3\ARM_GCC_541\Debug\Erika_LED_Glower.a(ErikaOS_1_ee_altick.o)
                              .\CortexM3\ARM_GCC_541\Debug\Erika_LED_Glower.a(ErikaOS_1_ee_alsetrel.o) (EE_oo_counter_object_insert)
.\CortexM3\ARM_GCC_541\Debug\Erika_LED_Glower.a(ErikaOS_1_ee_irqendin.o)
                              .\CortexM3\ARM_GCC_541\Debug\main.o (EE_IRQ_end_post_stub)
.\CortexM3\ARM_GCC_541\Debug\Erika_LED_Glower.a(ErikaOS_1_ee_lookup.o)
                              .\CortexM3\ARM_GCC_541\Debug\Erika_LED_Glower.a(ErikaOS_1_ee_irqendin.o) (EE_oo_IRQ_disable_count)
.\CortexM3\ARM_GCC_541\Debug\Erika_LED_Glower.a(ErikaOS_1_ee_rq_exchg.o)
                              .\CortexM3\ARM_GCC_541\Debug\Erika_LED_Glower.a(ErikaOS_1_ee_activate.o) (EE_rq2stk_exchange)
.\CortexM3\ARM_GCC_541\Debug\Erika_LED_Glower.a(ErikaOS_1_ee_rq_first.o)
                              .\CortexM3\ARM_GCC_541\Debug\Erika_LED_Glower.a(ErikaOS_1_ee_activate.o) (EE_rq_queryfirst)
.\CortexM3\ARM_GCC_541\Debug\Erika_LED_Glower.a(ErikaOS_1_ee_rq_inser.o)
                              .\CortexM3\ARM_GCC_541\Debug\Erika_LED_Glower.a(ErikaOS_1_ee_activate.o) (EE_rq_insert)
.\CortexM3\ARM_GCC_541\Debug\Erika_LED_Glower.a(ErikaOS_1_ee_startos.o)
                              .\CortexM3\ARM_GCC_541\Debug\main.o (EE_oo_StartOS)
.\CortexM3\ARM_GCC_541\Debug\Erika_LED_Glower.a(ErikaOS_1_ee_terminat.o)
                              .\CortexM3\ARM_GCC_541\Debug\main.o (EE_oo_TerminateTask)
.\CortexM3\ARM_GCC_541\Debug\Erika_LED_Glower.a(ErikaOS_1_cortex_mx_ee_utils.o)
                              .\CortexM3\ARM_GCC_541\Debug\main.o (EE_system_init)
.\CortexM3\ARM_GCC_541\Debug\Erika_LED_Glower.a(ErikaOS_1_common_ee_hal_structs.o)
                              .\CortexM3\ARM_GCC_541\Debug\Erika_LED_Glower.a(ErikaOS_1_ee_irqendin.o) (EE_std_endcycle_next_tid)
.\CortexM3\ARM_GCC_541\Debug\Erika_LED_Glower.a(ErikaOS_1_eecfg.o)
                              .\CortexM3\ARM_GCC_541\Debug\Erika_LED_Glower.a(ErikaOS_1_ee_startos.o) (EE_oo_autostart_task_data)
.\CortexM3\ARM_GCC_541\Debug\Erika_LED_Glower.a(RGB_Red.o)
                              .\CortexM3\ARM_GCC_541\Debug\glower.o (RGB_Red_Write)
.\CortexM3\ARM_GCC_541\Debug\Erika_LED_Glower.a(RGB_Green.o)
                              .\CortexM3\ARM_GCC_541\Debug\glower.o (RGB_Green_Write)
.\CortexM3\ARM_GCC_541\Debug\Erika_LED_Glower.a(RGB_Blue.o)
                              .\CortexM3\ARM_GCC_541\Debug\glower.o (RGB_Blue_Write)
.\CortexM3\ARM_GCC_541\Debug\Erika_LED_Glower.a(CyLib.o)
                              .\CortexM3\ARM_GCC_541\Debug\Cm3Start.o (CyHalt)
.\CortexM3\ARM_GCC_541\Debug\Erika_LED_Glower.a(cyPm.o)
                              .\CortexM3\ARM_GCC_541\Debug\Erika_LED_Glower.a(CyLib.o) (CyPmReadStatus)
.\CortexM3\ARM_GCC_541\Debug\Erika_LED_Glower.a(PWM1.o)
                              .\CortexM3\ARM_GCC_541\Debug\fader.o (PWM1_WriteCompare)
.\CortexM3\ARM_GCC_541\Debug\Erika_LED_Glower.a(PWM2.o)
                              .\CortexM3\ARM_GCC_541\Debug\fader.o (PWM2_WriteCompare)
.\CortexM3\ARM_GCC_541\Debug\Erika_LED_Glower.a(PWM3.o)
                              .\CortexM3\ARM_GCC_541\Debug\fader.o (PWM3_WriteCompare)
.\CortexM3\ARM_GCC_541\Debug\Erika_LED_Glower.a(ErikaOS_1_ee_gnu_change_context_isr.o)
                              .\CortexM3\ARM_GCC_541\Debug\main.o (EE_switch_context)
.\CortexM3\ARM_GCC_541\Debug\Erika_LED_Glower.a(ErikaOS_1_ee_gnu_irq_stack.o)
                              .\CortexM3\ARM_GCC_541\Debug\main.o (EE_cortex_mx_change_IRQ_stack)
.\CortexM3\ARM_GCC_541\Debug\Erika_LED_Glower.a(ErikaOS_1_ee_gnu_multi_context.o)
                              .\CortexM3\ARM_GCC_541\Debug\Erika_LED_Glower.a(ErikaOS_1_ee_activate.o) (EE_cortex_mx_change_context)
.\CortexM3\ARM_GCC_541\Debug\Erika_LED_Glower.a(ErikaOS_1_ee_gnu_oo.o)
                              .\CortexM3\ARM_GCC_541\Debug\Erika_LED_Glower.a(ErikaOS_1_ee_terminat.o) (EE_hal_terminate_task)
.\CortexM3\ARM_GCC_541\Debug\Erika_LED_Glower.a(CyBootAsmGnu.o)
                              .\CortexM3\ARM_GCC_541\Debug\cyfitter_cfg.o (CyDelayCycles)
.\CortexM3\ARM_GCC_541\Debug\Erika_LED_Glower.a(ErikaOS_1_ee_tnterm.o)
                              .\CortexM3\ARM_GCC_541\Debug\Erika_LED_Glower.a(ErikaOS_1_ee_gnu_oo.o) (EE_thread_not_terminated)
.\CortexM3\ARM_GCC_541\Debug\Erika_LED_Glower.a(ErikaOS_1_ee_tstub.o)
[...]
Memory Configuration

Name             Origin             Length             Attributes
rom              0x00000000         0x00040000         xr
ram              0x1fff8000         0x00010000         xrw
*default*        0x00000000         0xffffffff

Linker script and memory map

LOAD c:/program files (x86)/cypress/psoc creator/4.4/psoc creator/import/gnu/arm/5.4.1/bin/../lib/gcc/arm-none-eabi/5.4.1/armv7-m/crti.o
LOAD c:/program files (x86)/cypress/psoc creator/4.4/psoc creator/import/gnu/arm/5.4.1/bin/../lib/gcc/arm-none-eabi/5.4.1/armv7-m/crtbegin.o
LOAD c:/program files (x86)/cypress/psoc creator/4.4/psoc creator/import/gnu/arm/5.4.1/bin/../lib/gcc/arm-none-eabi/5.4.1/../../../../arm-none-eabi/lib/armv7-m/crt0.o
START GROUP
LOAD .\CortexM3\ARM_GCC_541\Debug\main.o
LOAD .\CortexM3\ARM_GCC_541\Debug\glower.o
LOAD .\CortexM3\ARM_GCC_541\Debug\fader.o
LOAD .\CortexM3\ARM_GCC_541\Debug\cyfitter_cfg.o
LOAD .\CortexM3\ARM_GCC_541\Debug\cymetadata.o
LOAD .\CortexM3\ARM_GCC_541\Debug\Cm3Start.o
LOAD .\CortexM3\ARM_GCC_541\Debug\Erika_LED_Glower.a
LOAD C:\Program Files (x86)\Cypress\PSoC Creator\4.4\PSoC Creator\psoc\content\cycomponentlibrary\CyComponentLibrary.cylib\CortexM3\ARM_GCC_541\Debug\CyComponentLibrary.a
END GROUP
START GROUP
LOAD c:/program files (x86)/cypress/psoc creator/4.4/psoc creator/import/gnu/arm/5.4.1/bin/../lib/gcc/arm-none-eabi/5.4.1/armv7-m\libgcc.a
LOAD c:/program files (x86)/cypress/psoc creator/4.4/psoc creator/import/gnu/arm/5.4.1/bin/../lib/gcc/arm-none-eabi/5.4.1/../../../../arm-none-eabi/lib/armv7-m\libg_nano.a
LOAD c:/program files (x86)/cypress/psoc creator/4.4/psoc creator/import/gnu/arm/5.4.1/bin/../lib/gcc/arm-none-eabi/5.4.1/../../../../arm-none-eabi/lib/armv7-m\libc_nano.a
END GROUP
START GROUP
LOAD c:/program files (x86)/cypress/psoc creator/4.4/psoc creator/import/gnu/arm/5.4.1/bin/../lib/gcc/arm-none-eabi/5.4.1/armv7-m\libgcc.a
LOAD c:/program files (x86)/cypress/psoc creator/4.4/psoc creator/import/gnu/arm/5.4.1/bin/../lib/gcc/arm-none-eabi/5.4.1/../../../../arm-none-eabi/lib/armv7-m\libc_nano.a
END GROUP
LOAD c:/program files (x86)/cypress/psoc creator/4.4/psoc creator/import/gnu/arm/5.4.1/bin/../lib/gcc/arm-none-eabi/5.4.1/armv7-m/crtend.o
LOAD c:/program files (x86)/cypress/psoc creator/4.4/psoc creator/import/gnu/arm/5.4.1/bin/../lib/gcc/arm-none-eabi/5.4.1/armv7-m/crtn.o
START GROUP
LOAD c:/program files (x86)/cypress/psoc creator/4.4/psoc creator/import/gnu/arm/5.4.1/bin/../lib/gcc/arm-none-eabi/5.4.1/armv7-m\libgcc.a
LOAD c:/program files (x86)/cypress/psoc creator/4.4/psoc creator/import/gnu/arm/5.4.1/bin/../lib/gcc/arm-none-eabi/5.4.1/../../../../arm-none-eabi/lib/armv7-m\libc.a
LOAD c:/program files (x86)/cypress/psoc creator/4.4/psoc creator/import/gnu/arm/5.4.1/bin/../lib/gcc/arm-none-eabi/5.4.1/../../../../arm-none-eabi/lib/armv7-m\libnosys.a
END GROUP
                0x00000000                CY_APPL_ORIGIN = 0x0
                0x00000100                CY_FLASH_ROW_SIZE = 0x100
                0x00000020                CY_ECC_ROW_SIZE = 0x20
                0x00000000                CY_EE_IN_BTLDR = 0x0
                0x00000000                CY_APPL_LOADABLE = 0x0
                0x00000800                CY_EE_SIZE = 0x800
                0x00000001                CY_APPL_NUM = 0x1
                0x00000001                CY_APPL_MAX = 0x1
                0x00000040                CY_METADATA_SIZE = 0x40
                0x00000000                CY_APPL_LOADABLE = 0x0
                0x00000000                CY_CHECKSUM_EXCLUDE_SIZE = ALIGN (0x0, CY_FLASH_ROW_SIZE)
                [!provide]                PROVIDE (__cy_heap_start, _end)
                0x00000001                PROVIDE (__cy_region_num, ((__cy_regions_end - __cy_regions) / 0x10))
                0x20008000                PROVIDE (__cy_stack, (ORIGIN (ram) + LENGTH (ram)))
                [!provide]                PROVIDE (__cy_heap_end, (__cy_stack - 0x800))

.cybootloader   0x00000000        0x0
 *(.cybootloader)
                0x00000000                appl1_start = CY_APPL_ORIGIN?CY_APPL_ORIGIN:ALIGN (CY_FLASH_ROW_SIZE)
                0x0001ff00                appl2_start = (appl1_start + ALIGN ((((LENGTH (rom) - appl1_start) - (0x2 * CY_FLASH_ROW_SIZE)) / 0x2), CY_FLASH_ROW_SIZE))
                0x00000000                appl_start = (CY_APPL_NUM == 0x1)?appl1_start:appl2_start
                0x00000000                ecc_offset = ((appl_start / CY_FLASH_ROW_SIZE) * CY_ECC_ROW_SIZE)
                0x00000000                ee_offset = (CY_APPL_LOADABLE && ! (CY_EE_IN_BTLDR))?((CY_EE_SIZE / CY_APPL_MAX) * (CY_APPL_NUM - 0x1)):0x0
                0x00000800                ee_size = (CY_APPL_LOADABLE && ! (CY_EE_IN_BTLDR))?(CY_EE_SIZE / CY_APPL_MAX):CY_EE_SIZE
                [!provide]                PROVIDE (CY_ECC_OFFSET, ecc_offset)

.text           0x00000000     0x14f6
 CREATE_OBJECT_SYMBOLS
                0x00000000                PROVIDE (__cy_interrupt_vector, RomVectors)
 *(.romvectors)
 .romvectors    0x00000000       0x10 .\CortexM3\ARM_GCC_541\Debug\Cm3Start.o
                0x00000000                RomVectors
                0x00000001                ASSERT ((. != __cy_interrupt_vector), No interrupt vector)
                0x00000001                ASSERT (CY_APPL_ORIGIN?(SIZEOF (.cybootloader) <= CY_APPL_ORIGIN):0x1, Wrong image location)
                0x00000010                PROVIDE (__cy_reset, Reset)
 *(.text.Reset)
 .text.Reset    0x00000010       0x18 .\CortexM3\ARM_GCC_541\Debug\Cm3Start.o
                0x00000010                Reset
                0x00000001                ASSERT ((. != __cy_reset), No reset code)
 *(.dma_init)
                0x00000001                ASSERT ((((appl_start + .) <= 0x10000) || 0x1), DMA Init must be within the first 64k of flash)
 *(.text .text.* .gnu.linkonce.t.*)
 .text          0x00000028       0x5c c:/program files (x86)/cypress/psoc creator/4.4/psoc creator/import/gnu/arm/5.4.1/bin/../lib/gcc/arm-none-eabi/5.4.1/armv7-m/crtbegin.o
 .text.ISR2_systick_handler
                0x00000084        0xc .\CortexM3\ARM_GCC_541\Debug\main.o
                0x00000084                ISR2_systick_handler
 .text.systick_handler
                0x00000090       0x98 .\CortexM3\ARM_GCC_541\Debug\main.o
                0x00000090                systick_handler
 .text.main     0x00000128       0x28 .\CortexM3\ARM_GCC_541\Debug\main.o
                0x00000128                main
 .text.Functask_init
                0x00000150       0x34 .\CortexM3\ARM_GCC_541\Debug\main.o
                0x00000150                Functask_init
 .text.Functask_fader
                0x00000184        0xc .\CortexM3\ARM_GCC_541\Debug\main.o
                0x00000184                Functask_fader
 .text.Functask_glower
                0x00000190        0xc .\CortexM3\ARM_GCC_541\Debug\main.o
                0x00000190                Functask_glower
 .text.Functask_background
                0x0000019c        0x4 .\CortexM3\ARM_GCC_541\Debug\main.o
                0x0000019c                Functask_background
 .text.RGB__Glower
                0x000001a0       0x70 .\CortexM3\ARM_GCC_541\Debug\glower.o
                0x000001a0                RGB__Glower
 .text.Fader_init
                0x00000210       0x18 .\CortexM3\ARM_GCC_541\Debug\fader.o
                0x00000210                Fader_init
 .text.Fader_LED
                0x00000228       0x80 .\CortexM3\ARM_GCC_541\Debug\fader.o
                0x00000228                Fader_LED
 .text.CyClockStartupError
                0x000002a8        0x4 .\CortexM3\ARM_GCC_541\Debug\cyfitter_cfg.o
 .text.cfg_write_bytes32
                0x000002ac       0x34 .\CortexM3\ARM_GCC_541\Debug\cyfitter_cfg.o
 .text.AnalogSetDefault
                0x000002e0       0x28 .\CortexM3\ARM_GCC_541\Debug\cyfitter_cfg.o
 .text.CYMEMZERO
                0x00000308        0xc .\CortexM3\ARM_GCC_541\Debug\cyfitter_cfg.o
 .text.ClockSetup
                0x00000314       0xb8 .\CortexM3\ARM_GCC_541\Debug\cyfitter_cfg.o
 .text.CYCONFIGCPY
                0x000003cc        0x8 .\CortexM3\ARM_GCC_541\Debug\cyfitter_cfg.o
 .text.cyfitter_cfg
                0x000003d4       0xf0 .\CortexM3\ARM_GCC_541\Debug\cyfitter_cfg.o
                0x000003d4                cyfitter_cfg
 .text.IntDefaultHandler
                0x000004c4       0x10 .\CortexM3\ARM_GCC_541\Debug\Cm3Start.o
                0x000004c4                IntDefaultHandler
 .text.Start_c  0x000004d4       0x4c .\CortexM3\ARM_GCC_541\Debug\Cm3Start.o
                0x000004d4                Start_c
 .text.initialize_psoc
                0x00000520       0x68 .\CortexM3\ARM_GCC_541\Debug\Cm3Start.o
                0x00000520                initialize_psoc
 .text.EE_oo_ActivateTask
                0x00000588       0xe8 .\CortexM3\ARM_GCC_541\Debug\Erika_LED_Glower.a(ErikaOS_1_ee_activate.o)
                0x00000588                EE_oo_ActivateTask
 .text.EE_oo_CancelAlarm
                0x00000670       0xa4 .\CortexM3\ARM_GCC_541\Debug\Erika_LED_Glower.a(ErikaOS_1_ee_alcancel.o)
                0x00000670                EE_oo_CancelAlarm
 .text.EE_oo_SetRelAlarm
                0x00000714       0x80 .\CortexM3\ARM_GCC_541\Debug\Erika_LED_Glower.a(ErikaOS_1_ee_alsetrel.o)
                0x00000714                EE_oo_SetRelAlarm
 .text.EE_oo_handle_action_callback
                0x00000794        0xc .\CortexM3\ARM_GCC_541\Debug\Erika_LED_Glower.a(ErikaOS_1_ee_altick.o)
 .text.EE_oo_handle_action_task
                0x000007a0       0x4c .\CortexM3\ARM_GCC_541\Debug\Erika_LED_Glower.a(ErikaOS_1_ee_altick.o)
 .text.EE_oo_handle_action_event
                0x000007ec       0x60 .\CortexM3\ARM_GCC_541\Debug\Erika_LED_Glower.a(ErikaOS_1_ee_altick.o)
 .text.EE_oo_handle_action
                0x0000084c       0x28 .\CortexM3\ARM_GCC_541\Debug\Erika_LED_Glower.a(ErikaOS_1_ee_altick.o)
 .text.EE_oo_counter_object_insert
                0x00000874       0x9c .\CortexM3\ARM_GCC_541\Debug\Erika_LED_Glower.a(ErikaOS_1_ee_altick.o)
                0x00000874                EE_oo_counter_object_insert
 .text.EE_oo_IncrementCounterImplementation
                0x00000910      0x100 .\CortexM3\ARM_GCC_541\Debug\Erika_LED_Glower.a(ErikaOS_1_ee_altick.o)
                0x00000910                EE_oo_IncrementCounterImplementation
 .text.EE_oo_IncrementCounter
                0x00000a10       0xb0 .\CortexM3\ARM_GCC_541\Debug\Erika_LED_Glower.a(ErikaOS_1_ee_altick.o)
                0x00000a10                EE_oo_IncrementCounter
 .text.EE_IRQ_run_next_task
                0x00000ac0       0x30 .\CortexM3\ARM_GCC_541\Debug\Erika_LED_Glower.a(ErikaOS_1_ee_irqendin.o)
 .text.EE_IRQ_end_instance
                0x00000af0       0x68 .\CortexM3\ARM_GCC_541\Debug\Erika_LED_Glower.a(ErikaOS_1_ee_irqendin.o)
                0x00000af0                EE_IRQ_end_instance
 .text.EE_IRQ_end_post_stub
                0x00000b58       0x14 .\CortexM3\ARM_GCC_541\Debug\Erika_LED_Glower.a(ErikaOS_1_ee_irqendin.o)
                0x00000b58                EE_IRQ_end_post_stub
 .text.EE_rq2stk_exchange
                0x00000b6c       0x88 .\CortexM3\ARM_GCC_541\Debug\Erika_LED_Glower.a(ErikaOS_1_ee_rq_exchg.o)
                0x00000b6c                EE_rq2stk_exchange
 .text.EE_rq_queryfirst
                0x00000bf4       0x44 .\CortexM3\ARM_GCC_541\Debug\Erika_LED_Glower.a(ErikaOS_1_ee_rq_first.o)
                0x00000bf4                EE_rq_queryfirst
 .text.EE_rq_insert
                0x00000c38       0x74 .\CortexM3\ARM_GCC_541\Debug\Erika_LED_Glower.a(ErikaOS_1_ee_rq_inser.o)
                0x00000c38                EE_rq_insert
 .text.compute_task_tid
                0x00000cac       0x10 .\CortexM3\ARM_GCC_541\Debug\Erika_LED_Glower.a(ErikaOS_1_ee_startos.o)
 .text.EE_oo_start_os
                0x00000cbc        0xc .\CortexM3\ARM_GCC_541\Debug\Erika_LED_Glower.a(ErikaOS_1_ee_startos.o)
 .text.EE_oo_autostart_tasks
                0x00000cc8       0x60 .\CortexM3\ARM_GCC_541\Debug\Erika_LED_Glower.a(ErikaOS_1_ee_startos.o)
 .text.EE_oo_autostart_os
                0x00000d28        0xc .\CortexM3\ARM_GCC_541\Debug\Erika_LED_Glower.a(ErikaOS_1_ee_startos.o)
 .text.EE_oo_StartOS
                0x00000d34       0x8c .\CortexM3\ARM_GCC_541\Debug\Erika_LED_Glower.a(ErikaOS_1_ee_startos.o)
                0x00000d34                EE_oo_StartOS
 .text.EE_oo_TerminateTask
                0x00000dc0       0x3c .\CortexM3\ARM_GCC_541\Debug\Erika_LED_Glower.a(ErikaOS_1_ee_terminat.o)
                0x00000dc0                EE_oo_TerminateTask
 .text.EE_system_init
                0x00000dfc       0x20 .\CortexM3\ARM_GCC_541\Debug\Erika_LED_Glower.a(ErikaOS_1_cortex_mx_ee_utils.o)
                0x00000dfc                EE_system_init
 .text.RGB_Red_Write
                0x00000e1c       0x18 .\CortexM3\ARM_GCC_541\Debug\Erika_LED_Glower.a(RGB_Red.o)
                0x00000e1c                RGB_Red_Write
 .text.RGB_Green_Write
                0x00000e34       0x18 .\CortexM3\ARM_GCC_541\Debug\Erika_LED_Glower.a(RGB_Green.o)
                0x00000e34                RGB_Green_Write
 .text.RGB_Blue_Write
                0x00000e4c       0x18 .\CortexM3\ARM_GCC_541\Debug\Erika_LED_Glower.a(RGB_Blue.o)
                0x00000e4c                RGB_Blue_Write
 .text.CyDelay  0x00000e64       0x2c .\CortexM3\ARM_GCC_541\Debug\Erika_LED_Glower.a(CyLib.o)
                0x00000e64                CyDelay
 .text.PWM1_Enable
                0x00000e90       0x10 .\CortexM3\ARM_GCC_541\Debug\Erika_LED_Glower.a(PWM1.o)
                0x00000e90                PWM1_Enable
 .text.PWM1_WriteCounter
                0x00000ea0        0xc .\CortexM3\ARM_GCC_541\Debug\Erika_LED_Glower.a(PWM1.o)
                0x00000ea0                PWM1_WriteCounter
 .text.PWM1_WritePeriod
                0x00000eac        0xc .\CortexM3\ARM_GCC_541\Debug\Erika_LED_Glower.a(PWM1.o)
                0x00000eac                PWM1_WritePeriod
 .text.PWM1_WriteCompare
                0x00000eb8        0xc .\CortexM3\ARM_GCC_541\Debug\Erika_LED_Glower.a(PWM1.o)
                0x00000eb8                PWM1_WriteCompare
 .text.PWM1_SetInterruptMode
                0x00000ec4        0xc .\CortexM3\ARM_GCC_541\Debug\Erika_LED_Glower.a(PWM1.o)
                0x00000ec4                PWM1_SetInterruptMode
 .text.PWM1_ReadStatusRegister
                0x00000ed0        0xc .\CortexM3\ARM_GCC_541\Debug\Erika_LED_Glower.a(PWM1.o)
                0x00000ed0                PWM1_ReadStatusRegister
 .text.PWM1_ReadCapture
                0x00000edc        0xc .\CortexM3\ARM_GCC_541\Debug\Erika_LED_Glower.a(PWM1.o)
                0x00000edc                PWM1_ReadCapture
 .text.PWM1_ClearFIFO
                0x00000ee8       0x14 .\CortexM3\ARM_GCC_541\Debug\Erika_LED_Glower.a(PWM1.o)
                0x00000ee8                PWM1_ClearFIFO
 .text.PWM1_Init
                0x00000efc       0x50 .\CortexM3\ARM_GCC_541\Debug\Erika_LED_Glower.a(PWM1.o)
                0x00000efc                PWM1_Init
 .text.PWM1_Start
                0x00000f4c       0x1c .\CortexM3\ARM_GCC_541\Debug\Erika_LED_Glower.a(PWM1.o)
                0x00000f4c                PWM1_Start
 .text.PWM2_Enable
                0x00000f68       0x10 .\CortexM3\ARM_GCC_541\Debug\Erika_LED_Glower.a(PWM2.o)
                0x00000f68                PWM2_Enable
 .text.PWM2_WriteCounter
                0x00000f78        0xc .\CortexM3\ARM_GCC_541\Debug\Erika_LED_Glower.a(PWM2.o)
                0x00000f78                PWM2_WriteCounter
 .text.PWM2_WritePeriod
                0x00000f84        0xc .\CortexM3\ARM_GCC_541\Debug\Erika_LED_Glower.a(PWM2.o)
                0x00000f84                PWM2_WritePeriod
 .text.PWM2_WriteCompare
                0x00000f90        0xc .\CortexM3\ARM_GCC_541\Debug\Erika_LED_Glower.a(PWM2.o)
                0x00000f90                PWM2_WriteCompare
 .text.PWM2_SetInterruptMode
                0x00000f9c        0xc .\CortexM3\ARM_GCC_541\Debug\Erika_LED_Glower.a(PWM2.o)
                0x00000f9c                PWM2_SetInterruptMode
 .text.PWM2_ReadStatusRegister
                0x00000fa8        0xc .\CortexM3\ARM_GCC_541\Debug\Erika_LED_Glower.a(PWM2.o)
                0x00000fa8                PWM2_ReadStatusRegister
 .text.PWM2_ReadCapture
                0x00000fb4        0xc .\CortexM3\ARM_GCC_541\Debug\Erika_LED_Glower.a(PWM2.o)
                0x00000fb4                PWM2_ReadCapture
 .text.PWM2_ClearFIFO
                0x00000fc0       0x14 .\CortexM3\ARM_GCC_541\Debug\Erika_LED_Glower.a(PWM2.o)
                0x00000fc0                PWM2_ClearFIFO
 .text.PWM2_Init
                0x00000fd4       0x50 .\CortexM3\ARM_GCC_541\Debug\Erika_LED_Glower.a(PWM2.o)
                0x00000fd4                PWM2_Init
 .text.PWM2_Start
                0x00001024       0x1c .\CortexM3\ARM_GCC_541\Debug\Erika_LED_Glower.a(PWM2.o)
                0x00001024                PWM2_Start
 .text.PWM3_Enable
                0x00001040       0x10 .\CortexM3\ARM_GCC_541\Debug\Erika_LED_Glower.a(PWM3.o)
                0x00001040                PWM3_Enable
 .text.PWM3_WriteCounter
                0x00001050        0xc .\CortexM3\ARM_GCC_541\Debug\Erika_LED_Glower.a(PWM3.o)
                0x00001050                PWM3_WriteCounter
 .text.PWM3_WritePeriod
                0x0000105c        0xc .\CortexM3\ARM_GCC_541\Debug\Erika_LED_Glower.a(PWM3.o)
                0x0000105c                PWM3_WritePeriod
 .text.PWM3_WriteCompare
                0x00001068        0xc .\CortexM3\ARM_GCC_541\Debug\Erika_LED_Glower.a(PWM3.o)
                0x00001068                PWM3_WriteCompare
 .text.PWM3_SetInterruptMode
                0x00001074        0xc .\CortexM3\ARM_GCC_541\Debug\Erika_LED_Glower.a(PWM3.o)
                0x00001074                PWM3_SetInterruptMode
 .text.PWM3_ReadStatusRegister
                0x00001080        0xc .\CortexM3\ARM_GCC_541\Debug\Erika_LED_Glower.a(PWM3.o)
                0x00001080                PWM3_ReadStatusRegister
 .text.PWM3_ReadCapture
                0x0000108c        0xc .\CortexM3\ARM_GCC_541\Debug\Erika_LED_Glower.a(PWM3.o)
                0x0000108c                PWM3_ReadCapture
 .text.PWM3_ClearFIFO
                0x00001098       0x14 .\CortexM3\ARM_GCC_541\Debug\Erika_LED_Glower.a(PWM3.o)
                0x00001098                PWM3_ClearFIFO
 .text.PWM3_Init
                0x000010ac       0x50 .\CortexM3\ARM_GCC_541\Debug\Erika_LED_Glower.a(PWM3.o)
                0x000010ac                PWM3_Init
 .text.PWM3_Start
                0x000010fc       0x1c .\CortexM3\ARM_GCC_541\Debug\Erika_LED_Glower.a(PWM3.o)
                0x000010fc                PWM3_Start
 .text          0x00001118       0x7c .\CortexM3\ARM_GCC_541\Debug\Erika_LED_Glower.a(ErikaOS_1_ee_gnu_change_context_isr.o)
                0x00001118                EE_set_switch_context_pri
                0x00001132                EE_switch_context
                0x0000113c                EE_cortex_mx_pendsv_ISR
                0x00001178                EE_cortex_mx_svc_ISR
 .text          0x00001194       0x24 .\CortexM3\ARM_GCC_541\Debug\Erika_LED_Glower.a(ErikaOS_1_ee_gnu_irq_stack.o)
                0x00001194                EE_cortex_mx_change_IRQ_stack
                0x000011a6                EE_cortex_mx_change_IRQ_stack_back
 .text          0x000011b8       0x68 .\CortexM3\ARM_GCC_541\Debug\Erika_LED_Glower.a(ErikaOS_1_ee_gnu_multi_context.o)
                0x000011b8                EE_cortex_mx_change_context
 .text          0x00001220       0x80 .\CortexM3\ARM_GCC_541\Debug\Erika_LED_Glower.a(ErikaOS_1_ee_gnu_oo.o)
                0x00001220                EE_hal_terminate_savestk
                0x0000126a                EE_hal_terminate_task
 .text          0x000012a0       0x20 .\CortexM3\ARM_GCC_541\Debug\Erika_LED_Glower.a(CyBootAsmGnu.o)
                0x000012a0                CyDelayCycles
                0x000012b0                CyEnterCriticalSection
                0x000012b8                CyExitCriticalSection
 .text.EE_thread_not_terminated
                0x000012c0       0x10 .\CortexM3\ARM_GCC_541\Debug\Erika_LED_Glower.a(ErikaOS_1_ee_tnterm.o)
                0x000012c0                EE_thread_not_terminated
 .text.EE_oo_thread_stub
                0x000012d0       0x10 .\CortexM3\ARM_GCC_541\Debug\Erika_LED_Glower.a(ErikaOS_1_ee_tstub.o)
                0x000012d0                EE_oo_thread_stub
 .text.EE_std_run_task_code
                0x000012e0       0x18 .\CortexM3\ARM_GCC_541\Debug\Erika_LED_Glower.a(ErikaOS_1_cortex_mx_ee_context.o)
                0x000012e0                EE_std_run_task_code
 .text.EE_std_need_context_change
                0x000012f8       0x28 .\CortexM3\ARM_GCC_541\Debug\Erika_LED_Glower.a(ErikaOS_1_cortex_mx_ee_context.o)
                0x000012f8                EE_std_need_context_change
 .text.EE_thread_rnact_max
                0x00001320       0x20 .\CortexM3\ARM_GCC_541\Debug\Erika_LED_Glower.a(ErikaOS_1_ee_thendin.o)
 .text.EE_thread_endcycle_next
                0x00001340       0x30 .\CortexM3\ARM_GCC_541\Debug\Erika_LED_Glower.a(ErikaOS_1_ee_thendin.o)
 .text.EE_thread_end_instance
                0x00001370      0x108 .\CortexM3\ARM_GCC_541\Debug\Erika_LED_Glower.a(ErikaOS_1_ee_thendin.o)
                0x00001370                EE_thread_end_instance
 .text.__errno  0x00001478        0xc c:/program files (x86)/cypress/psoc creator/4.4/psoc creator/import/gnu/arm/5.4.1/bin/../lib/gcc/arm-none-eabi/5.4.1/../../../../arm-none-eabi/lib/armv7-m\libg_nano.a(lib_a-errno.o)
                0x00001478                __errno
 .text.__libc_init_array
                0x00001484       0x4c c:/program files (x86)/cypress/psoc creator/4.4/psoc creator/import/gnu/arm/5.4.1/bin/../lib/gcc/arm-none-eabi/5.4.1/../../../../arm-none-eabi/lib/armv7-m\libg_nano.a(lib_a-init.o)
                0x00001484                __libc_init_array
 .text.memcpy   0x000014d0       0x16 c:/program files (x86)/cypress/psoc creator/4.4/psoc creator/import/gnu/arm/5.4.1/bin/../lib/gcc/arm-none-eabi/5.4.1/../../../../arm-none-eabi/lib/armv7-m\libg_nano.a(lib_a-memcpy-stub.o)
                0x000014d0                memcpy
 .text.memset   0x000014e6       0x10 c:/program files (x86)/cypress/psoc creator/4.4/psoc creator/import/gnu/arm/5.4.1/bin/../lib/gcc/arm-none-eabi/5.4.1/../../../../arm-none-eabi/lib/armv7-m\libg_nano.a(lib_a-memset.o)
                0x000014e6                memset
 *(.plt)
 *(.gnu.warning)
 *(.glue_7t)
 .glue_7t       0x000014f6        0x0 linker stubs
 *(.glue_7)
 .glue_7        0x000014f6        0x0 linker stubs
 *(.vfp11_veneer)
 .vfp11_veneer  0x000014f6        0x0 linker stubs
 *(.bootloader)
 *(.ARM.extab* .gnu.linkonce.armextab.*)
 *(.gcc_except_table)

.v4_bx          0x000014f8        0x0
 .v4_bx         0x000014f8        0x0 linker stubs

.iplt           0x000014f8        0x0
 .iplt          0x000014f8        0x0 c:/program files (x86)/cypress/psoc creator/4.4/psoc creator/import/gnu/arm/5.4.1/bin/../lib/gcc/arm-none-eabi/5.4.1/armv7-m/crtbegin.o

.eh_frame_hdr
 *(.eh_frame_hdr)

.eh_frame       0x000014f8        0x4
 *(.eh_frame)
 .eh_frame      0x000014f8        0x0 c:/program files (x86)/cypress/psoc creator/4.4/psoc creator/import/gnu/arm/5.4.1/bin/../lib/gcc/arm-none-eabi/5.4.1/armv7-m/crtbegin.o
 .eh_frame      0x000014f8        0x4 c:/program files (x86)/cypress/psoc creator/4.4/psoc creator/import/gnu/arm/5.4.1/bin/../lib/gcc/arm-none-eabi/5.4.1/armv7-m/crtend.o
                [!provide]                PROVIDE (__exidx_start, .)

.ARM.exidx
 *(.ARM.exidx* .gnu.linkonce.armexidx.*)
                0x000014fc                __exidx_end = .

.rodata         0x000014fc      0x2d4
 *(.rodata .rodata.* .gnu.linkonce.r.*)
 .rodata        0x000014fc       0x36 .\CortexM3\ARM_GCC_541\Debug\glower.o
                0x000014fc                RGB_glowtable_1
 *fill*         0x00001532        0x2 
 .rodata        0x00001534       0x30 .\CortexM3\ARM_GCC_541\Debug\cyfitter_cfg.o
 .rodata        0x00001564      0x100 .\CortexM3\ARM_GCC_541\Debug\Erika_LED_Glower.a(ErikaOS_1_ee_lookup.o)
                0x00001564                EE_rq_lookup
 .rodata        0x00001664       0xdc .\CortexM3\ARM_GCC_541\Debug\Erika_LED_Glower.a(ErikaOS_1_eecfg.o)
                0x00001664                EE_oo_autostart_task_data
                0x00001670                EE_oo_action_ROM
                0x00001698                EE_oo_counter_object_ROM
                0x000016b0                EE_ALARM_ID
                0x000016b8                EE_alarm_ROM
                0x000016c0                EE_counter_ROM
                0x000016cc                EE_th_is_extended
                0x000016dc                EE_th_rnact_max
                0x000016ec                EE_th_dispatch_prio
                0x000016fc                EE_th_ready_prio
                0x000016fc                EE_EVENT_ID
                0x0000170c                EE_terminate_real_th_body
                0x0000171c                EE_hal_thread_body
                0x0000172c                EE_std_thread_tos
 .rodata.str1.4
                0x00001740       0x54 .\CortexM3\ARM_GCC_541\Debug\Erika_LED_Glower.a(ErikaOS_1_eecfg.o)
 .rodata.str1.1
                0x00001794        0x2 c:/program files (x86)/cypress/psoc creator/4.4/psoc creator/import/gnu/arm/5.4.1/bin/../lib/gcc/arm-none-eabi/5.4.1/../../../../arm-none-eabi/lib/armv7-m\libg_nano.a(lib_a-impure.o)
                0x00001798                . = ALIGN (0x4)
 *fill*         0x00001796        0x2 
 *(.init)
 .init          0x00001798        0x4 c:/program files (x86)/cypress/psoc creator/4.4/psoc creator/import/gnu/arm/5.4.1/bin/../lib/gcc/arm-none-eabi/5.4.1/armv7-m/crti.o
                0x00001798                _init
 .init          0x0000179c        0x8 c:/program files (x86)/cypress/psoc creator/4.4/psoc creator/import/gnu/arm/5.4.1/bin/../lib/gcc/arm-none-eabi/5.4.1/armv7-m/crtn.o
                0x000017a4                . = ALIGN (0x4)
                0x000017a4                __preinit_array_start = .
 *(.preinit_array)
                0x000017a4                __preinit_array_end = .
                0x000017a4                . = ALIGN (0x4)
                0x000017a4                __init_array_start = .
 *(SORT(.init_array.*))
 *(.init_array)
 .init_array    0x000017a4        0x4 c:/program files (x86)/cypress/psoc creator/4.4/psoc creator/import/gnu/arm/5.4.1/bin/../lib/gcc/arm-none-eabi/5.4.1/armv7-m/crtbegin.o
 .init_array    0x000017a8        0x4 .\CortexM3\ARM_GCC_541\Debug\Cm3Start.o
                0x000017ac                __init_array_end = .
                0x000017ac                . = ALIGN (0x4)
 *(.fini)
 .fini          0x000017ac        0x4 c:/program files (x86)/cypress/psoc creator/4.4/psoc creator/import/gnu/arm/5.4.1/bin/../lib/gcc/arm-none-eabi/5.4.1/armv7-m/crti.o
                0x000017ac                _fini
 .fini          0x000017b0        0x8 c:/program files (x86)/cypress/psoc creator/4.4/psoc creator/import/gnu/arm/5.4.1/bin/../lib/gcc/arm-none-eabi/5.4.1/armv7-m/crtn.o
                0x000017b8                . = ALIGN (0x4)
                0x000017b8                __fini_array_start = .
 *(.fini_array)
 .fini_array    0x000017b8        0x4 c:/program files (x86)/cypress/psoc creator/4.4/psoc creator/import/gnu/arm/5.4.1/bin/../lib/gcc/arm-none-eabi/5.4.1/armv7-m/crtbegin.o
 *(SORT(.fini_array.*))
                0x000017bc                __fini_array_end = .
                0x000017bc                . = ALIGN (0x4)
 *crtbegin.o(.ctors)
 *(EXCLUDE_FILE(*crtend.o) .ctors)
 *(SORT(.ctors.*))
 *crtend.o(.ctors)
                0x000017bc                . = ALIGN (0x4)
 *crtbegin.o(.dtors)
 *(EXCLUDE_FILE(*crtend.o) .dtors)
 *(SORT(.dtors.*))
 *crtend.o(.dtors)
                0x000017bc                . = ALIGN (0x4)
                0x000017bc                __cy_regions = .
                0x000017bc        0x4 LONG 0x17d0 __cy_region_init_ram
                0x000017c0        0x4 LONG 0x1fff80c8 __cy_region_start_data
                0x000017c4        0x4 LONG 0x188 __cy_region_init_size_ram
                0x000017c8        0x4 LONG 0x2c0 __cy_region_zero_size_ram
                0x000017cc                __cy_regions_end = .
                0x000017d0                . = ALIGN (0x8)
 *fill*         0x000017cc        0x4 
                0x000017d0                _etext = .

.cy_checksum_exclude
                0x000017d0        0x0
 *(.cy_checksum_exclude)

.ramvectors     0x1fff8000       0xc0
                0x1fff8000                __cy_region_start_ram = .
 *(.ramvectors)
 .ramvectors    0x1fff8000       0xc0 .\CortexM3\ARM_GCC_541\Debug\Cm3Start.o
                0x1fff8000                CyRamVectors

.noinit         0x1fff80c0        0x1
 *(.noinit)
 .noinit        0x1fff80c0        0x1 .\CortexM3\ARM_GCC_541\Debug\Erika_LED_Glower.a(CyLib.o)
                0x1fff80c0                CyResetStatus

.data           0x1fff80c8      0x188 load address 0x000017d0
                0x1fff80c8                __cy_region_start_data = .
 *(.jcr)
 .jcr           0x1fff80c8        0x0 c:/program files (x86)/cypress/psoc creator/4.4/psoc creator/import/gnu/arm/5.4.1/bin/../lib/gcc/arm-none-eabi/5.4.1/armv7-m/crtbegin.o
 .jcr           0x1fff80c8        0x4 c:/program files (x86)/cypress/psoc creator/4.4/psoc creator/import/gnu/arm/5.4.1/bin/../lib/gcc/arm-none-eabi/5.4.1/armv7-m/crtend.o
 *(.got.plt)
 *(.got)
 *(.shdata)
 *(.data .data.* .gnu.linkonce.d.*)
 .data          0x1fff80cc      0x108 .\CortexM3\ARM_GCC_541\Debug\Erika_LED_Glower.a(ErikaOS_1_eecfg.o)
                0x1fff80cc                EE_ALARM_NAME
                0x1fff80d4                EE_counter_RAM
                0x1fff80dc                EE_th_terminate_nextask
                0x1fff80ec                EE_rq_pairs_next
                0x1fff80fc                EE_rq_link
                0x1fff810c                EE_th_rnact
                0x1fff811c                EE_rq_queues_tail
                0x1fff815c                EE_rq_queues_head
                0x1fff819c                EE_stkfirst
                0x1fff81a0                EE_th_next
                0x1fff81b0                EE_th_status
                0x1fff81c0                EE_TASK_NAME
                0x1fff81d0                EE_cortex_mx_IRQ_tos
 .data          0x1fff81d4       0x10 .\CortexM3\ARM_GCC_541\Debug\Erika_LED_Glower.a(CyLib.o)
                0x1fff81d4                cydelay_32k_ms
                0x1fff81d8                cydelay_freq_khz
                0x1fff81dc                cydelay_freq_mhz
                0x1fff81e0                cydelay_freq_hz
 .data          0x1fff81e4        0x4 .\CortexM3\ARM_GCC_541\Debug\Erika_LED_Glower.a(ErikaOS_1_ee_gnu_irq_stack.o)
 .data.impure_data
                0x1fff81e8       0x60 c:/program files (x86)/cypress/psoc creator/4.4/psoc creator/import/gnu/arm/5.4.1/bin/../lib/gcc/arm-none-eabi/5.4.1/../../../../arm-none-eabi/lib/armv7-m\libg_nano.a(lib_a-impure.o)
 .data._impure_ptr
                0x1fff8248        0x4 c:/program files (x86)/cypress/psoc creator/4.4/psoc creator/import/gnu/arm/5.4.1/bin/../lib/gcc/arm-none-eabi/5.4.1/../../../../arm-none-eabi/lib/armv7-m\libg_nano.a(lib_a-impure.o)
                0x1fff8248                _impure_ptr
                0x1fff8250                . = ALIGN (0x8)
 *fill*         0x1fff824c        0x4 
 *(.ram)
                0x1fff8250                _edata = .

.igot.plt       0x1fff8250        0x0 load address 0x00001958
 .igot.plt      0x1fff8250        0x0 c:/program files (x86)/cypress/psoc creator/4.4/psoc creator/import/gnu/arm/5.4.1/bin/../lib/gcc/arm-none-eabi/5.4.1/armv7-m/crtbegin.o

.bss            0x1fff8250      0x2c0 load address 0x00001958
                0x1fff8250                PROVIDE (__bss_start__, .)
 *(.shbss)
 *(.bss .bss.* .gnu.linkonce.b.*)
 .bss           0x1fff8250       0x1c c:/program files (x86)/cypress/psoc creator/4.4/psoc creator/import/gnu/arm/5.4.1/bin/../lib/gcc/arm-none-eabi/5.4.1/armv7-m/crtbegin.o
 .bss           0x1fff826c        0x2 .\CortexM3\ARM_GCC_541\Debug\glower.o
 *fill*         0x1fff826e        0x2 
 .bss           0x1fff8270       0x44 .\CortexM3\ARM_GCC_541\Debug\Erika_LED_Glower.a(ErikaOS_1_eecfg.o)
                0x1fff8270                EE_th_waswaiting
                0x1fff8280                EE_th_event_waitmask
                0x1fff8290                EE_th_event_active
                0x1fff82a0                EE_rq_free
                0x1fff82a4                EE_rq_bitmask
                0x1fff82a8                EE_sys_ceiling
                0x1fff82ac                EE_EVENT_NAME
                0x1fff82ac                EE_cortex_mx_active_tos
                0x1fff82b0                EE_cortex_mx_system_tos
 .bss           0x1fff82b4        0x1 .\CortexM3\ARM_GCC_541\Debug\Erika_LED_Glower.a(PWM1.o)
                0x1fff82b4                PWM1_initVar
 .bss           0x1fff82b5        0x1 .\CortexM3\ARM_GCC_541\Debug\Erika_LED_Glower.a(PWM2.o)
                0x1fff82b5                PWM2_initVar
 .bss           0x1fff82b6        0x1 .\CortexM3\ARM_GCC_541\Debug\Erika_LED_Glower.a(PWM3.o)
                0x1fff82b6                PWM3_initVar
 *(COMMON)
 *fill*         0x1fff82b7        0x1 
 COMMON         0x1fff82b8        0x8 .\CortexM3\ARM_GCC_541\Debug\Erika_LED_Glower.a(ErikaOS_1_ee_lookup.o)
                0x1fff82b8                EE_oo_IRQ_disable_count
                0x1fff82bc                EE_oo_IRQ_suspend_status
 COMMON         0x1fff82c0        0x4 .\CortexM3\ARM_GCC_541\Debug\Erika_LED_Glower.a(ErikaOS_1_ee_startos.o)
                0x1fff82c0                EE_oo_started
 COMMON         0x1fff82c4        0x8 .\CortexM3\ARM_GCC_541\Debug\Erika_LED_Glower.a(ErikaOS_1_common_ee_hal_structs.o)
                0x1fff82c4                EE_IRQ_nesting_level
                0x1fff82c8                EE_std_endcycle_next_tid
 COMMON         0x1fff82cc      0x244 .\CortexM3\ARM_GCC_541\Debug\Erika_LED_Glower.a(ErikaOS_1_eecfg.o)
                0x1fff82cc                EE_rq_pairs_tid
                0x1fff82dc                EE_terminate_data
                0x1fff82ec                EE_oo_counter_object_RAM
                0x1fff830c                EE_ApplicationMode
                0x1fff8310                EE_cortex_mx_stack_9
                0x1fff8510                . = ALIGN (0x8)
 *(.ram.b)
                0x1fff8510                _end = .
                0x1fff8510                __end = .
                0x1fff8510                PROVIDE (end, .)
                0x1fff8510                PROVIDE (__bss_end__, .)
                0x000017d0                __cy_region_init_ram = LOADADDR (.data)
                0x00000188                __cy_region_init_size_ram = (_edata - ADDR (.data))
                0x000002c0                __cy_region_zero_size_ram = (_end - _edata)

.heap           0x1fff8510       0x80 load address 0x00001958
                0x1fff8510                . = _end
                0x1fff8590                . = (. + 0x80)
 *fill*         0x1fff8510       0x80 
                0x1fff8590                __cy_heap_limit = .

.stack          0x20007800      0x800
                0x20007800                __cy_stack_limit = .
                0x20008000                . = (. + 0x800)
 *fill*         0x20007800      0x800 
                0x00000001                ASSERT ((__cy_stack_limit >= __cy_heap_limit), region RAM overflowed with stack)
                0x00000000                cy_checksum_exclude_size = (CY_APPL_LOADABLE == 0x1)?SIZEOF (.cy_checksum_exclude):0x0
                0x00000001                ASSERT ((cy_checksum_exclude_size <= CY_CHECKSUM_EXCLUDE_SIZE), CY_BOOT: Section .cy_checksum_exclude size exceedes specified limit.)

.cyloadermeta
 *(.cyloadermeta)

.cyloadablemeta
 *(.cyloadablemeta)

.cyconfigecc    0x80000000      0x1e8
 *(.cyconfigecc)
 .cyconfigecc   0x80000000      0x1e8 .\CortexM3\ARM_GCC_541\Debug\cymetadata.o
                0x80000000                cy_meta_configecc

.cycustnvl      0x90000000        0x4
 *(.cycustnvl)
 .cycustnvl     0x90000000        0x4 .\CortexM3\ARM_GCC_541\Debug\cymetadata.o
                0x90000000                cy_meta_custnvl

.cywolatch      0x90100000        0x4
 *(.cywolatch)
 .cywolatch     0x90100000        0x4 .\CortexM3\ARM_GCC_541\Debug\cymetadata.o
                0x90100000                cy_meta_wonvl

.cyeeprom       0x90200000        0x0
 *(.cyeeprom)
                0x00000001                ASSERT ((. <= ((0x90200000 + ee_offset) + ee_size)), .cyeeprom data will not fit in EEPROM)

.cyflashprotect
                0x90400000      0x100
 *(.cyflashprotect)
 .cyflashprotect
                0x90400000      0x100 .\CortexM3\ARM_GCC_541\Debug\cymetadata.o
                0x90400000                cy_meta_flashprotect

.cymeta         0x90500000        0xc
 *(.cymeta)
 .cymeta        0x90500000        0xc .\CortexM3\ARM_GCC_541\Debug\cymetadata.o
                0x90500000                cy_metadata

.rel.dyn        0x00001958        0x0 load address 0x9050000c
 .rel.iplt      0x00001958        0x0 c:/program files (x86)/cypress/psoc creator/4.4/psoc creator/import/gnu/arm/5.4.1/bin/../lib/gcc/arm-none-eabi/5.4.1/armv7-m/crtbegin.o

.stab
 *(.stab)

.stabstr
 *(.stabstr)

.debug
 *(.debug)

.line
 *(.line)

.debug_srcinfo
 *(.debug_srcinfo)

.debug_sfnames
 *(.debug_sfnames)

.debug_aranges  0x00000000      0xb50
 *(.debug_aranges)
 .debug_aranges
                0x00000000       0x50 .\CortexM3\ARM_GCC_541\Debug\main.o
 .debug_aranges
                0x00000050       0x20 .\CortexM3\ARM_GCC_541\Debug\glower.o
 .debug_aranges
                0x00000070       0x30 .\CortexM3\ARM_GCC_541\Debug\fader.o
 .debug_aranges
                0x000000a0       0x58 .\CortexM3\ARM_GCC_541\Debug\cyfitter_cfg.o
 .debug_aranges
                0x000000f8       0x18 .\CortexM3\ARM_GCC_541\Debug\cymetadata.o
 .debug_aranges
                0x00000110       0x48 .\CortexM3\ARM_GCC_541\Debug\Cm3Start.o
 .debug_aranges
                0x00000158       0x20 .\CortexM3\ARM_GCC_541\Debug\Erika_LED_Glower.a(ErikaOS_1_ee_activate.o)
 .debug_aranges
                0x00000178       0x20 .\CortexM3\ARM_GCC_541\Debug\Erika_LED_Glower.a(ErikaOS_1_ee_alcancel.o)
 .debug_aranges
                0x00000198       0x20 .\CortexM3\ARM_GCC_541\Debug\Erika_LED_Glower.a(ErikaOS_1_ee_alsetrel.o)
 .debug_aranges
                0x000001b8       0x58 .\CortexM3\ARM_GCC_541\Debug\Erika_LED_Glower.a(ErikaOS_1_ee_altick.o)
 .debug_aranges
                0x00000210       0x30 .\CortexM3\ARM_GCC_541\Debug\Erika_LED_Glower.a(ErikaOS_1_ee_irqendin.o)
 .debug_aranges
                0x00000240       0x18 .\CortexM3\ARM_GCC_541\Debug\Erika_LED_Glower.a(ErikaOS_1_ee_lookup.o)
 .debug_aranges
                0x00000258       0x20 .\CortexM3\ARM_GCC_541\Debug\Erika_LED_Glower.a(ErikaOS_1_ee_rq_exchg.o)
 .debug_aranges
                0x00000278       0x20 .\CortexM3\ARM_GCC_541\Debug\Erika_LED_Glower.a(ErikaOS_1_ee_rq_first.o)
 .debug_aranges
                0x00000298       0x20 .\CortexM3\ARM_GCC_541\Debug\Erika_LED_Glower.a(ErikaOS_1_ee_rq_inser.o)
 .debug_aranges
                0x000002b8       0x40 .\CortexM3\ARM_GCC_541\Debug\Erika_LED_Glower.a(ErikaOS_1_ee_startos.o)
 .debug_aranges
                0x000002f8       0x20 .\CortexM3\ARM_GCC_541\Debug\Erika_LED_Glower.a(ErikaOS_1_ee_terminat.o)
 .debug_aranges
                0x00000318       0x20 .\CortexM3\ARM_GCC_541\Debug\Erika_LED_Glower.a(ErikaOS_1_cortex_mx_ee_utils.o)
 .debug_aranges
                0x00000338       0x18 .\CortexM3\ARM_GCC_541\Debug\Erika_LED_Glower.a(ErikaOS_1_common_ee_hal_structs.o)
 .debug_aranges
                0x00000350       0x18 .\CortexM3\ARM_GCC_541\Debug\Erika_LED_Glower.a(ErikaOS_1_eecfg.o)
 .debug_aranges
                0x00000368       0x38 .\CortexM3\ARM_GCC_541\Debug\Erika_LED_Glower.a(RGB_Red.o)
 .debug_aranges
                0x000003a0       0x38 .\CortexM3\ARM_GCC_541\Debug\Erika_LED_Glower.a(RGB_Green.o)
 .debug_aranges
                0x000003d8       0x38 .\CortexM3\ARM_GCC_541\Debug\Erika_LED_Glower.a(RGB_Blue.o)
 .debug_aranges
                0x00000410      0x2a0 .\CortexM3\ARM_GCC_541\Debug\Erika_LED_Glower.a(CyLib.o)
 .debug_aranges
                0x000006b0       0x98 .\CortexM3\ARM_GCC_541\Debug\Erika_LED_Glower.a(cyPm.o)
 .debug_aranges
                0x00000748       0x98 .\CortexM3\ARM_GCC_541\Debug\Erika_LED_Glower.a(PWM1.o)
 .debug_aranges
                0x000007e0       0x98 .\CortexM3\ARM_GCC_541\Debug\Erika_LED_Glower.a(PWM2.o)
 .debug_aranges
                0x00000878       0x98 .\CortexM3\ARM_GCC_541\Debug\Erika_LED_Glower.a(PWM3.o)
 .debug_aranges
                0x00000910       0x20 .\CortexM3\ARM_GCC_541\Debug\Erika_LED_Glower.a(ErikaOS_1_ee_gnu_change_context_isr.o)
 .debug_aranges
                0x00000930       0x20 .\CortexM3\ARM_GCC_541\Debug\Erika_LED_Glower.a(ErikaOS_1_ee_gnu_irq_stack.o)
 .debug_aranges
                0x00000950       0x20 .\CortexM3\ARM_GCC_541\Debug\Erika_LED_Glower.a(ErikaOS_1_ee_gnu_multi_context.o)
 .debug_aranges
                0x00000970       0x20 .\CortexM3\ARM_GCC_541\Debug\Erika_LED_Glower.a(ErikaOS_1_ee_gnu_oo.o)
 .debug_aranges
                0x00000990       0x20 .\CortexM3\ARM_GCC_541\Debug\Erika_LED_Glower.a(CyBootAsmGnu.o)
 .debug_aranges
                0x000009b0       0x20 .\CortexM3\ARM_GCC_541\Debug\Erika_LED_Glower.a(ErikaOS_1_ee_tnterm.o)
 .debug_aranges
                0x000009d0       0x20 .\CortexM3\ARM_GCC_541\Debug\Erika_LED_Glower.a(ErikaOS_1_ee_tstub.o)
 .debug_aranges
                0x000009f0       0x28 .\CortexM3\ARM_GCC_541\Debug\Erika_LED_Glower.a(ErikaOS_1_cortex_mx_ee_context.o)
 .debug_aranges
                0x00000a18       0x88 .\CortexM3\ARM_GCC_541\Debug\Erika_LED_Glower.a(CyFlash.o)
 .debug_aranges
                0x00000aa0       0x80 .\CortexM3\ARM_GCC_541\Debug\Erika_LED_Glower.a(CySpc.o)
 .debug_aranges
                0x00000b20       0x30 .\CortexM3\ARM_GCC_541\Debug\Erika_LED_Glower.a(ErikaOS_1_ee_thendin.o)

.debug_pubnames
 *(.debug_pubnames)

.debug_info     0x00000000     0xd13d
 *(.debug_info .gnu.linkonce.wi.*)
 .debug_info    0x00000000      0x552 .\CortexM3\ARM_GCC_541\Debug\main.o
 .debug_info    0x00000552      0x263 .\CortexM3\ARM_GCC_541\Debug\glower.o
 .debug_info    0x000007b5      0x3da .\CortexM3\ARM_GCC_541\Debug\fader.o
 .debug_info    0x00000b8f      0x4c9 .\CortexM3\ARM_GCC_541\Debug\cyfitter_cfg.o
 .debug_info    0x00001058      0x135 .\CortexM3\ARM_GCC_541\Debug\cymetadata.o
 .debug_info    0x0000118d      0x3bb .\CortexM3\ARM_GCC_541\Debug\Cm3Start.o
 .debug_info    0x00001548      0x80d .\CortexM3\ARM_GCC_541\Debug\Erika_LED_Glower.a(ErikaOS_1_ee_activate.o)
 .debug_info    0x00001d55      0x5bd .\CortexM3\ARM_GCC_541\Debug\Erika_LED_Glower.a(ErikaOS_1_ee_alcancel.o)
 .debug_info    0x00002312      0x5e5 .\CortexM3\ARM_GCC_541\Debug\Erika_LED_Glower.a(ErikaOS_1_ee_alsetrel.o)
 .debug_info    0x000028f7      0xc3b .\CortexM3\ARM_GCC_541\Debug\Erika_LED_Glower.a(ErikaOS_1_ee_altick.o)
 .debug_info    0x00003532      0x5cb .\CortexM3\ARM_GCC_541\Debug\Erika_LED_Glower.a(ErikaOS_1_ee_irqendin.o)
 .debug_info    0x00003afd      0x3d0 .\CortexM3\ARM_GCC_541\Debug\Erika_LED_Glower.a(ErikaOS_1_ee_lookup.o)
 .debug_info    0x00003ecd      0x46f .\CortexM3\ARM_GCC_541\Debug\Erika_LED_Glower.a(ErikaOS_1_ee_rq_exchg.o)
 .debug_info    0x0000433c      0x421 .\CortexM3\ARM_GCC_541\Debug\Erika_LED_Glower.a(ErikaOS_1_ee_rq_first.o)
 .debug_info    0x0000475d      0x475 .\CortexM3\ARM_GCC_541\Debug\Erika_LED_Glower.a(ErikaOS_1_ee_rq_inser.o)
 .debug_info    0x00004bd2     0x2040 .\CortexM3\ARM_GCC_541\Debug\Erika_LED_Glower.a(ErikaOS_1_ee_startos.o)
 .debug_info    0x00006c12      0x589 .\CortexM3\ARM_GCC_541\Debug\Erika_LED_Glower.a(ErikaOS_1_ee_terminat.o)
 .debug_info    0x0000719b      0x4cc .\CortexM3\ARM_GCC_541\Debug\Erika_LED_Glower.a(ErikaOS_1_cortex_mx_ee_utils.o)
 .debug_info    0x00007667      0x3cb .\CortexM3\ARM_GCC_541\Debug\Erika_LED_Glower.a(ErikaOS_1_common_ee_hal_structs.o)
 .debug_info    0x00007a32      0x893 .\CortexM3\ARM_GCC_541\Debug\Erika_LED_Glower.a(ErikaOS_1_eecfg.o)
 .debug_info    0x000082c5      0x11f .\CortexM3\ARM_GCC_541\Debug\Erika_LED_Glower.a(RGB_Red.o)
 .debug_info    0x000083e4      0x11f .\CortexM3\ARM_GCC_541\Debug\Erika_LED_Glower.a(RGB_Green.o)
 .debug_info    0x00008503      0x11f .\CortexM3\ARM_GCC_541\Debug\Erika_LED_Glower.a(RGB_Blue.o)
 .debug_info    0x00008622     0x1374 .\CortexM3\ARM_GCC_541\Debug\Erika_LED_Glower.a(CyLib.o)
 .debug_info    0x00009996      0xa2a .\CortexM3\ARM_GCC_541\Debug\Erika_LED_Glower.a(cyPm.o)
 .debug_info    0x0000a3c0      0x334 .\CortexM3\ARM_GCC_541\Debug\Erika_LED_Glower.a(PWM1.o)
 .debug_info    0x0000a6f4      0x334 .\CortexM3\ARM_GCC_541\Debug\Erika_LED_Glower.a(PWM2.o)
 .debug_info    0x0000aa28      0x334 .\CortexM3\ARM_GCC_541\Debug\Erika_LED_Glower.a(PWM3.o)
 .debug_info    0x0000ad5c       0xbf .\CortexM3\ARM_GCC_541\Debug\Erika_LED_Glower.a(ErikaOS_1_ee_gnu_change_context_isr.o)
 .debug_info    0x0000ae1b       0xb6 .\CortexM3\ARM_GCC_541\Debug\Erika_LED_Glower.a(ErikaOS_1_ee_gnu_irq_stack.o)
 .debug_info    0x0000aed1       0xba .\CortexM3\ARM_GCC_541\Debug\Erika_LED_Glower.a(ErikaOS_1_ee_gnu_multi_context.o)
 .debug_info    0x0000af8b       0xaf .\CortexM3\ARM_GCC_541\Debug\Erika_LED_Glower.a(ErikaOS_1_ee_gnu_oo.o)
 .debug_info    0x0000b03a       0xa8 .\CortexM3\ARM_GCC_541\Debug\Erika_LED_Glower.a(CyBootAsmGnu.o)
 .debug_info    0x0000b0e2      0x43d .\CortexM3\ARM_GCC_541\Debug\Erika_LED_Glower.a(ErikaOS_1_ee_tnterm.o)
 .debug_info    0x0000b51f      0x487 .\CortexM3\ARM_GCC_541\Debug\Erika_LED_Glower.a(ErikaOS_1_ee_tstub.o)
 .debug_info    0x0000b9a6      0x501 .\CortexM3\ARM_GCC_541\Debug\Erika_LED_Glower.a(ErikaOS_1_cortex_mx_ee_context.o)
 .debug_info    0x0000bea7      0x64d .\CortexM3\ARM_GCC_541\Debug\Erika_LED_Glower.a(CyFlash.o)
 .debug_info    0x0000c4f4      0x550 .\CortexM3\ARM_GCC_541\Debug\Erika_LED_Glower.a(CySpc.o)
 .debug_info    0x0000ca44      0x6f9 .\CortexM3\ARM_GCC_541\Debug\Erika_LED_Glower.a(ErikaOS_1_ee_thendin.o)

.debug_abbrev   0x00000000     0x3523
 *(.debug_abbrev)
 .debug_abbrev  0x00000000      0x1e8 .\CortexM3\ARM_GCC_541\Debug\main.o
 .debug_abbrev  0x000001e8      0x12b .\CortexM3\ARM_GCC_541\Debug\glower.o
 .debug_abbrev  0x00000313      0x125 .\CortexM3\ARM_GCC_541\Debug\fader.o
 .debug_abbrev  0x00000438      0x1fe .\CortexM3\ARM_GCC_541\Debug\cyfitter_cfg.o
 .debug_abbrev  0x00000636       0x66 .\CortexM3\ARM_GCC_541\Debug\cymetadata.o
 .debug_abbrev  0x0000069c      0x1e8 .\CortexM3\ARM_GCC_541\Debug\Cm3Start.o
 .debug_abbrev  0x00000884      0x284 .\CortexM3\ARM_GCC_541\Debug\Erika_LED_Glower.a(ErikaOS_1_ee_activate.o)
 .debug_abbrev  0x00000b08      0x1f8 .\CortexM3\ARM_GCC_541\Debug\Erika_LED_Glower.a(ErikaOS_1_ee_alcancel.o)
 .debug_abbrev  0x00000d00      0x1f7 .\CortexM3\ARM_GCC_541\Debug\Erika_LED_Glower.a(ErikaOS_1_ee_alsetrel.o)
 .debug_abbrev  0x00000ef7      0x362 .\CortexM3\ARM_GCC_541\Debug\Erika_LED_Glower.a(ErikaOS_1_ee_altick.o)
 .debug_abbrev  0x00001259      0x1da .\CortexM3\ARM_GCC_541\Debug\Erika_LED_Glower.a(ErikaOS_1_ee_irqendin.o)
 .debug_abbrev  0x00001433       0xcf .\CortexM3\ARM_GCC_541\Debug\Erika_LED_Glower.a(ErikaOS_1_ee_lookup.o)
 .debug_abbrev  0x00001502       0xfc .\CortexM3\ARM_GCC_541\Debug\Erika_LED_Glower.a(ErikaOS_1_ee_rq_exchg.o)
 .debug_abbrev  0x000015fe       0xed .\CortexM3\ARM_GCC_541\Debug\Erika_LED_Glower.a(ErikaOS_1_ee_rq_first.o)
 .debug_abbrev  0x000016eb      0x109 .\CortexM3\ARM_GCC_541\Debug\Erika_LED_Glower.a(ErikaOS_1_ee_rq_inser.o)
 .debug_abbrev  0x000017f4      0x4a7 .\CortexM3\ARM_GCC_541\Debug\Erika_LED_Glower.a(ErikaOS_1_ee_startos.o)
 .debug_abbrev  0x00001c9b      0x1de .\CortexM3\ARM_GCC_541\Debug\Erika_LED_Glower.a(ErikaOS_1_ee_terminat.o)
 .debug_abbrev  0x00001e79      0x1ad .\CortexM3\ARM_GCC_541\Debug\Erika_LED_Glower.a(ErikaOS_1_cortex_mx_ee_utils.o)
 .debug_abbrev  0x00002026       0xcf .\CortexM3\ARM_GCC_541\Debug\Erika_LED_Glower.a(ErikaOS_1_common_ee_hal_structs.o)
 .debug_abbrev  0x000020f5      0x12e .\CortexM3\ARM_GCC_541\Debug\Erika_LED_Glower.a(ErikaOS_1_eecfg.o)
 .debug_abbrev  0x00002223       0x90 .\CortexM3\ARM_GCC_541\Debug\Erika_LED_Glower.a(RGB_Red.o)
 .debug_abbrev  0x000022b3       0x90 .\CortexM3\ARM_GCC_541\Debug\Erika_LED_Glower.a(RGB_Green.o)
 .debug_abbrev  0x00002343       0x90 .\CortexM3\ARM_GCC_541\Debug\Erika_LED_Glower.a(RGB_Blue.o)
 .debug_abbrev  0x000023d3      0x254 .\CortexM3\ARM_GCC_541\Debug\Erika_LED_Glower.a(CyLib.o)
 .debug_abbrev  0x00002627      0x1ab .\CortexM3\ARM_GCC_541\Debug\Erika_LED_Glower.a(cyPm.o)
 .debug_abbrev  0x000027d2      0x133 .\CortexM3\ARM_GCC_541\Debug\Erika_LED_Glower.a(PWM1.o)
 .debug_abbrev  0x00002905      0x133 .\CortexM3\ARM_GCC_541\Debug\Erika_LED_Glower.a(PWM2.o)
 .debug_abbrev  0x00002a38      0x133 .\CortexM3\ARM_GCC_541\Debug\Erika_LED_Glower.a(PWM3.o)
 .debug_abbrev  0x00002b6b       0x14 .\CortexM3\ARM_GCC_541\Debug\Erika_LED_Glower.a(ErikaOS_1_ee_gnu_change_context_isr.o)
 .debug_abbrev  0x00002b7f       0x14 .\CortexM3\ARM_GCC_541\Debug\Erika_LED_Glower.a(ErikaOS_1_ee_gnu_irq_stack.o)
 .debug_abbrev  0x00002b93       0x14 .\CortexM3\ARM_GCC_541\Debug\Erika_LED_Glower.a(ErikaOS_1_ee_gnu_multi_context.o)
 .debug_abbrev  0x00002ba7       0x14 .\CortexM3\ARM_GCC_541\Debug\Erika_LED_Glower.a(ErikaOS_1_ee_gnu_oo.o)
 .debug_abbrev  0x00002bbb       0x14 .\CortexM3\ARM_GCC_541\Debug\Erika_LED_Glower.a(CyBootAsmGnu.o)
 .debug_abbrev  0x00002bcf      0x157 .\CortexM3\ARM_GCC_541\Debug\Erika_LED_Glower.a(ErikaOS_1_ee_tnterm.o)
 .debug_abbrev  0x00002d26      0x143 .\CortexM3\ARM_GCC_541\Debug\Erika_LED_Glower.a(ErikaOS_1_ee_tstub.o)
 .debug_abbrev  0x00002e69      0x156 .\CortexM3\ARM_GCC_541\Debug\Erika_LED_Glower.a(ErikaOS_1_cortex_mx_ee_context.o)
 .debug_abbrev  0x00002fbf      0x1a7 .\CortexM3\ARM_GCC_541\Debug\Erika_LED_Glower.a(CyFlash.o)
 .debug_abbrev  0x00003166      0x194 .\CortexM3\ARM_GCC_541\Debug\Erika_LED_Glower.a(CySpc.o)
 .debug_abbrev  0x000032fa      0x229 .\CortexM3\ARM_GCC_541\Debug\Erika_LED_Glower.a(ErikaOS_1_ee_thendin.o)

.debug_line     0x00000000     0x46ef
 *(.debug_line)
 .debug_line    0x00000000      0x41d .\CortexM3\ARM_GCC_541\Debug\main.o
 .debug_line    0x0000041d      0x289 .\CortexM3\ARM_GCC_541\Debug\glower.o
 .debug_line    0x000006a6      0x2e9 .\CortexM3\ARM_GCC_541\Debug\fader.o
 .debug_line    0x0000098f      0x1d7 .\CortexM3\ARM_GCC_541\Debug\cyfitter_cfg.o
 .debug_line    0x00000b66      0x141 .\CortexM3\ARM_GCC_541\Debug\cymetadata.o
 .debug_line    0x00000ca7      0x234 .\CortexM3\ARM_GCC_541\Debug\Cm3Start.o
 .debug_line    0x00000edb      0x1fa .\CortexM3\ARM_GCC_541\Debug\Erika_LED_Glower.a(ErikaOS_1_ee_activate.o)
 .debug_line    0x000010d5      0x1d3 .\CortexM3\ARM_GCC_541\Debug\Erika_LED_Glower.a(ErikaOS_1_ee_alcancel.o)
 .debug_line    0x000012a8      0x1d1 .\CortexM3\ARM_GCC_541\Debug\Erika_LED_Glower.a(ErikaOS_1_ee_alsetrel.o)
 .debug_line    0x00001479      0x305 .\CortexM3\ARM_GCC_541\Debug\Erika_LED_Glower.a(ErikaOS_1_ee_altick.o)
 .debug_line    0x0000177e      0x1a0 .\CortexM3\ARM_GCC_541\Debug\Erika_LED_Glower.a(ErikaOS_1_ee_irqendin.o)
 .debug_line    0x0000191e      0x119 .\CortexM3\ARM_GCC_541\Debug\Erika_LED_Glower.a(ErikaOS_1_ee_lookup.o)
 .debug_line    0x00001a37      0x15b .\CortexM3\ARM_GCC_541\Debug\Erika_LED_Glower.a(ErikaOS_1_ee_rq_exchg.o)
 .debug_line    0x00001b92      0x152 .\CortexM3\ARM_GCC_541\Debug\Erika_LED_Glower.a(ErikaOS_1_ee_rq_first.o)
 .debug_line    0x00001ce4      0x156 .\CortexM3\ARM_GCC_541\Debug\Erika_LED_Glower.a(ErikaOS_1_ee_rq_inser.o)
 .debug_line    0x00001e3a      0x3fa .\CortexM3\ARM_GCC_541\Debug\Erika_LED_Glower.a(ErikaOS_1_ee_startos.o)
 .debug_line    0x00002234      0x1c0 .\CortexM3\ARM_GCC_541\Debug\Erika_LED_Glower.a(ErikaOS_1_ee_terminat.o)
 .debug_line    0x000023f4      0x166 .\CortexM3\ARM_GCC_541\Debug\Erika_LED_Glower.a(ErikaOS_1_cortex_mx_ee_utils.o)
 .debug_line    0x0000255a       0xf9 .\CortexM3\ARM_GCC_541\Debug\Erika_LED_Glower.a(ErikaOS_1_common_ee_hal_structs.o)
 .debug_line    0x00002653      0x13c .\CortexM3\ARM_GCC_541\Debug\Erika_LED_Glower.a(ErikaOS_1_eecfg.o)
 .debug_line    0x0000278f       0x94 .\CortexM3\ARM_GCC_541\Debug\Erika_LED_Glower.a(RGB_Red.o)
 .debug_line    0x00002823       0x96 .\CortexM3\ARM_GCC_541\Debug\Erika_LED_Glower.a(RGB_Green.o)
 .debug_line    0x000028b9       0x95 .\CortexM3\ARM_GCC_541\Debug\Erika_LED_Glower.a(RGB_Blue.o)
 .debug_line    0x0000294e      0x816 .\CortexM3\ARM_GCC_541\Debug\Erika_LED_Glower.a(CyLib.o)
 .debug_line    0x00003164      0x367 .\CortexM3\ARM_GCC_541\Debug\Erika_LED_Glower.a(cyPm.o)
 .debug_line    0x000034cb      0x184 .\CortexM3\ARM_GCC_541\Debug\Erika_LED_Glower.a(PWM1.o)
 .debug_line    0x0000364f      0x184 .\CortexM3\ARM_GCC_541\Debug\Erika_LED_Glower.a(PWM2.o)
 .debug_line    0x000037d3      0x184 .\CortexM3\ARM_GCC_541\Debug\Erika_LED_Glower.a(PWM3.o)
 .debug_line    0x00003957       0xae .\CortexM3\ARM_GCC_541\Debug\Erika_LED_Glower.a(ErikaOS_1_ee_gnu_change_context_isr.o)
 .debug_line    0x00003a05       0x74 .\CortexM3\ARM_GCC_541\Debug\Erika_LED_Glower.a(ErikaOS_1_ee_gnu_irq_stack.o)
 .debug_line    0x00003a79       0x9d .\CortexM3\ARM_GCC_541\Debug\Erika_LED_Glower.a(ErikaOS_1_ee_gnu_multi_context.o)
 .debug_line    0x00003b16       0x99 .\CortexM3\ARM_GCC_541\Debug\Erika_LED_Glower.a(ErikaOS_1_ee_gnu_oo.o)
 .debug_line    0x00003baf       0x66 .\CortexM3\ARM_GCC_541\Debug\Erika_LED_Glower.a(CyBootAsmGnu.o)
 .debug_line    0x00003c15      0x17b .\CortexM3\ARM_GCC_541\Debug\Erika_LED_Glower.a(ErikaOS_1_ee_tnterm.o)
 .debug_line    0x00003d90      0x172 .\CortexM3\ARM_GCC_541\Debug\Erika_LED_Glower.a(ErikaOS_1_ee_tstub.o)
 .debug_line    0x00003f02      0x1ac .\CortexM3\ARM_GCC_541\Debug\Erika_LED_Glower.a(ErikaOS_1_cortex_mx_ee_context.o)
 .debug_line    0x000040ae      0x21a .\CortexM3\ARM_GCC_541\Debug\Erika_LED_Glower.a(CyFlash.o)
 .debug_line    0x000042c8      0x260 .\CortexM3\ARM_GCC_541\Debug\Erika_LED_Glower.a(CySpc.o)
 .debug_line    0x00004528      0x1c7 .\CortexM3\ARM_GCC_541\Debug\Erika_LED_Glower.a(ErikaOS_1_ee_thendin.o)

.debug_frame    0x00000000     0x18f8
 *(.debug_frame)
 .debug_frame   0x00000000       0xdc .\CortexM3\ARM_GCC_541\Debug\main.o
 .debug_frame   0x000000dc       0x30 .\CortexM3\ARM_GCC_541\Debug\glower.o
 .debug_frame   0x0000010c       0x5c .\CortexM3\ARM_GCC_541\Debug\fader.o
 .debug_frame   0x00000168       0xe4 .\CortexM3\ARM_GCC_541\Debug\cyfitter_cfg.o
 .debug_frame   0x0000024c       0xb8 .\CortexM3\ARM_GCC_541\Debug\Cm3Start.o
 .debug_frame   0x00000304       0x30 .\CortexM3\ARM_GCC_541\Debug\Erika_LED_Glower.a(ErikaOS_1_ee_activate.o)
 .debug_frame   0x00000334       0x38 .\CortexM3\ARM_GCC_541\Debug\Erika_LED_Glower.a(ErikaOS_1_ee_alcancel.o)
 .debug_frame   0x0000036c       0x38 .\CortexM3\ARM_GCC_541\Debug\Erika_LED_Glower.a(ErikaOS_1_ee_alsetrel.o)
 .debug_frame   0x000003a4      0x10c .\CortexM3\ARM_GCC_541\Debug\Erika_LED_Glower.a(ErikaOS_1_ee_altick.o)
 .debug_frame   0x000004b0       0x58 .\CortexM3\ARM_GCC_541\Debug\Erika_LED_Glower.a(ErikaOS_1_ee_irqendin.o)
 .debug_frame   0x00000508       0x3c .\CortexM3\ARM_GCC_541\Debug\Erika_LED_Glower.a(ErikaOS_1_ee_rq_exchg.o)
 .debug_frame   0x00000544       0x20 .\CortexM3\ARM_GCC_541\Debug\Erika_LED_Glower.a(ErikaOS_1_ee_rq_first.o)
 .debug_frame   0x00000564       0x30 .\CortexM3\ARM_GCC_541\Debug\Erika_LED_Glower.a(ErikaOS_1_ee_rq_inser.o)
 .debug_frame   0x00000594       0x90 .\CortexM3\ARM_GCC_541\Debug\Erika_LED_Glower.a(ErikaOS_1_ee_startos.o)
 .debug_frame   0x00000624       0x2c .\CortexM3\ARM_GCC_541\Debug\Erika_LED_Glower.a(ErikaOS_1_ee_terminat.o)
 .debug_frame   0x00000650       0x2c .\CortexM3\ARM_GCC_541\Debug\Erika_LED_Glower.a(ErikaOS_1_cortex_mx_ee_utils.o)
 .debug_frame   0x0000067c       0x50 .\CortexM3\ARM_GCC_541\Debug\Erika_LED_Glower.a(RGB_Red.o)
 .debug_frame   0x000006cc       0x50 .\CortexM3\ARM_GCC_541\Debug\Erika_LED_Glower.a(RGB_Green.o)
 .debug_frame   0x0000071c       0x50 .\CortexM3\ARM_GCC_541\Debug\Erika_LED_Glower.a(RGB_Blue.o)
 .debug_frame   0x0000076c      0x738 .\CortexM3\ARM_GCC_541\Debug\Erika_LED_Glower.a(CyLib.o)
 .debug_frame   0x00000ea4      0x1f8 .\CortexM3\ARM_GCC_541\Debug\Erika_LED_Glower.a(cyPm.o)
 .debug_frame   0x0000109c      0x134 .\CortexM3\ARM_GCC_541\Debug\Erika_LED_Glower.a(PWM1.o)
 .debug_frame   0x000011d0      0x134 .\CortexM3\ARM_GCC_541\Debug\Erika_LED_Glower.a(PWM2.o)
 .debug_frame   0x00001304      0x134 .\CortexM3\ARM_GCC_541\Debug\Erika_LED_Glower.a(PWM3.o)
 .debug_frame   0x00001438       0x2c .\CortexM3\ARM_GCC_541\Debug\Erika_LED_Glower.a(ErikaOS_1_ee_tnterm.o)
 .debug_frame   0x00001464       0x2c .\CortexM3\ARM_GCC_541\Debug\Erika_LED_Glower.a(ErikaOS_1_ee_tstub.o)
 .debug_frame   0x00001490       0x3c .\CortexM3\ARM_GCC_541\Debug\Erika_LED_Glower.a(ErikaOS_1_cortex_mx_ee_context.o)
 .debug_frame   0x000014cc      0x194 .\CortexM3\ARM_GCC_541\Debug\Erika_LED_Glower.a(CyFlash.o)
 .debug_frame   0x00001660      0x180 .\CortexM3\ARM_GCC_541\Debug\Erika_LED_Glower.a(CySpc.o)
 .debug_frame   0x000017e0       0x5c .\CortexM3\ARM_GCC_541\Debug\Erika_LED_Glower.a(ErikaOS_1_ee_thendin.o)
 .debug_frame   0x0000183c       0x20 c:/program files (x86)/cypress/psoc creator/4.4/psoc creator/import/gnu/arm/5.4.1/bin/../lib/gcc/arm-none-eabi/5.4.1/../../../../arm-none-eabi/lib/armv7-m\libg_nano.a(lib_a-errno.o)
 .debug_frame   0x0000185c       0x28 c:/program files (x86)/cypress/psoc creator/4.4/psoc creator/import/gnu/arm/5.4.1/bin/../lib/gcc/arm-none-eabi/5.4.1/../../../../arm-none-eabi/lib/armv7-m\libg_nano.a(lib_a-exit.o)
 .debug_frame   0x00001884       0x2c c:/program files (x86)/cypress/psoc creator/4.4/psoc creator/import/gnu/arm/5.4.1/bin/../lib/gcc/arm-none-eabi/5.4.1/../../../../arm-none-eabi/lib/armv7-m\libg_nano.a(lib_a-init.o)
 .debug_frame   0x000018b0       0x28 c:/program files (x86)/cypress/psoc creator/4.4/psoc creator/import/gnu/arm/5.4.1/bin/../lib/gcc/arm-none-eabi/5.4.1/../../../../arm-none-eabi/lib/armv7-m\libg_nano.a(lib_a-memcpy-stub.o)
 .debug_frame   0x000018d8       0x20 c:/program files (x86)/cypress/psoc creator/4.4/psoc creator/import/gnu/arm/5.4.1/bin/../lib/gcc/arm-none-eabi/5.4.1/../../../../arm-none-eabi/lib/armv7-m\libg_nano.a(lib_a-memset.o)

.debug_str      0x00000000     0x342d
 *(.debug_str)
 .debug_str     0x00000000      0x4db .\CortexM3\ARM_GCC_541\Debug\main.o
                                0x53f (size before relaxing)
 .debug_str     0x000004db       0xbd .\CortexM3\ARM_GCC_541\Debug\glower.o
                                0x329 (size before relaxing)
 .debug_str     0x00000598      0x24c .\CortexM3\ARM_GCC_541\Debug\fader.o
                                0x4af (size before relaxing)
 .debug_str     0x000007e4      0x167 .\CortexM3\ARM_GCC_541\Debug\cyfitter_cfg.o
                                0x327 (size before relaxing)
 .debug_str     0x0000094b       0x7f .\CortexM3\ARM_GCC_541\Debug\cymetadata.o
                                0x1fc (size before relaxing)
 .debug_str     0x000009ca      0x13f .\CortexM3\ARM_GCC_541\Debug\Cm3Start.o
                                0x322 (size before relaxing)
 .debug_str     0x00000b09      0x5c8 .\CortexM3\ARM_GCC_541\Debug\Erika_LED_Glower.a(ErikaOS_1_ee_activate.o)
                                0x81f (size before relaxing)
 .debug_str     0x000010d1       0x7c .\CortexM3\ARM_GCC_541\Debug\Erika_LED_Glower.a(ErikaOS_1_ee_alcancel.o)
                                0x5f2 (size before relaxing)
 .debug_str     0x0000114d       0x88 .\CortexM3\ARM_GCC_541\Debug\Erika_LED_Glower.a(ErikaOS_1_ee_alsetrel.o)
                                0x617 (size before relaxing)
 .debug_str     0x000011d5      0x23c .\CortexM3\ARM_GCC_541\Debug\Erika_LED_Glower.a(ErikaOS_1_ee_altick.o)
                                0xa7a (size before relaxing)
 .debug_str     0x00001411       0xca .\CortexM3\ARM_GCC_541\Debug\Erika_LED_Glower.a(ErikaOS_1_ee_irqendin.o)
                                0x6d4 (size before relaxing)
 .debug_str     0x000014db       0x2d .\CortexM3\ARM_GCC_541\Debug\Erika_LED_Glower.a(ErikaOS_1_ee_lookup.o)
                                0x4a3 (size before relaxing)
 .debug_str     0x00001508       0x8c .\CortexM3\ARM_GCC_541\Debug\Erika_LED_Glower.a(ErikaOS_1_ee_rq_exchg.o)
                                0x515 (size before relaxing)
 .debug_str     0x00001594       0x2f .\CortexM3\ARM_GCC_541\Debug\Erika_LED_Glower.a(ErikaOS_1_ee_rq_first.o)
                                0x4e0 (size before relaxing)
 .debug_str     0x000015c3       0x3a .\CortexM3\ARM_GCC_541\Debug\Erika_LED_Glower.a(ErikaOS_1_ee_rq_inser.o)
                                0x51a (size before relaxing)
 .debug_str     0x000015fd      0xefb .\CortexM3\ARM_GCC_541\Debug\Erika_LED_Glower.a(ErikaOS_1_ee_startos.o)
                               0x1746 (size before relaxing)
 .debug_str     0x000024f8       0x5d .\CortexM3\ARM_GCC_541\Debug\Erika_LED_Glower.a(ErikaOS_1_ee_terminat.o)
                                0x604 (size before relaxing)
 .debug_str     0x00002555       0x73 .\CortexM3\ARM_GCC_541\Debug\Erika_LED_Glower.a(ErikaOS_1_cortex_mx_ee_utils.o)
                                0x545 (size before relaxing)
 .debug_str     0x000025c8       0x39 .\CortexM3\ARM_GCC_541\Debug\Erika_LED_Glower.a(ErikaOS_1_common_ee_hal_structs.o)
                                0x4af (size before relaxing)
 .debug_str     0x00002601      0x175 .\CortexM3\ARM_GCC_541\Debug\Erika_LED_Glower.a(ErikaOS_1_eecfg.o)
                                0x7d3 (size before relaxing)
 .debug_str     0x00002776       0x67 .\CortexM3\ARM_GCC_541\Debug\Erika_LED_Glower.a(RGB_Red.o)
                                0x204 (size before relaxing)
 .debug_str     0x000027dd       0x5f .\CortexM3\ARM_GCC_541\Debug\Erika_LED_Glower.a(RGB_Green.o)
                                0x20e (size before relaxing)
 .debug_str     0x0000283c       0x5b .\CortexM3\ARM_GCC_541\Debug\Erika_LED_Glower.a(RGB_Blue.o)
                                0x209 (size before relaxing)
 .debug_str     0x00002897      0x254 .\CortexM3\ARM_GCC_541\Debug\Erika_LED_Glower.a(CyLib.o)
                                0xa5f (size before relaxing)
 .debug_str     0x00002aeb      0x2dc .\CortexM3\ARM_GCC_541\Debug\Erika_LED_Glower.a(cyPm.o)
                                0x74b (size before relaxing)
 .debug_str     0x00002dc7      0x160 .\CortexM3\ARM_GCC_541\Debug\Erika_LED_Glower.a(PWM1.o)
                                0x356 (size before relaxing)
 .debug_str     0x00002f27      0x135 .\CortexM3\ARM_GCC_541\Debug\Erika_LED_Glower.a(PWM2.o)
                                0x356 (size before relaxing)
 .debug_str     0x0000305c      0x135 .\CortexM3\ARM_GCC_541\Debug\Erika_LED_Glower.a(PWM3.o)
                                0x356 (size before relaxing)
 .debug_str     0x00003191       0x58 .\CortexM3\ARM_GCC_541\Debug\Erika_LED_Glower.a(ErikaOS_1_ee_tnterm.o)
                                0x516 (size before relaxing)
 .debug_str     0x000031e9       0x57 .\CortexM3\ARM_GCC_541\Debug\Erika_LED_Glower.a(ErikaOS_1_ee_tstub.o)
                                0x5ed (size before relaxing)
 .debug_str     0x00003240       0x8c .\CortexM3\ARM_GCC_541\Debug\Erika_LED_Glower.a(ErikaOS_1_cortex_mx_ee_context.o)
                                0x5a4 (size before relaxing)
 .debug_str     0x000032cc       0x6c .\CortexM3\ARM_GCC_541\Debug\Erika_LED_Glower.a(CyFlash.o)
                                0x3d8 (size before relaxing)
 .debug_str     0x00003338       0x64 .\CortexM3\ARM_GCC_541\Debug\Erika_LED_Glower.a(CySpc.o)
                                0x350 (size before relaxing)
 .debug_str     0x0000339c       0x91 .\CortexM3\ARM_GCC_541\Debug\Erika_LED_Glower.a(ErikaOS_1_ee_thendin.o)
                                0x76a (size before relaxing)

.debug_loc      0x00000000     0x2992
 *(.debug_loc)
 .debug_loc     0x00000000       0xa8 .\CortexM3\ARM_GCC_541\Debug\main.o
 .debug_loc     0x000000a8       0x45 .\CortexM3\ARM_GCC_541\Debug\fader.o
 .debug_loc     0x000000ed      0x1d7 .\CortexM3\ARM_GCC_541\Debug\cyfitter_cfg.o
 .debug_loc     0x000002c4      0x144 .\CortexM3\ARM_GCC_541\Debug\Cm3Start.o
 .debug_loc     0x00000408      0x12d .\CortexM3\ARM_GCC_541\Debug\Erika_LED_Glower.a(ErikaOS_1_ee_activate.o)
 .debug_loc     0x00000535      0x156 .\CortexM3\ARM_GCC_541\Debug\Erika_LED_Glower.a(ErikaOS_1_ee_alcancel.o)
 .debug_loc     0x0000068b      0x1ed .\CortexM3\ARM_GCC_541\Debug\Erika_LED_Glower.a(ErikaOS_1_ee_alsetrel.o)
 .debug_loc     0x00000878      0x46c .\CortexM3\ARM_GCC_541\Debug\Erika_LED_Glower.a(ErikaOS_1_ee_altick.o)
 .debug_loc     0x00000ce4       0x62 .\CortexM3\ARM_GCC_541\Debug\Erika_LED_Glower.a(ErikaOS_1_ee_irqendin.o)
 .debug_loc     0x00000d46       0x4a .\CortexM3\ARM_GCC_541\Debug\Erika_LED_Glower.a(ErikaOS_1_ee_rq_exchg.o)
 .debug_loc     0x00000d90       0x36 .\CortexM3\ARM_GCC_541\Debug\Erika_LED_Glower.a(ErikaOS_1_ee_rq_first.o)
 .debug_loc     0x00000dc6       0x1e .\CortexM3\ARM_GCC_541\Debug\Erika_LED_Glower.a(ErikaOS_1_ee_rq_inser.o)
 .debug_loc     0x00000de4      0x1d8 .\CortexM3\ARM_GCC_541\Debug\Erika_LED_Glower.a(ErikaOS_1_ee_startos.o)
 .debug_loc     0x00000fbc       0x50 .\CortexM3\ARM_GCC_541\Debug\Erika_LED_Glower.a(ErikaOS_1_ee_terminat.o)
 .debug_loc     0x0000100c       0x42 .\CortexM3\ARM_GCC_541\Debug\Erika_LED_Glower.a(RGB_Red.o)
 .debug_loc     0x0000104e       0x42 .\CortexM3\ARM_GCC_541\Debug\Erika_LED_Glower.a(RGB_Green.o)
 .debug_loc     0x00001090       0x42 .\CortexM3\ARM_GCC_541\Debug\Erika_LED_Glower.a(RGB_Blue.o)
 .debug_loc     0x000010d2      0xa11 .\CortexM3\ARM_GCC_541\Debug\Erika_LED_Glower.a(CyLib.o)
 .debug_loc     0x00001ae3      0x1e4 .\CortexM3\ARM_GCC_541\Debug\Erika_LED_Glower.a(cyPm.o)
 .debug_loc     0x00001cc7       0x26 .\CortexM3\ARM_GCC_541\Debug\Erika_LED_Glower.a(PWM1.o)
 .debug_loc     0x00001ced       0x26 .\CortexM3\ARM_GCC_541\Debug\Erika_LED_Glower.a(PWM2.o)
 .debug_loc     0x00001d13       0x26 .\CortexM3\ARM_GCC_541\Debug\Erika_LED_Glower.a(PWM3.o)
 .debug_loc     0x00001d39       0xc5 .\CortexM3\ARM_GCC_541\Debug\Erika_LED_Glower.a(ErikaOS_1_cortex_mx_ee_context.o)
 .debug_loc     0x00001dfe      0x3b2 .\CortexM3\ARM_GCC_541\Debug\Erika_LED_Glower.a(CyFlash.o)
 .debug_loc     0x000021b0      0x705 .\CortexM3\ARM_GCC_541\Debug\Erika_LED_Glower.a(CySpc.o)
 .debug_loc     0x000028b5       0xdd .\CortexM3\ARM_GCC_541\Debug\Erika_LED_Glower.a(ErikaOS_1_ee_thendin.o)

.debug_macinfo
 *(.debug_macinfo)

.debug_ranges   0x00000000      0x8e8
 *(.debug_ranges)
 .debug_ranges  0x00000000       0x40 .\CortexM3\ARM_GCC_541\Debug\main.o
 .debug_ranges  0x00000040       0x10 .\CortexM3\ARM_GCC_541\Debug\glower.o
 .debug_ranges  0x00000050       0x20 .\CortexM3\ARM_GCC_541\Debug\fader.o
 .debug_ranges  0x00000070       0x48 .\CortexM3\ARM_GCC_541\Debug\cyfitter_cfg.o
 .debug_ranges  0x000000b8       0x38 .\CortexM3\ARM_GCC_541\Debug\Cm3Start.o
 .debug_ranges  0x000000f0       0x40 .\CortexM3\ARM_GCC_541\Debug\Erika_LED_Glower.a(ErikaOS_1_ee_activate.o)
 .debug_ranges  0x00000130       0x28 .\CortexM3\ARM_GCC_541\Debug\Erika_LED_Glower.a(ErikaOS_1_ee_alcancel.o)
 .debug_ranges  0x00000158       0x10 .\CortexM3\ARM_GCC_541\Debug\Erika_LED_Glower.a(ErikaOS_1_ee_alsetrel.o)
 .debug_ranges  0x00000168       0x78 .\CortexM3\ARM_GCC_541\Debug\Erika_LED_Glower.a(ErikaOS_1_ee_altick.o)
 .debug_ranges  0x000001e0       0x20 .\CortexM3\ARM_GCC_541\Debug\Erika_LED_Glower.a(ErikaOS_1_ee_irqendin.o)
 .debug_ranges  0x00000200       0x10 .\CortexM3\ARM_GCC_541\Debug\Erika_LED_Glower.a(ErikaOS_1_ee_rq_exchg.o)
 .debug_ranges  0x00000210       0x10 .\CortexM3\ARM_GCC_541\Debug\Erika_LED_Glower.a(ErikaOS_1_ee_rq_first.o)
 .debug_ranges  0x00000220       0x10 .\CortexM3\ARM_GCC_541\Debug\Erika_LED_Glower.a(ErikaOS_1_ee_rq_inser.o)
 .debug_ranges  0x00000230       0x30 .\CortexM3\ARM_GCC_541\Debug\Erika_LED_Glower.a(ErikaOS_1_ee_startos.o)
 .debug_ranges  0x00000260       0x10 .\CortexM3\ARM_GCC_541\Debug\Erika_LED_Glower.a(ErikaOS_1_ee_terminat.o)
 .debug_ranges  0x00000270       0x10 .\CortexM3\ARM_GCC_541\Debug\Erika_LED_Glower.a(ErikaOS_1_cortex_mx_ee_utils.o)
 .debug_ranges  0x00000280       0x28 .\CortexM3\ARM_GCC_541\Debug\Erika_LED_Glower.a(RGB_Red.o)
 .debug_ranges  0x000002a8       0x28 .\CortexM3\ARM_GCC_541\Debug\Erika_LED_Glower.a(RGB_Green.o)
 .debug_ranges  0x000002d0       0x28 .\CortexM3\ARM_GCC_541\Debug\Erika_LED_Glower.a(RGB_Blue.o)
 .debug_ranges  0x000002f8      0x290 .\CortexM3\ARM_GCC_541\Debug\Erika_LED_Glower.a(CyLib.o)
 .debug_ranges  0x00000588       0x88 .\CortexM3\ARM_GCC_541\Debug\Erika_LED_Glower.a(cyPm.o)
 .debug_ranges  0x00000610       0x88 .\CortexM3\ARM_GCC_541\Debug\Erika_LED_Glower.a(PWM1.o)
 .debug_ranges  0x00000698       0x88 .\CortexM3\ARM_GCC_541\Debug\Erika_LED_Glower.a(PWM2.o)
 .debug_ranges  0x00000720       0x88 .\CortexM3\ARM_GCC_541\Debug\Erika_LED_Glower.a(PWM3.o)
 .debug_ranges  0x000007a8       0x10 .\CortexM3\ARM_GCC_541\Debug\Erika_LED_Glower.a(ErikaOS_1_ee_tnterm.o)
 .debug_ranges  0x000007b8       0x10 .\CortexM3\ARM_GCC_541\Debug\Erika_LED_Glower.a(ErikaOS_1_ee_tstub.o)
 .debug_ranges  0x000007c8       0x18 .\CortexM3\ARM_GCC_541\Debug\Erika_LED_Glower.a(ErikaOS_1_cortex_mx_ee_context.o)
 .debug_ranges  0x000007e0       0x78 .\CortexM3\ARM_GCC_541\Debug\Erika_LED_Glower.a(CyFlash.o)
 .debug_ranges  0x00000858       0x70 .\CortexM3\ARM_GCC_541\Debug\Erika_LED_Glower.a(CySpc.o)
 .debug_ranges  0x000008c8       0x20 .\CortexM3\ARM_GCC_541\Debug\Erika_LED_Glower.a(ErikaOS_1_ee_thendin.o)

.comment        0x00000000       0x6e
 .comment       0x00000000       0x6e .\CortexM3\ARM_GCC_541\Debug\main.o
                                 0x6f (size before relaxing)
 .comment       0x0000006e       0x6f .\CortexM3\ARM_GCC_541\Debug\glower.o
 .comment       0x0000006e       0x6f .\CortexM3\ARM_GCC_541\Debug\fader.o
 .comment       0x0000006e       0x6f .\CortexM3\ARM_GCC_541\Debug\cyfitter_cfg.o
 .comment       0x0000006e       0x6f .\CortexM3\ARM_GCC_541\Debug\cymetadata.o
 .comment       0x0000006e       0x6f .\CortexM3\ARM_GCC_541\Debug\Cm3Start.o
 .comment       0x0000006e       0x6f .\CortexM3\ARM_GCC_541\Debug\Erika_LED_Glower.a(ErikaOS_1_ee_activate.o)
 .comment       0x0000006e       0x6f .\CortexM3\ARM_GCC_541\Debug\Erika_LED_Glower.a(ErikaOS_1_ee_alcancel.o)
 .comment       0x0000006e       0x6f .\CortexM3\ARM_GCC_541\Debug\Erika_LED_Glower.a(ErikaOS_1_ee_alsetrel.o)
 .comment       0x0000006e       0x6f .\CortexM3\ARM_GCC_541\Debug\Erika_LED_Glower.a(ErikaOS_1_ee_altick.o)
 .comment       0x0000006e       0x6f .\CortexM3\ARM_GCC_541\Debug\Erika_LED_Glower.a(ErikaOS_1_ee_irqendin.o)
 .comment       0x0000006e       0x6f .\CortexM3\ARM_GCC_541\Debug\Erika_LED_Glower.a(ErikaOS_1_ee_lookup.o)
 .comment       0x0000006e       0x6f .\CortexM3\ARM_GCC_541\Debug\Erika_LED_Glower.a(ErikaOS_1_ee_rq_exchg.o)
 .comment       0x0000006e       0x6f .\CortexM3\ARM_GCC_541\Debug\Erika_LED_Glower.a(ErikaOS_1_ee_rq_first.o)
 .comment       0x0000006e       0x6f .\CortexM3\ARM_GCC_541\Debug\Erika_LED_Glower.a(ErikaOS_1_ee_rq_inser.o)
 .comment       0x0000006e       0x6f .\CortexM3\ARM_GCC_541\Debug\Erika_LED_Glower.a(ErikaOS_1_ee_startos.o)
 .comment       0x0000006e       0x6f .\CortexM3\ARM_GCC_541\Debug\Erika_LED_Glower.a(ErikaOS_1_ee_terminat.o)
 .comment       0x0000006e       0x6f .\CortexM3\ARM_GCC_541\Debug\Erika_LED_Glower.a(ErikaOS_1_cortex_mx_ee_utils.o)
 .comment       0x0000006e       0x6f .\CortexM3\ARM_GCC_541\Debug\Erika_LED_Glower.a(ErikaOS_1_common_ee_hal_structs.o)
 .comment       0x0000006e       0x6f .\CortexM3\ARM_GCC_541\Debug\Erika_LED_Glower.a(ErikaOS_1_eecfg.o)
 .comment       0x0000006e       0x6f .\CortexM3\ARM_GCC_541\Debug\Erika_LED_Glower.a(RGB_Red.o)
 .comment       0x0000006e       0x6f .\CortexM3\ARM_GCC_541\Debug\Erika_LED_Glower.a(RGB_Green.o)
 .comment       0x0000006e       0x6f .\CortexM3\ARM_GCC_541\Debug\Erika_LED_Glower.a(RGB_Blue.o)
 .comment       0x0000006e       0x6f .\CortexM3\ARM_GCC_541\Debug\Erika_LED_Glower.a(CyLib.o)
 .comment       0x0000006e       0x6f .\CortexM3\ARM_GCC_541\Debug\Erika_LED_Glower.a(cyPm.o)
 .comment       0x0000006e       0x6f .\CortexM3\ARM_GCC_541\Debug\Erika_LED_Glower.a(PWM1.o)
 .comment       0x0000006e       0x6f .\CortexM3\ARM_GCC_541\Debug\Erika_LED_Glower.a(PWM2.o)
 .comment       0x0000006e       0x6f .\CortexM3\ARM_GCC_541\Debug\Erika_LED_Glower.a(PWM3.o)
 .comment       0x0000006e       0x6f .\CortexM3\ARM_GCC_541\Debug\Erika_LED_Glower.a(ErikaOS_1_ee_tnterm.o)
 .comment       0x0000006e       0x6f .\CortexM3\ARM_GCC_541\Debug\Erika_LED_Glower.a(ErikaOS_1_ee_tstub.o)
 .comment       0x0000006e       0x6f .\CortexM3\ARM_GCC_541\Debug\Erika_LED_Glower.a(ErikaOS_1_cortex_mx_ee_context.o)
 .comment       0x0000006e       0x6f .\CortexM3\ARM_GCC_541\Debug\Erika_LED_Glower.a(CyFlash.o)
 .comment       0x0000006e       0x6f .\CortexM3\ARM_GCC_541\Debug\Erika_LED_Glower.a(CySpc.o)
 .comment       0x0000006e       0x6f .\CortexM3\ARM_GCC_541\Debug\Erika_LED_Glower.a(ErikaOS_1_ee_thendin.o)

.debug_weaknames
 *(.debug_weaknames)

.debug_funcnames
 *(.debug_funcnames)

.debug_typenames
 *(.debug_typenames)

.debug_varnames
 *(.debug_varnames)

.note.gnu.arm.ident
 *(.note.gnu.arm.ident)

.ARM.attributes
                0x00000000       0x2f
 *(.ARM.attributes)
 .ARM.attributes
                0x00000000       0x1d c:/program files (x86)/cypress/psoc creator/4.4/psoc creator/import/gnu/arm/5.4.1/bin/../lib/gcc/arm-none-eabi/5.4.1/armv7-m/crti.o
 .ARM.attributes
                0x0000001d       0x2d c:/program files (x86)/cypress/psoc creator/4.4/psoc creator/import/gnu/arm/5.4.1/bin/../lib/gcc/arm-none-eabi/5.4.1/armv7-m/crtbegin.o
 .ARM.attributes
                0x0000004a       0x1b c:/program files (x86)/cypress/psoc creator/4.4/psoc creator/import/gnu/arm/5.4.1/bin/../lib/gcc/arm-none-eabi/5.4.1/../../../../arm-none-eabi/lib/armv7-m/crt0.o
 .ARM.attributes
                0x00000065       0x33 .\CortexM3\ARM_GCC_541\Debug\main.o
 .ARM.attributes
                0x00000098       0x33 .\CortexM3\ARM_GCC_541\Debug\glower.o
 .ARM.attributes
                0x000000cb       0x33 .\CortexM3\ARM_GCC_541\Debug\fader.o
 .ARM.attributes
                0x000000fe       0x33 .\CortexM3\ARM_GCC_541\Debug\cyfitter_cfg.o
 .ARM.attributes
                0x00000131       0x33 .\CortexM3\ARM_GCC_541\Debug\cymetadata.o
 .ARM.attributes
                0x00000164       0x33 .\CortexM3\ARM_GCC_541\Debug\Cm3Start.o
 .ARM.attributes
                0x00000197       0x33 .\CortexM3\ARM_GCC_541\Debug\Erika_LED_Glower.a(ErikaOS_1_ee_activate.o)
 .ARM.attributes
                0x000001ca       0x33 .\CortexM3\ARM_GCC_541\Debug\Erika_LED_Glower.a(ErikaOS_1_ee_alcancel.o)
 .ARM.attributes
                0x000001fd       0x33 .\CortexM3\ARM_GCC_541\Debug\Erika_LED_Glower.a(ErikaOS_1_ee_alsetrel.o)
 .ARM.attributes
                0x00000230       0x33 .\CortexM3\ARM_GCC_541\Debug\Erika_LED_Glower.a(ErikaOS_1_ee_altick.o)
 .ARM.attributes
                0x00000263       0x33 .\CortexM3\ARM_GCC_541\Debug\Erika_LED_Glower.a(ErikaOS_1_ee_irqendin.o)
 .ARM.attributes
                0x00000296       0x33 .\CortexM3\ARM_GCC_541\Debug\Erika_LED_Glower.a(ErikaOS_1_ee_lookup.o)
 .ARM.attributes
                0x000002c9       0x33 .\CortexM3\ARM_GCC_541\Debug\Erika_LED_Glower.a(ErikaOS_1_ee_rq_exchg.o)
 .ARM.attributes
                0x000002fc       0x33 .\CortexM3\ARM_GCC_541\Debug\Erika_LED_Glower.a(ErikaOS_1_ee_rq_first.o)
 .ARM.attributes
                0x0000032f       0x33 .\CortexM3\ARM_GCC_541\Debug\Erika_LED_Glower.a(ErikaOS_1_ee_rq_inser.o)
 .ARM.attributes
                0x00000362       0x33 .\CortexM3\ARM_GCC_541\Debug\Erika_LED_Glower.a(ErikaOS_1_ee_startos.o)
 .ARM.attributes
                0x00000395       0x33 .\CortexM3\ARM_GCC_541\Debug\Erika_LED_Glower.a(ErikaOS_1_ee_terminat.o)
 .ARM.attributes
                0x000003c8       0x33 .\CortexM3\ARM_GCC_541\Debug\Erika_LED_Glower.a(ErikaOS_1_cortex_mx_ee_utils.o)
 .ARM.attributes
                0x000003fb       0x33 .\CortexM3\ARM_GCC_541\Debug\Erika_LED_Glower.a(ErikaOS_1_common_ee_hal_structs.o)
 .ARM.attributes
                0x0000042e       0x33 .\CortexM3\ARM_GCC_541\Debug\Erika_LED_Glower.a(ErikaOS_1_eecfg.o)
 .ARM.attributes
                0x00000461       0x33 .\CortexM3\ARM_GCC_541\Debug\Erika_LED_Glower.a(RGB_Red.o)
 .ARM.attributes
                0x00000494       0x33 .\CortexM3\ARM_GCC_541\Debug\Erika_LED_Glower.a(RGB_Green.o)
 .ARM.attributes
                0x000004c7       0x33 .\CortexM3\ARM_GCC_541\Debug\Erika_LED_Glower.a(RGB_Blue.o)
 .ARM.attributes
                0x000004fa       0x33 .\CortexM3\ARM_GCC_541\Debug\Erika_LED_Glower.a(CyLib.o)
 .ARM.attributes
                0x0000052d       0x33 .\CortexM3\ARM_GCC_541\Debug\Erika_LED_Glower.a(cyPm.o)
 .ARM.attributes
                0x00000560       0x33 .\CortexM3\ARM_GCC_541\Debug\Erika_LED_Glower.a(PWM1.o)
 .ARM.attributes
                0x00000593       0x33 .\CortexM3\ARM_GCC_541\Debug\Erika_LED_Glower.a(PWM2.o)
 .ARM.attributes
                0x000005c6       0x33 .\CortexM3\ARM_GCC_541\Debug\Erika_LED_Glower.a(PWM3.o)
 .ARM.attributes
                0x000005f9       0x21 .\CortexM3\ARM_GCC_541\Debug\Erika_LED_Glower.a(ErikaOS_1_ee_gnu_change_context_isr.o)
 .ARM.attributes
                0x0000061a       0x21 .\CortexM3\ARM_GCC_541\Debug\Erika_LED_Glower.a(ErikaOS_1_ee_gnu_irq_stack.o)
 .ARM.attributes
                0x0000063b       0x21 .\CortexM3\ARM_GCC_541\Debug\Erika_LED_Glower.a(ErikaOS_1_ee_gnu_multi_context.o)
 .ARM.attributes
                0x0000065c       0x21 .\CortexM3\ARM_GCC_541\Debug\Erika_LED_Glower.a(ErikaOS_1_ee_gnu_oo.o)
 .ARM.attributes
                0x0000067d       0x21 .\CortexM3\ARM_GCC_541\Debug\Erika_LED_Glower.a(CyBootAsmGnu.o)
 .ARM.attributes
                0x0000069e       0x33 .\CortexM3\ARM_GCC_541\Debug\Erika_LED_Glower.a(ErikaOS_1_ee_tnterm.o)
 .ARM.attributes
                0x000006d1       0x33 .\CortexM3\ARM_GCC_541\Debug\Erika_LED_Glower.a(ErikaOS_1_ee_tstub.o)
 .ARM.attributes
                0x00000704       0x33 .\CortexM3\ARM_GCC_541\Debug\Erika_LED_Glower.a(ErikaOS_1_cortex_mx_ee_context.o)
 .ARM.attributes
                0x00000737       0x33 .\CortexM3\ARM_GCC_541\Debug\Erika_LED_Glower.a(CyFlash.o)
 .ARM.attributes
                0x0000076a       0x33 .\CortexM3\ARM_GCC_541\Debug\Erika_LED_Glower.a(CySpc.o)
 .ARM.attributes
                0x0000079d       0x33 .\CortexM3\ARM_GCC_541\Debug\Erika_LED_Glower.a(ErikaOS_1_ee_thendin.o)
 .ARM.attributes
                0x000007d0       0x2d c:/program files (x86)/cypress/psoc creator/4.4/psoc creator/import/gnu/arm/5.4.1/bin/../lib/gcc/arm-none-eabi/5.4.1/../../../../arm-none-eabi/lib/armv7-m\libg_nano.a(lib_a-errno.o)
 .ARM.attributes
                0x000007fd       0x2d c:/program files (x86)/cypress/psoc creator/4.4/psoc creator/import/gnu/arm/5.4.1/bin/../lib/gcc/arm-none-eabi/5.4.1/../../../../arm-none-eabi/lib/armv7-m\libg_nano.a(lib_a-exit.o)
 .ARM.attributes
                0x0000082a       0x2d c:/program files (x86)/cypress/psoc creator/4.4/psoc creator/import/gnu/arm/5.4.1/bin/../lib/gcc/arm-none-eabi/5.4.1/../../../../arm-none-eabi/lib/armv7-m\libg_nano.a(lib_a-impure.o)
 .ARM.attributes
                0x00000857       0x2d c:/program files (x86)/cypress/psoc creator/4.4/psoc creator/import/gnu/arm/5.4.1/bin/../lib/gcc/arm-none-eabi/5.4.1/../../../../arm-none-eabi/lib/armv7-m\libg_nano.a(lib_a-init.o)
 .ARM.attributes
                0x00000884       0x2d c:/program files (x86)/cypress/psoc creator/4.4/psoc creator/import/gnu/arm/5.4.1/bin/../lib/gcc/arm-none-eabi/5.4.1/../../../../arm-none-eabi/lib/armv7-m\libg_nano.a(lib_a-memcpy-stub.o)
 .ARM.attributes
                0x000008b1       0x2d c:/program files (x86)/cypress/psoc creator/4.4/psoc creator/import/gnu/arm/5.4.1/bin/../lib/gcc/arm-none-eabi/5.4.1/../../../../arm-none-eabi/lib/armv7-m\libg_nano.a(lib_a-memset.o)
 .ARM.attributes
                0x000008de       0x2d c:/program files (x86)/cypress/psoc creator/4.4/psoc creator/import/gnu/arm/5.4.1/bin/../lib/gcc/arm-none-eabi/5.4.1/armv7-m/crtend.o
 .ARM.attributes
                0x0000090b       0x1d c:/program files (x86)/cypress/psoc creator/4.4/psoc creator/import/gnu/arm/5.4.1/bin/../lib/gcc/arm-none-eabi/5.4.1/armv7-m/crtn.o

/DISCARD/
 *(.note.GNU-stack)
OUTPUT(C:\Users\Girish\OneDrive\Documents\PSoC Creator\Erika_OS_WorkSpace\Erika_LED_Glower.cydsn\CortexM3\ARM_GCC_541\Debug\Erika_LED_Glower.elf elf32-littlearm)
