Archive member included to satisfy reference by file (symbol)

.\CortexM3\ARM_GCC_541\Debug\Erika_Arcadian_Fader.a(PWM_Led_Yellow.o)
                              .\CortexM3\ARM_GCC_541\Debug\main.o (PWM_Led_Yellow_WriteCompare)
.\CortexM3\ARM_GCC_541\Debug\Erika_Arcadian_Fader.a(PWM_Led_Green.o)
                              .\CortexM3\ARM_GCC_541\Debug\main.o (PWM_Led_Green_WriteCompare)
.\CortexM3\ARM_GCC_541\Debug\Erika_Arcadian_Fader.a(PWM_Led_Red.o)
                              .\CortexM3\ARM_GCC_541\Debug\main.o (PWM_Led_Red_WriteCompare)
.\CortexM3\ARM_GCC_541\Debug\Erika_Arcadian_Fader.a(CyLib.o)
                              .\CortexM3\ARM_GCC_541\Debug\Cm3Start.o (CyHalt)
.\CortexM3\ARM_GCC_541\Debug\Erika_Arcadian_Fader.a(cyPm.o)
                              .\CortexM3\ARM_GCC_541\Debug\Erika_Arcadian_Fader.a(CyLib.o) (CyPmReadStatus)
.\CortexM3\ARM_GCC_541\Debug\Erika_Arcadian_Fader.a(ErikaOS_1_ee_activate.o)
                              .\CortexM3\ARM_GCC_541\Debug\main.o (EE_oo_ActivateTask)
.\CortexM3\ARM_GCC_541\Debug\Erika_Arcadian_Fader.a(ErikaOS_1_ee_alsetrel.o)
                              .\CortexM3\ARM_GCC_541\Debug\main.o (EE_oo_SetRelAlarm)
.\CortexM3\ARM_GCC_541\Debug\Erika_Arcadian_Fader.a(ErikaOS_1_ee_altick.o)
                              .\CortexM3\ARM_GCC_541\Debug\Erika_Arcadian_Fader.a(ErikaOS_1_ee_alsetrel.o) (EE_oo_counter_object_insert)
.\CortexM3\ARM_GCC_541\Debug\Erika_Arcadian_Fader.a(ErikaOS_1_ee_irqendin.o)
                              .\CortexM3\ARM_GCC_541\Debug\main.o (EE_IRQ_end_post_stub)
.\CortexM3\ARM_GCC_541\Debug\Erika_Arcadian_Fader.a(ErikaOS_1_ee_lookup.o)
                              .\CortexM3\ARM_GCC_541\Debug\Erika_Arcadian_Fader.a(ErikaOS_1_ee_irqendin.o) (EE_oo_IRQ_disable_count)
.\CortexM3\ARM_GCC_541\Debug\Erika_Arcadian_Fader.a(ErikaOS_1_ee_rq_exchg.o)
                              .\CortexM3\ARM_GCC_541\Debug\Erika_Arcadian_Fader.a(ErikaOS_1_ee_activate.o) (EE_rq2stk_exchange)
.\CortexM3\ARM_GCC_541\Debug\Erika_Arcadian_Fader.a(ErikaOS_1_ee_rq_first.o)
                              .\CortexM3\ARM_GCC_541\Debug\Erika_Arcadian_Fader.a(ErikaOS_1_ee_activate.o) (EE_rq_queryfirst)
.\CortexM3\ARM_GCC_541\Debug\Erika_Arcadian_Fader.a(ErikaOS_1_ee_rq_inser.o)
                              .\CortexM3\ARM_GCC_541\Debug\Erika_Arcadian_Fader.a(ErikaOS_1_ee_activate.o) (EE_rq_insert)
.\CortexM3\ARM_GCC_541\Debug\Erika_Arcadian_Fader.a(ErikaOS_1_ee_startos.o)
                              .\CortexM3\ARM_GCC_541\Debug\main.o (EE_oo_StartOS)
.\CortexM3\ARM_GCC_541\Debug\Erika_Arcadian_Fader.a(ErikaOS_1_ee_terminat.o)
                              .\CortexM3\ARM_GCC_541\Debug\main.o (EE_oo_TerminateTask)
.\CortexM3\ARM_GCC_541\Debug\Erika_Arcadian_Fader.a(ErikaOS_1_cortex_mx_ee_utils.o)
                              .\CortexM3\ARM_GCC_541\Debug\main.o (EE_system_init)
.\CortexM3\ARM_GCC_541\Debug\Erika_Arcadian_Fader.a(ErikaOS_1_common_ee_hal_structs.o)
                              .\CortexM3\ARM_GCC_541\Debug\Erika_Arcadian_Fader.a(ErikaOS_1_ee_irqendin.o) (EE_std_endcycle_next_tid)
.\CortexM3\ARM_GCC_541\Debug\Erika_Arcadian_Fader.a(ErikaOS_1_eecfg.o)
                              .\CortexM3\ARM_GCC_541\Debug\Erika_Arcadian_Fader.a(ErikaOS_1_ee_startos.o) (EE_oo_autostart_task_data)
.\CortexM3\ARM_GCC_541\Debug\Erika_Arcadian_Fader.a(RGB_Red.o)
                              .\CortexM3\ARM_GCC_541\Debug\fader.o (RGB_Red_Write)
.\CortexM3\ARM_GCC_541\Debug\Erika_Arcadian_Fader.a(UART_LOG.o)
                              .\CortexM3\ARM_GCC_541\Debug\main.o (UART_LOG_Start)
.\CortexM3\ARM_GCC_541\Debug\Erika_Arcadian_Fader.a(UART_LOG_IntClock.o)
                              .\CortexM3\ARM_GCC_541\Debug\Erika_Arcadian_Fader.a(UART_LOG.o) (UART_LOG_IntClock_Start)
.\CortexM3\ARM_GCC_541\Debug\Erika_Arcadian_Fader.a(CyBootAsmGnu.o)
                              .\CortexM3\ARM_GCC_541\Debug\cyfitter_cfg.o (CyDelayCycles)
.\CortexM3\ARM_GCC_541\Debug\Erika_Arcadian_Fader.a(ErikaOS_1_ee_gnu_change_context_isr.o)
                              .\CortexM3\ARM_GCC_541\Debug\main.o (EE_switch_context)
.\CortexM3\ARM_GCC_541\Debug\Erika_Arcadian_Fader.a(ErikaOS_1_ee_gnu_irq_stack.o)
                              .\CortexM3\ARM_GCC_541\Debug\main.o (EE_cortex_mx_change_IRQ_stack)
.\CortexM3\ARM_GCC_541\Debug\Erika_Arcadian_Fader.a(ErikaOS_1_ee_gnu_multi_context.o)
                              .\CortexM3\ARM_GCC_541\Debug\Erika_Arcadian_Fader.a(ErikaOS_1_ee_activate.o) (EE_cortex_mx_change_context)
.\CortexM3\ARM_GCC_541\Debug\Erika_Arcadian_Fader.a(ErikaOS_1_ee_gnu_oo.o)
                              .\CortexM3\ARM_GCC_541\Debug\Erika_Arcadian_Fader.a(ErikaOS_1_ee_terminat.o) (EE_hal_terminate_task)
.\CortexM3\ARM_GCC_541\Debug\Erika_Arcadian_Fader.a(CyFlash.o)
                              .\CortexM3\ARM_GCC_541\Debug\Erika_Arcadian_Fader.a(cyPm.o) (CyFlash_SetWaitCycles)
.\CortexM3\ARM_GCC_541\Debug\Erika_Arcadian_Fader.a(CySpc.o)
[...]
Memory Configuration

Name             Origin             Length             Attributes
rom              0x00000000         0x00040000         xr
ram              0x1fff8000         0x00010000         xrw
*default*        0x00000000         0xffffffff

Linker script and memory map

LOAD c:/program files (x86)/cypress/psoc creator/4.4/psoc creator/import/gnu/arm/5.4.1/bin/../lib/gcc/arm-none-eabi/5.4.1/armv7-m/crti.o
LOAD c:/program files (x86)/cypress/psoc creator/4.4/psoc creator/import/gnu/arm/5.4.1/bin/../lib/gcc/arm-none-eabi/5.4.1/armv7-m/crtbegin.o
LOAD c:/program files (x86)/cypress/psoc creator/4.4/psoc creator/import/gnu/arm/5.4.1/bin/../lib/gcc/arm-none-eabi/5.4.1/../../../../arm-none-eabi/lib/armv7-m/crt0.o
START GROUP
LOAD .\CortexM3\ARM_GCC_541\Debug\main.o
LOAD .\CortexM3\ARM_GCC_541\Debug\fader.o
LOAD .\CortexM3\ARM_GCC_541\Debug\cyfitter_cfg.o
LOAD .\CortexM3\ARM_GCC_541\Debug\cymetadata.o
LOAD .\CortexM3\ARM_GCC_541\Debug\Cm3Start.o
LOAD .\CortexM3\ARM_GCC_541\Debug\Erika_Arcadian_Fader.a
LOAD C:\Program Files (x86)\Cypress\PSoC Creator\4.4\PSoC Creator\psoc\content\cycomponentlibrary\CyComponentLibrary.cylib\CortexM3\ARM_GCC_541\Debug\CyComponentLibrary.a
END GROUP
START GROUP
LOAD c:/program files (x86)/cypress/psoc creator/4.4/psoc creator/import/gnu/arm/5.4.1/bin/../lib/gcc/arm-none-eabi/5.4.1/armv7-m\libgcc.a
LOAD c:/program files (x86)/cypress/psoc creator/4.4/psoc creator/import/gnu/arm/5.4.1/bin/../lib/gcc/arm-none-eabi/5.4.1/../../../../arm-none-eabi/lib/armv7-m\libg_nano.a
LOAD c:/program files (x86)/cypress/psoc creator/4.4/psoc creator/import/gnu/arm/5.4.1/bin/../lib/gcc/arm-none-eabi/5.4.1/../../../../arm-none-eabi/lib/armv7-m\libc_nano.a
END GROUP
START GROUP
LOAD c:/program files (x86)/cypress/psoc creator/4.4/psoc creator/import/gnu/arm/5.4.1/bin/../lib/gcc/arm-none-eabi/5.4.1/armv7-m\libgcc.a
LOAD c:/program files (x86)/cypress/psoc creator/4.4/psoc creator/import/gnu/arm/5.4.1/bin/../lib/gcc/arm-none-eabi/5.4.1/../../../../arm-none-eabi/lib/armv7-m\libc_nano.a
END GROUP
LOAD c:/program files (x86)/cypress/psoc creator/4.4/psoc creator/import/gnu/arm/5.4.1/bin/../lib/gcc/arm-none-eabi/5.4.1/armv7-m/crtend.o
LOAD c:/program files (x86)/cypress/psoc creator/4.4/psoc creator/import/gnu/arm/5.4.1/bin/../lib/gcc/arm-none-eabi/5.4.1/armv7-m/crtn.o
START GROUP
LOAD c:/program files (x86)/cypress/psoc creator/4.4/psoc creator/import/gnu/arm/5.4.1/bin/../lib/gcc/arm-none-eabi/5.4.1/armv7-m\libgcc.a
LOAD c:/program files (x86)/cypress/psoc creator/4.4/psoc creator/import/gnu/arm/5.4.1/bin/../lib/gcc/arm-none-eabi/5.4.1/../../../../arm-none-eabi/lib/armv7-m\libc.a
LOAD c:/program files (x86)/cypress/psoc creator/4.4/psoc creator/import/gnu/arm/5.4.1/bin/../lib/gcc/arm-none-eabi/5.4.1/../../../../arm-none-eabi/lib/armv7-m\libnosys.a
END GROUP
                0x00000000                CY_APPL_ORIGIN = 0x0
                0x00000100                CY_FLASH_ROW_SIZE = 0x100
                0x00000020                CY_ECC_ROW_SIZE = 0x20
                0x00000000                CY_EE_IN_BTLDR = 0x0
                0x00000000                CY_APPL_LOADABLE = 0x0
                0x00000800                CY_EE_SIZE = 0x800
                0x00000001                CY_APPL_NUM = 0x1
                0x00000001                CY_APPL_MAX = 0x1
                0x00000040                CY_METADATA_SIZE = 0x40
                0x00000000                CY_APPL_LOADABLE = 0x0
                0x00000000                CY_CHECKSUM_EXCLUDE_SIZE = ALIGN (0x0, CY_FLASH_ROW_SIZE)
                [!provide]                PROVIDE (__cy_heap_start, _end)
                0x00000001                PROVIDE (__cy_region_num, ((__cy_regions_end - __cy_regions) / 0x10))
                0x20008000                PROVIDE (__cy_stack, (ORIGIN (ram) + LENGTH (ram)))
                [!provide]                PROVIDE (__cy_heap_end, (__cy_stack - 0x800))

.cybootloader   0x00000000        0x0
 *(.cybootloader)
                0x00000000                appl1_start = CY_APPL_ORIGIN?CY_APPL_ORIGIN:ALIGN (CY_FLASH_ROW_SIZE)
                0x0001ff00                appl2_start = (appl1_start + ALIGN ((((LENGTH (rom) - appl1_start) - (0x2 * CY_FLASH_ROW_SIZE)) / 0x2), CY_FLASH_ROW_SIZE))
                0x00000000                appl_start = (CY_APPL_NUM == 0x1)?appl1_start:appl2_start
                0x00000000                ecc_offset = ((appl_start / CY_FLASH_ROW_SIZE) * CY_ECC_ROW_SIZE)
                0x00000000                ee_offset = (CY_APPL_LOADABLE && ! (CY_EE_IN_BTLDR))?((CY_EE_SIZE / CY_APPL_MAX) * (CY_APPL_NUM - 0x1)):0x0
                0x00000800                ee_size = (CY_APPL_LOADABLE && ! (CY_EE_IN_BTLDR))?(CY_EE_SIZE / CY_APPL_MAX):CY_EE_SIZE
                [!provide]                PROVIDE (CY_ECC_OFFSET, ecc_offset)

.text           0x00000000     0x147e
 CREATE_OBJECT_SYMBOLS
                0x00000000                PROVIDE (__cy_interrupt_vector, RomVectors)
 *(.romvectors)
 .romvectors    0x00000000       0x10 .\CortexM3\ARM_GCC_541\Debug\Cm3Start.o
                0x00000000                RomVectors
                0x00000001                ASSERT ((. != __cy_interrupt_vector), No interrupt vector)
                0x00000001                ASSERT (CY_APPL_ORIGIN?(SIZEOF (.cybootloader) <= CY_APPL_ORIGIN):0x1, Wrong image location)
                0x00000010                PROVIDE (__cy_reset, Reset)
 *(.text.Reset)
 .text.Reset    0x00000010       0x18 .\CortexM3\ARM_GCC_541\Debug\Cm3Start.o
                0x00000010                Reset
                0x00000001                ASSERT ((. != __cy_reset), No reset code)
 *(.dma_init)
                0x00000001                ASSERT ((((appl_start + .) <= 0x10000) || 0x1), DMA Init must be within the first 64k of flash)
 *(.text .text.* .gnu.linkonce.t.*)
 .text          0x00000028       0x5c c:/program files (x86)/cypress/psoc creator/4.4/psoc creator/import/gnu/arm/5.4.1/bin/../lib/gcc/arm-none-eabi/5.4.1/armv7-m/crtbegin.o
 .text.ISR2_systick_handler
                0x00000084        0xc .\CortexM3\ARM_GCC_541\Debug\main.o
                0x00000084                ISR2_systick_handler
 .text.systick_handler
                0x00000090       0x98 .\CortexM3\ARM_GCC_541\Debug\main.o
                0x00000090                systick_handler
 .text.main     0x00000128       0x28 .\CortexM3\ARM_GCC_541\Debug\main.o
                0x00000128                main
 .text.Functask_init
                0x00000150       0x38 .\CortexM3\ARM_GCC_541\Debug\main.o
                0x00000150                Functask_init
 .text.Functask_timer
                0x00000188       0x10 .\CortexM3\ARM_GCC_541\Debug\main.o
                0x00000188                Functask_timer
 .text.Functask_fader
                0x00000198       0xd4 .\CortexM3\ARM_GCC_541\Debug\main.o
                0x00000198                Functask_fader
 .text.Functask_background
                0x0000026c        0x4 .\CortexM3\ARM_GCC_541\Debug\main.o
                0x0000026c                Functask_background
 .text.CyClockStartupError
                0x00000270        0x4 .\CortexM3\ARM_GCC_541\Debug\cyfitter_cfg.o
 .text.cfg_write_bytes32
                0x00000274       0x34 .\CortexM3\ARM_GCC_541\Debug\cyfitter_cfg.o
 .text.AnalogSetDefault
                0x000002a8       0x28 .\CortexM3\ARM_GCC_541\Debug\cyfitter_cfg.o
 .text.CYMEMZERO
                0x000002d0        0xc .\CortexM3\ARM_GCC_541\Debug\cyfitter_cfg.o
 .text.ClockSetup
                0x000002dc       0xc8 .\CortexM3\ARM_GCC_541\Debug\cyfitter_cfg.o
 .text.CYCONFIGCPY
                0x000003a4        0x8 .\CortexM3\ARM_GCC_541\Debug\cyfitter_cfg.o
 .text.cyfitter_cfg
                0x000003ac      0x120 .\CortexM3\ARM_GCC_541\Debug\cyfitter_cfg.o
                0x000003ac                cyfitter_cfg
 .text.IntDefaultHandler
                0x000004cc       0x10 .\CortexM3\ARM_GCC_541\Debug\Cm3Start.o
                0x000004cc                IntDefaultHandler
 .text.Start_c  0x000004dc       0x4c .\CortexM3\ARM_GCC_541\Debug\Cm3Start.o
                0x000004dc                Start_c
 .text.initialize_psoc
                0x00000528       0x68 .\CortexM3\ARM_GCC_541\Debug\Cm3Start.o
                0x00000528                initialize_psoc
 .text.PWM_Led_Yellow_Enable
                0x00000590       0x10 .\CortexM3\ARM_GCC_541\Debug\Erika_Arcadian_Fader.a(PWM_Led_Yellow.o)
                0x00000590                PWM_Led_Yellow_Enable
 .text.PWM_Led_Yellow_WriteCounter
                0x000005a0        0xc .\CortexM3\ARM_GCC_541\Debug\Erika_Arcadian_Fader.a(PWM_Led_Yellow.o)
                0x000005a0                PWM_Led_Yellow_WriteCounter
 .text.PWM_Led_Yellow_WritePeriod
                0x000005ac        0xc .\CortexM3\ARM_GCC_541\Debug\Erika_Arcadian_Fader.a(PWM_Led_Yellow.o)
                0x000005ac                PWM_Led_Yellow_WritePeriod
 .text.PWM_Led_Yellow_WriteCompare
                0x000005b8        0xc .\CortexM3\ARM_GCC_541\Debug\Erika_Arcadian_Fader.a(PWM_Led_Yellow.o)
                0x000005b8                PWM_Led_Yellow_WriteCompare
 .text.PWM_Led_Yellow_SetInterruptMode
                0x000005c4        0xc .\CortexM3\ARM_GCC_541\Debug\Erika_Arcadian_Fader.a(PWM_Led_Yellow.o)
                0x000005c4                PWM_Led_Yellow_SetInterruptMode
 .text.PWM_Led_Yellow_ReadStatusRegister
                0x000005d0        0xc .\CortexM3\ARM_GCC_541\Debug\Erika_Arcadian_Fader.a(PWM_Led_Yellow.o)
                0x000005d0                PWM_Led_Yellow_ReadStatusRegister
 .text.PWM_Led_Yellow_ReadCapture
                0x000005dc        0xc .\CortexM3\ARM_GCC_541\Debug\Erika_Arcadian_Fader.a(PWM_Led_Yellow.o)
                0x000005dc                PWM_Led_Yellow_ReadCapture
 .text.PWM_Led_Yellow_ClearFIFO
                0x000005e8       0x14 .\CortexM3\ARM_GCC_541\Debug\Erika_Arcadian_Fader.a(PWM_Led_Yellow.o)
                0x000005e8                PWM_Led_Yellow_ClearFIFO
 .text.PWM_Led_Yellow_Init
                0x000005fc       0x54 .\CortexM3\ARM_GCC_541\Debug\Erika_Arcadian_Fader.a(PWM_Led_Yellow.o)
                0x000005fc                PWM_Led_Yellow_Init
 .text.PWM_Led_Yellow_Start
                0x00000650       0x1c .\CortexM3\ARM_GCC_541\Debug\Erika_Arcadian_Fader.a(PWM_Led_Yellow.o)
                0x00000650                PWM_Led_Yellow_Start
 .text.PWM_Led_Green_Enable
                0x0000066c       0x10 .\CortexM3\ARM_GCC_541\Debug\Erika_Arcadian_Fader.a(PWM_Led_Green.o)
                0x0000066c                PWM_Led_Green_Enable
 .text.PWM_Led_Green_WriteCounter
                0x0000067c        0xc .\CortexM3\ARM_GCC_541\Debug\Erika_Arcadian_Fader.a(PWM_Led_Green.o)
                0x0000067c                PWM_Led_Green_WriteCounter
 .text.PWM_Led_Green_WritePeriod
                0x00000688        0xc .\CortexM3\ARM_GCC_541\Debug\Erika_Arcadian_Fader.a(PWM_Led_Green.o)
                0x00000688                PWM_Led_Green_WritePeriod
 .text.PWM_Led_Green_WriteCompare
                0x00000694        0xc .\CortexM3\ARM_GCC_541\Debug\Erika_Arcadian_Fader.a(PWM_Led_Green.o)
                0x00000694                PWM_Led_Green_WriteCompare
 .text.PWM_Led_Green_SetInterruptMode
                0x000006a0        0xc .\CortexM3\ARM_GCC_541\Debug\Erika_Arcadian_Fader.a(PWM_Led_Green.o)
                0x000006a0                PWM_Led_Green_SetInterruptMode
 .text.PWM_Led_Green_ReadStatusRegister
                0x000006ac        0xc .\CortexM3\ARM_GCC_541\Debug\Erika_Arcadian_Fader.a(PWM_Led_Green.o)
                0x000006ac                PWM_Led_Green_ReadStatusRegister
 .text.PWM_Led_Green_ReadCapture
                0x000006b8        0xc .\CortexM3\ARM_GCC_541\Debug\Erika_Arcadian_Fader.a(PWM_Led_Green.o)
                0x000006b8                PWM_Led_Green_ReadCapture
 .text.PWM_Led_Green_ClearFIFO
                0x000006c4       0x14 .\CortexM3\ARM_GCC_541\Debug\Erika_Arcadian_Fader.a(PWM_Led_Green.o)
                0x000006c4                PWM_Led_Green_ClearFIFO
 .text.PWM_Led_Green_Init
                0x000006d8       0x50 .\CortexM3\ARM_GCC_541\Debug\Erika_Arcadian_Fader.a(PWM_Led_Green.o)
                0x000006d8                PWM_Led_Green_Init
 .text.PWM_Led_Green_Start
                0x00000728       0x1c .\CortexM3\ARM_GCC_541\Debug\Erika_Arcadian_Fader.a(PWM_Led_Green.o)
                0x00000728                PWM_Led_Green_Start
 .text.PWM_Led_Red_Enable
                0x00000744       0x10 .\CortexM3\ARM_GCC_541\Debug\Erika_Arcadian_Fader.a(PWM_Led_Red.o)
                0x00000744                PWM_Led_Red_Enable
 .text.PWM_Led_Red_WriteCounter
                0x00000754        0xc .\CortexM3\ARM_GCC_541\Debug\Erika_Arcadian_Fader.a(PWM_Led_Red.o)
                0x00000754                PWM_Led_Red_WriteCounter
 .text.PWM_Led_Red_WritePeriod
                0x00000760        0xc .\CortexM3\ARM_GCC_541\Debug\Erika_Arcadian_Fader.a(PWM_Led_Red.o)
                0x00000760                PWM_Led_Red_WritePeriod
 .text.PWM_Led_Red_WriteCompare
                0x0000076c        0xc .\CortexM3\ARM_GCC_541\Debug\Erika_Arcadian_Fader.a(PWM_Led_Red.o)
                0x0000076c                PWM_Led_Red_WriteCompare
 .text.PWM_Led_Red_SetInterruptMode
                0x00000778        0xc .\CortexM3\ARM_GCC_541\Debug\Erika_Arcadian_Fader.a(PWM_Led_Red.o)
                0x00000778                PWM_Led_Red_SetInterruptMode
 .text.PWM_Led_Red_ReadStatusRegister
                0x00000784        0xc .\CortexM3\ARM_GCC_541\Debug\Erika_Arcadian_Fader.a(PWM_Led_Red.o)
                0x00000784                PWM_Led_Red_ReadStatusRegister
 .text.PWM_Led_Red_ReadCapture
                0x00000790        0xc .\CortexM3\ARM_GCC_541\Debug\Erika_Arcadian_Fader.a(PWM_Led_Red.o)
                0x00000790                PWM_Led_Red_ReadCapture
 .text.PWM_Led_Red_ClearFIFO
                0x0000079c       0x14 .\CortexM3\ARM_GCC_541\Debug\Erika_Arcadian_Fader.a(PWM_Led_Red.o)
                0x0000079c                PWM_Led_Red_ClearFIFO
 .text.PWM_Led_Red_Init
                0x000007b0       0x50 .\CortexM3\ARM_GCC_541\Debug\Erika_Arcadian_Fader.a(PWM_Led_Red.o)
                0x000007b0                PWM_Led_Red_Init
 .text.PWM_Led_Red_Start
                0x00000800       0x1c .\CortexM3\ARM_GCC_541\Debug\Erika_Arcadian_Fader.a(PWM_Led_Red.o)
                0x00000800                PWM_Led_Red_Start
 .text.EE_oo_ActivateTask
                0x0000081c       0xe8 .\CortexM3\ARM_GCC_541\Debug\Erika_Arcadian_Fader.a(ErikaOS_1_ee_activate.o)
                0x0000081c                EE_oo_ActivateTask
 .text.EE_oo_SetRelAlarm
                0x00000904       0x80 .\CortexM3\ARM_GCC_541\Debug\Erika_Arcadian_Fader.a(ErikaOS_1_ee_alsetrel.o)
                0x00000904                EE_oo_SetRelAlarm
 .text.EE_oo_handle_action_callback
                0x00000984        0xc .\CortexM3\ARM_GCC_541\Debug\Erika_Arcadian_Fader.a(ErikaOS_1_ee_altick.o)
 .text.EE_oo_handle_action_task
                0x00000990       0x4c .\CortexM3\ARM_GCC_541\Debug\Erika_Arcadian_Fader.a(ErikaOS_1_ee_altick.o)
 .text.EE_oo_handle_action_event
                0x000009dc       0x60 .\CortexM3\ARM_GCC_541\Debug\Erika_Arcadian_Fader.a(ErikaOS_1_ee_altick.o)
 .text.EE_oo_handle_action
                0x00000a3c       0x28 .\CortexM3\ARM_GCC_541\Debug\Erika_Arcadian_Fader.a(ErikaOS_1_ee_altick.o)
 .text.EE_oo_counter_object_insert
                0x00000a64       0x9c .\CortexM3\ARM_GCC_541\Debug\Erika_Arcadian_Fader.a(ErikaOS_1_ee_altick.o)
                0x00000a64                EE_oo_counter_object_insert
 .text.EE_oo_IncrementCounterImplementation
                0x00000b00      0x100 .\CortexM3\ARM_GCC_541\Debug\Erika_Arcadian_Fader.a(ErikaOS_1_ee_altick.o)
                0x00000b00                EE_oo_IncrementCounterImplementation
 .text.EE_oo_IncrementCounter
                0x00000c00       0xb0 .\CortexM3\ARM_GCC_541\Debug\Erika_Arcadian_Fader.a(ErikaOS_1_ee_altick.o)
                0x00000c00                EE_oo_IncrementCounter
 .text.EE_IRQ_run_next_task
                0x00000cb0       0x30 .\CortexM3\ARM_GCC_541\Debug\Erika_Arcadian_Fader.a(ErikaOS_1_ee_irqendin.o)
 .text.EE_IRQ_end_instance
                0x00000ce0       0x68 .\CortexM3\ARM_GCC_541\Debug\Erika_Arcadian_Fader.a(ErikaOS_1_ee_irqendin.o)
                0x00000ce0                EE_IRQ_end_instance
 .text.EE_IRQ_end_post_stub
                0x00000d48       0x14 .\CortexM3\ARM_GCC_541\Debug\Erika_Arcadian_Fader.a(ErikaOS_1_ee_irqendin.o)
                0x00000d48                EE_IRQ_end_post_stub
 .text.EE_rq2stk_exchange
                0x00000d5c       0x88 .\CortexM3\ARM_GCC_541\Debug\Erika_Arcadian_Fader.a(ErikaOS_1_ee_rq_exchg.o)
                0x00000d5c                EE_rq2stk_exchange
 .text.EE_rq_queryfirst
                0x00000de4       0x44 .\CortexM3\ARM_GCC_541\Debug\Erika_Arcadian_Fader.a(ErikaOS_1_ee_rq_first.o)
                0x00000de4                EE_rq_queryfirst
 .text.EE_rq_insert
                0x00000e28       0x74 .\CortexM3\ARM_GCC_541\Debug\Erika_Arcadian_Fader.a(ErikaOS_1_ee_rq_inser.o)
                0x00000e28                EE_rq_insert
 .text.compute_task_tid
                0x00000e9c       0x10 .\CortexM3\ARM_GCC_541\Debug\Erika_Arcadian_Fader.a(ErikaOS_1_ee_startos.o)
 .text.EE_oo_start_os
                0x00000eac        0xc .\CortexM3\ARM_GCC_541\Debug\Erika_Arcadian_Fader.a(ErikaOS_1_ee_startos.o)
 .text.EE_oo_autostart_tasks
                0x00000eb8       0x60 .\CortexM3\ARM_GCC_541\Debug\Erika_Arcadian_Fader.a(ErikaOS_1_ee_startos.o)
 .text.EE_oo_autostart_os
                0x00000f18        0xc .\CortexM3\ARM_GCC_541\Debug\Erika_Arcadian_Fader.a(ErikaOS_1_ee_startos.o)
 .text.EE_oo_StartOS
                0x00000f24       0x8c .\CortexM3\ARM_GCC_541\Debug\Erika_Arcadian_Fader.a(ErikaOS_1_ee_startos.o)
                0x00000f24                EE_oo_StartOS
 .text.EE_oo_TerminateTask
                0x00000fb0       0x3c .\CortexM3\ARM_GCC_541\Debug\Erika_Arcadian_Fader.a(ErikaOS_1_ee_terminat.o)
                0x00000fb0                EE_oo_TerminateTask
 .text.EE_system_init
                0x00000fec       0x20 .\CortexM3\ARM_GCC_541\Debug\Erika_Arcadian_Fader.a(ErikaOS_1_cortex_mx_ee_utils.o)
                0x00000fec                EE_system_init
 .text.UART_LOG_Init
                0x0000100c       0x24 .\CortexM3\ARM_GCC_541\Debug\Erika_Arcadian_Fader.a(UART_LOG.o)
                0x0000100c                UART_LOG_Init
 .text.UART_LOG_Enable
                0x00001030       0x38 .\CortexM3\ARM_GCC_541\Debug\Erika_Arcadian_Fader.a(UART_LOG.o)
                0x00001030                UART_LOG_Enable
 .text.UART_LOG_Start
                0x00001068       0x1c .\CortexM3\ARM_GCC_541\Debug\Erika_Arcadian_Fader.a(UART_LOG.o)
                0x00001068                UART_LOG_Start
 .text.UART_LOG_IntClock_Start
                0x00001084       0x1c .\CortexM3\ARM_GCC_541\Debug\Erika_Arcadian_Fader.a(UART_LOG_IntClock.o)
                0x00001084                UART_LOG_IntClock_Start
 .text          0x000010a0       0x20 .\CortexM3\ARM_GCC_541\Debug\Erika_Arcadian_Fader.a(CyBootAsmGnu.o)
                0x000010a0                CyDelayCycles
                0x000010b0                CyEnterCriticalSection
                0x000010b8                CyExitCriticalSection
 .text          0x000010c0       0x7c .\CortexM3\ARM_GCC_541\Debug\Erika_Arcadian_Fader.a(ErikaOS_1_ee_gnu_change_context_isr.o)
                0x000010c0                EE_set_switch_context_pri
                0x000010da                EE_switch_context
                0x000010e4                EE_cortex_mx_pendsv_ISR
                0x00001120                EE_cortex_mx_svc_ISR
 .text          0x0000113c       0x24 .\CortexM3\ARM_GCC_541\Debug\Erika_Arcadian_Fader.a(ErikaOS_1_ee_gnu_irq_stack.o)
                0x0000113c                EE_cortex_mx_change_IRQ_stack
                0x0000114e                EE_cortex_mx_change_IRQ_stack_back
 .text          0x00001160       0x68 .\CortexM3\ARM_GCC_541\Debug\Erika_Arcadian_Fader.a(ErikaOS_1_ee_gnu_multi_context.o)
                0x00001160                EE_cortex_mx_change_context
 .text          0x000011c8       0x80 .\CortexM3\ARM_GCC_541\Debug\Erika_Arcadian_Fader.a(ErikaOS_1_ee_gnu_oo.o)
                0x000011c8                EE_hal_terminate_savestk
                0x00001212                EE_hal_terminate_task
 .text.EE_thread_not_terminated
                0x00001248       0x10 .\CortexM3\ARM_GCC_541\Debug\Erika_Arcadian_Fader.a(ErikaOS_1_ee_tnterm.o)
                0x00001248                EE_thread_not_terminated
 .text.EE_oo_thread_stub
                0x00001258       0x10 .\CortexM3\ARM_GCC_541\Debug\Erika_Arcadian_Fader.a(ErikaOS_1_ee_tstub.o)
                0x00001258                EE_oo_thread_stub
 .text.EE_std_run_task_code
                0x00001268       0x18 .\CortexM3\ARM_GCC_541\Debug\Erika_Arcadian_Fader.a(ErikaOS_1_cortex_mx_ee_context.o)
                0x00001268                EE_std_run_task_code
 .text.EE_std_need_context_change
                0x00001280       0x28 .\CortexM3\ARM_GCC_541\Debug\Erika_Arcadian_Fader.a(ErikaOS_1_cortex_mx_ee_context.o)
                0x00001280                EE_std_need_context_change
 .text.EE_thread_rnact_max
                0x000012a8       0x20 .\CortexM3\ARM_GCC_541\Debug\Erika_Arcadian_Fader.a(ErikaOS_1_ee_thendin.o)
 .text.EE_thread_endcycle_next
                0x000012c8       0x30 .\CortexM3\ARM_GCC_541\Debug\Erika_Arcadian_Fader.a(ErikaOS_1_ee_thendin.o)
 .text.EE_thread_end_instance
                0x000012f8      0x108 .\CortexM3\ARM_GCC_541\Debug\Erika_Arcadian_Fader.a(ErikaOS_1_ee_thendin.o)
                0x000012f8                EE_thread_end_instance
 .text.__errno  0x00001400        0xc c:/program files (x86)/cypress/psoc creator/4.4/psoc creator/import/gnu/arm/5.4.1/bin/../lib/gcc/arm-none-eabi/5.4.1/../../../../arm-none-eabi/lib/armv7-m\libg_nano.a(lib_a-errno.o)
                0x00001400                __errno
 .text.__libc_init_array
                0x0000140c       0x4c c:/program files (x86)/cypress/psoc creator/4.4/psoc creator/import/gnu/arm/5.4.1/bin/../lib/gcc/arm-none-eabi/5.4.1/../../../../arm-none-eabi/lib/armv7-m\libg_nano.a(lib_a-init.o)
                0x0000140c                __libc_init_array
 .text.memcpy   0x00001458       0x16 c:/program files (x86)/cypress/psoc creator/4.4/psoc creator/import/gnu/arm/5.4.1/bin/../lib/gcc/arm-none-eabi/5.4.1/../../../../arm-none-eabi/lib/armv7-m\libg_nano.a(lib_a-memcpy-stub.o)
                0x00001458                memcpy
 .text.memset   0x0000146e       0x10 c:/program files (x86)/cypress/psoc creator/4.4/psoc creator/import/gnu/arm/5.4.1/bin/../lib/gcc/arm-none-eabi/5.4.1/../../../../arm-none-eabi/lib/armv7-m\libg_nano.a(lib_a-memset.o)
                0x0000146e                memset
 *(.plt)
 *(.gnu.warning)
 *(.glue_7t)
 .glue_7t       0x0000147e        0x0 linker stubs
 *(.glue_7)
 .glue_7        0x0000147e        0x0 linker stubs
 *(.vfp11_veneer)
 .vfp11_veneer  0x0000147e        0x0 linker stubs
 *(.bootloader)
 *(.ARM.extab* .gnu.linkonce.armextab.*)
 *(.gcc_except_table)

.v4_bx          0x00001480        0x0
 .v4_bx         0x00001480        0x0 linker stubs

.iplt           0x00001480        0x0
 .iplt          0x00001480        0x0 c:/program files (x86)/cypress/psoc creator/4.4/psoc creator/import/gnu/arm/5.4.1/bin/../lib/gcc/arm-none-eabi/5.4.1/armv7-m/crtbegin.o

.eh_frame_hdr
 *(.eh_frame_hdr)

.eh_frame       0x00001480        0x4
 *(.eh_frame)
 .eh_frame      0x00001480        0x0 c:/program files (x86)/cypress/psoc creator/4.4/psoc creator/import/gnu/arm/5.4.1/bin/../lib/gcc/arm-none-eabi/5.4.1/armv7-m/crtbegin.o
 .eh_frame      0x00001480        0x4 c:/program files (x86)/cypress/psoc creator/4.4/psoc creator/import/gnu/arm/5.4.1/bin/../lib/gcc/arm-none-eabi/5.4.1/armv7-m/crtend.o
                [!provide]                PROVIDE (__exidx_start, .)

.ARM.exidx
 *(.ARM.exidx* .gnu.linkonce.armexidx.*)
                0x00001484                __exidx_end = .

.rodata         0x00001484      0x4ac
 *(.rodata .rodata.* .gnu.linkonce.r.*)
 .rodata        0x00001484      0x200 .\CortexM3\ARM_GCC_541\Debug\main.o
 .rodata        0x00001684       0x44 .\CortexM3\ARM_GCC_541\Debug\cyfitter_cfg.o
 .rodata        0x000016c8      0x100 .\CortexM3\ARM_GCC_541\Debug\Erika_Arcadian_Fader.a(ErikaOS_1_ee_lookup.o)
                0x000016c8                EE_rq_lookup
 .rodata        0x000017c8       0xdc .\CortexM3\ARM_GCC_541\Debug\Erika_Arcadian_Fader.a(ErikaOS_1_eecfg.o)
                0x000017c8                EE_oo_autostart_task_data
                0x000017d4                EE_oo_action_ROM
                0x000017fc                EE_oo_counter_object_ROM
                0x00001814                EE_ALARM_ID
                0x0000181c                EE_alarm_ROM
                0x00001824                EE_counter_ROM
                0x00001830                EE_th_is_extended
                0x00001840                EE_th_rnact_max
                0x00001850                EE_th_dispatch_prio
                0x00001860                EE_th_ready_prio
                0x00001860                EE_EVENT_ID
                0x00001870                EE_terminate_real_th_body
                0x00001880                EE_hal_thread_body
                0x00001890                EE_std_thread_tos
 .rodata.str1.4
                0x000018a4       0x54 .\CortexM3\ARM_GCC_541\Debug\Erika_Arcadian_Fader.a(ErikaOS_1_eecfg.o)
                                 0x53 (size before relaxing)
 .rodata.str1.1
                0x000018f8        0x2 c:/program files (x86)/cypress/psoc creator/4.4/psoc creator/import/gnu/arm/5.4.1/bin/../lib/gcc/arm-none-eabi/5.4.1/../../../../arm-none-eabi/lib/armv7-m\libg_nano.a(lib_a-impure.o)
                0x000018fc                . = ALIGN (0x4)
 *fill*         0x000018fa        0x2 
 *(.init)
 .init          0x000018fc        0x4 c:/program files (x86)/cypress/psoc creator/4.4/psoc creator/import/gnu/arm/5.4.1/bin/../lib/gcc/arm-none-eabi/5.4.1/armv7-m/crti.o
                0x000018fc                _init
 .init          0x00001900        0x8 c:/program files (x86)/cypress/psoc creator/4.4/psoc creator/import/gnu/arm/5.4.1/bin/../lib/gcc/arm-none-eabi/5.4.1/armv7-m/crtn.o
                0x00001908                . = ALIGN (0x4)
                0x00001908                __preinit_array_start = .
 *(.preinit_array)
                0x00001908                __preinit_array_end = .
                0x00001908                . = ALIGN (0x4)
                0x00001908                __init_array_start = .
 *(SORT(.init_array.*))
 *(.init_array)
 .init_array    0x00001908        0x4 c:/program files (x86)/cypress/psoc creator/4.4/psoc creator/import/gnu/arm/5.4.1/bin/../lib/gcc/arm-none-eabi/5.4.1/armv7-m/crtbegin.o
 .init_array    0x0000190c        0x4 .\CortexM3\ARM_GCC_541\Debug\Cm3Start.o
                0x00001910                __init_array_end = .
                0x00001910                . = ALIGN (0x4)
 *(.fini)
 .fini          0x00001910        0x4 c:/program files (x86)/cypress/psoc creator/4.4/psoc creator/import/gnu/arm/5.4.1/bin/../lib/gcc/arm-none-eabi/5.4.1/armv7-m/crti.o
                0x00001910                _fini
 .fini          0x00001914        0x8 c:/program files (x86)/cypress/psoc creator/4.4/psoc creator/import/gnu/arm/5.4.1/bin/../lib/gcc/arm-none-eabi/5.4.1/armv7-m/crtn.o
                0x0000191c                . = ALIGN (0x4)
                0x0000191c                __fini_array_start = .
 *(.fini_array)
 .fini_array    0x0000191c        0x4 c:/program files (x86)/cypress/psoc creator/4.4/psoc creator/import/gnu/arm/5.4.1/bin/../lib/gcc/arm-none-eabi/5.4.1/armv7-m/crtbegin.o
 *(SORT(.fini_array.*))
                0x00001920                __fini_array_end = .
                0x00001920                . = ALIGN (0x4)
 *crtbegin.o(.ctors)
 *(EXCLUDE_FILE(*crtend.o) .ctors)
 *(SORT(.ctors.*))
 *crtend.o(.ctors)
                0x00001920                . = ALIGN (0x4)
 *crtbegin.o(.dtors)
 *(EXCLUDE_FILE(*crtend.o) .dtors)
 *(SORT(.dtors.*))
 *crtend.o(.dtors)
                0x00001920                . = ALIGN (0x4)
                0x00001920                __cy_regions = .
                0x00001920        0x4 LONG 0x1930 __cy_region_init_ram
                0x00001924        0x4 LONG 0x1fff80c8 __cy_region_start_data
                0x00001928        0x4 LONG 0x178 __cy_region_init_size_ram
                0x0000192c        0x4 LONG 0x2c8 __cy_region_zero_size_ram
                0x00001930                __cy_regions_end = .
                0x00001930                . = ALIGN (0x8)
                0x00001930                _etext = .

.cy_checksum_exclude
                0x00001930        0x0
 *(.cy_checksum_exclude)

.ramvectors     0x1fff8000       0xc0
                0x1fff8000                __cy_region_start_ram = .
 *(.ramvectors)
 .ramvectors    0x1fff8000       0xc0 .\CortexM3\ARM_GCC_541\Debug\Cm3Start.o
                0x1fff8000                CyRamVectors

.noinit         0x1fff80c0        0x1
 *(.noinit)
 .noinit        0x1fff80c0        0x1 .\CortexM3\ARM_GCC_541\Debug\Erika_Arcadian_Fader.a(CyLib.o)
                0x1fff80c0                CyResetStatus

.data           0x1fff80c8      0x178 load address 0x00001930
                0x1fff80c8                __cy_region_start_data = .
 *(.jcr)
 .jcr           0x1fff80c8        0x0 c:/program files (x86)/cypress/psoc creator/4.4/psoc creator/import/gnu/arm/5.4.1/bin/../lib/gcc/arm-none-eabi/5.4.1/armv7-m/crtbegin.o
 .jcr           0x1fff80c8        0x4 c:/program files (x86)/cypress/psoc creator/4.4/psoc creator/import/gnu/arm/5.4.1/bin/../lib/gcc/arm-none-eabi/5.4.1/armv7-m/crtend.o
 *(.got.plt)
 *(.got)
 *(.shdata)
 *(.data .data.* .gnu.linkonce.d.*)
 .data          0x1fff80cc      0x108 .\CortexM3\ARM_GCC_541\Debug\Erika_Arcadian_Fader.a(ErikaOS_1_eecfg.o)
                0x1fff80cc                EE_ALARM_NAME
                0x1fff80d4                EE_counter_RAM
                0x1fff80dc                EE_th_terminate_nextask
                0x1fff80ec                EE_rq_pairs_next
                0x1fff80fc                EE_rq_link
                0x1fff810c                EE_th_rnact
                0x1fff811c                EE_rq_queues_tail
                0x1fff815c                EE_rq_queues_head
                0x1fff819c                EE_stkfirst
                0x1fff81a0                EE_th_next
                0x1fff81b0                EE_th_status
                0x1fff81c0                EE_TASK_NAME
                0x1fff81d0                EE_cortex_mx_IRQ_tos
 .data          0x1fff81d4        0x4 .\CortexM3\ARM_GCC_541\Debug\Erika_Arcadian_Fader.a(ErikaOS_1_ee_gnu_irq_stack.o)
 .data.impure_data
                0x1fff81d8       0x60 c:/program files (x86)/cypress/psoc creator/4.4/psoc creator/import/gnu/arm/5.4.1/bin/../lib/gcc/arm-none-eabi/5.4.1/../../../../arm-none-eabi/lib/armv7-m\libg_nano.a(lib_a-impure.o)
 .data._impure_ptr
                0x1fff8238        0x4 c:/program files (x86)/cypress/psoc creator/4.4/psoc creator/import/gnu/arm/5.4.1/bin/../lib/gcc/arm-none-eabi/5.4.1/../../../../arm-none-eabi/lib/armv7-m\libg_nano.a(lib_a-impure.o)
                0x1fff8238                _impure_ptr
                0x1fff8240                . = ALIGN (0x8)
 *fill*         0x1fff823c        0x4 
 *(.ram)
                0x1fff8240                _edata = .

.igot.plt       0x1fff8240        0x0 load address 0x00001aa8
 .igot.plt      0x1fff8240        0x0 c:/program files (x86)/cypress/psoc creator/4.4/psoc creator/import/gnu/arm/5.4.1/bin/../lib/gcc/arm-none-eabi/5.4.1/armv7-m/crtbegin.o

.bss            0x1fff8240      0x2c8 load address 0x00001aa8
                0x1fff8240                PROVIDE (__bss_start__, .)
 *(.shbss)
 *(.bss .bss.* .gnu.linkonce.b.*)
 .bss           0x1fff8240       0x1c c:/program files (x86)/cypress/psoc creator/4.4/psoc creator/import/gnu/arm/5.4.1/bin/../lib/gcc/arm-none-eabi/5.4.1/armv7-m/crtbegin.o
 .bss           0x1fff825c        0x4 .\CortexM3\ARM_GCC_541\Debug\main.o
                0x1fff825c                sys_tick_count
 .bss           0x1fff8260        0x1 .\CortexM3\ARM_GCC_541\Debug\Erika_Arcadian_Fader.a(PWM_Led_Yellow.o)
                0x1fff8260                PWM_Led_Yellow_initVar
 .bss           0x1fff8261        0x1 .\CortexM3\ARM_GCC_541\Debug\Erika_Arcadian_Fader.a(PWM_Led_Green.o)
                0x1fff8261                PWM_Led_Green_initVar
 .bss           0x1fff8262        0x1 .\CortexM3\ARM_GCC_541\Debug\Erika_Arcadian_Fader.a(PWM_Led_Red.o)
                0x1fff8262                PWM_Led_Red_initVar
 *fill*         0x1fff8263        0x1 
 .bss           0x1fff8264       0x44 .\CortexM3\ARM_GCC_541\Debug\Erika_Arcadian_Fader.a(ErikaOS_1_eecfg.o)
                0x1fff8264                EE_th_waswaiting
                0x1fff8274                EE_th_event_waitmask
                0x1fff8284                EE_th_event_active
                0x1fff8294                EE_rq_free
                0x1fff8298                EE_rq_bitmask
                0x1fff829c                EE_sys_ceiling
                0x1fff82a0                EE_EVENT_NAME
                0x1fff82a0                EE_cortex_mx_active_tos
                0x1fff82a4                EE_cortex_mx_system_tos
 .bss           0x1fff82a8        0x2 .\CortexM3\ARM_GCC_541\Debug\Erika_Arcadian_Fader.a(UART_LOG.o)
                0x1fff82a8                UART_LOG_initVar
 *(COMMON)
 *fill*         0x1fff82aa        0x2 
 COMMON         0x1fff82ac        0x8 .\CortexM3\ARM_GCC_541\Debug\Erika_Arcadian_Fader.a(ErikaOS_1_ee_lookup.o)
                0x1fff82ac                EE_oo_IRQ_disable_count
                0x1fff82b0                EE_oo_IRQ_suspend_status
 COMMON         0x1fff82b4        0x4 .\CortexM3\ARM_GCC_541\Debug\Erika_Arcadian_Fader.a(ErikaOS_1_ee_startos.o)
                0x1fff82b4                EE_oo_started
 COMMON         0x1fff82b8        0x8 .\CortexM3\ARM_GCC_541\Debug\Erika_Arcadian_Fader.a(ErikaOS_1_common_ee_hal_structs.o)
                0x1fff82b8                EE_IRQ_nesting_level
                0x1fff82bc                EE_std_endcycle_next_tid
 COMMON         0x1fff82c0      0x244 .\CortexM3\ARM_GCC_541\Debug\Erika_Arcadian_Fader.a(ErikaOS_1_eecfg.o)
                0x1fff82c0                EE_rq_pairs_tid
                0x1fff82d0                EE_terminate_data
                0x1fff82e0                EE_oo_counter_object_RAM
                0x1fff8300                EE_ApplicationMode
                0x1fff8304                EE_cortex_mx_stack_9
                0x1fff8508                . = ALIGN (0x8)
 *fill*         0x1fff8504        0x4 
 *(.ram.b)
                0x1fff8508                _end = .
                0x1fff8508                __end = .
                0x1fff8508                PROVIDE (end, .)
                0x1fff8508                PROVIDE (__bss_end__, .)
                0x00001930                __cy_region_init_ram = LOADADDR (.data)
                0x00000178                __cy_region_init_size_ram = (_edata - ADDR (.data))
                0x000002c8                __cy_region_zero_size_ram = (_end - _edata)

.heap           0x1fff8508       0x80 load address 0x00001aa8
                0x1fff8508                . = _end
                0x1fff8588                . = (. + 0x80)
 *fill*         0x1fff8508       0x80 
                0x1fff8588                __cy_heap_limit = .

.stack          0x20007800      0x800
                0x20007800                __cy_stack_limit = .
                0x20008000                . = (. + 0x800)
 *fill*         0x20007800      0x800 
                0x00000001                ASSERT ((__cy_stack_limit >= __cy_heap_limit), region RAM overflowed with stack)
                0x00000000                cy_checksum_exclude_size = (CY_APPL_LOADABLE == 0x1)?SIZEOF (.cy_checksum_exclude):0x0
                0x00000001                ASSERT ((cy_checksum_exclude_size <= CY_CHECKSUM_EXCLUDE_SIZE), CY_BOOT: Section .cy_checksum_exclude size exceedes specified limit.)

.cyloadermeta
 *(.cyloadermeta)

.cyloadablemeta
 *(.cyloadablemeta)

.cyconfigecc    0x80000000      0x57c
 *(.cyconfigecc)
 .cyconfigecc   0x80000000      0x57c .\CortexM3\ARM_GCC_541\Debug\cymetadata.o
                0x80000000                cy_meta_configecc

.cycustnvl      0x90000000        0x4
 *(.cycustnvl)
 .cycustnvl     0x90000000        0x4 .\CortexM3\ARM_GCC_541\Debug\cymetadata.o
                0x90000000                cy_meta_custnvl

.cywolatch      0x90100000        0x4
 *(.cywolatch)
 .cywolatch     0x90100000        0x4 .\CortexM3\ARM_GCC_541\Debug\cymetadata.o
                0x90100000                cy_meta_wonvl

.cyeeprom       0x90200000        0x0
 *(.cyeeprom)
                0x00000001                ASSERT ((. <= ((0x90200000 + ee_offset) + ee_size)), .cyeeprom data will not fit in EEPROM)

.cyflashprotect
                0x90400000      0x100
 *(.cyflashprotect)
 .cyflashprotect
                0x90400000      0x100 .\CortexM3\ARM_GCC_541\Debug\cymetadata.o
                0x90400000                cy_meta_flashprotect

.cymeta         0x90500000        0xc
 *(.cymeta)
 .cymeta        0x90500000        0xc .\CortexM3\ARM_GCC_541\Debug\cymetadata.o
                0x90500000                cy_metadata

.rel.dyn        0x00001aa8        0x0 load address 0x9050000c
 .rel.iplt      0x00001aa8        0x0 c:/program files (x86)/cypress/psoc creator/4.4/psoc creator/import/gnu/arm/5.4.1/bin/../lib/gcc/arm-none-eabi/5.4.1/armv7-m/crtbegin.o

.stab
 *(.stab)

.stabstr
 *(.stabstr)

.debug
 *(.debug)

.line
 *(.line)

.debug_srcinfo
 *(.debug_srcinfo)

.debug_sfnames
 *(.debug_sfnames)

.debug_aranges  0x00000000      0xbf0
 *(.debug_aranges)
 .debug_aranges
                0x00000000       0x50 .\CortexM3\ARM_GCC_541\Debug\main.o
 .debug_aranges
                0x00000050       0x20 .\CortexM3\ARM_GCC_541\Debug\fader.o
 .debug_aranges
                0x00000070       0x58 .\CortexM3\ARM_GCC_541\Debug\cyfitter_cfg.o
 .debug_aranges
                0x000000c8       0x18 .\CortexM3\ARM_GCC_541\Debug\cymetadata.o
 .debug_aranges
                0x000000e0       0x48 .\CortexM3\ARM_GCC_541\Debug\Cm3Start.o
 .debug_aranges
                0x00000128       0x98 .\CortexM3\ARM_GCC_541\Debug\Erika_Arcadian_Fader.a(PWM_Led_Yellow.o)
 .debug_aranges
                0x000001c0       0x98 .\CortexM3\ARM_GCC_541\Debug\Erika_Arcadian_Fader.a(PWM_Led_Green.o)
 .debug_aranges
                0x00000258       0x98 .\CortexM3\ARM_GCC_541\Debug\Erika_Arcadian_Fader.a(PWM_Led_Red.o)
 .debug_aranges
                0x000002f0      0x2a0 .\CortexM3\ARM_GCC_541\Debug\Erika_Arcadian_Fader.a(CyLib.o)
 .debug_aranges
                0x00000590       0x98 .\CortexM3\ARM_GCC_541\Debug\Erika_Arcadian_Fader.a(cyPm.o)
 .debug_aranges
                0x00000628       0x20 .\CortexM3\ARM_GCC_541\Debug\Erika_Arcadian_Fader.a(ErikaOS_1_ee_activate.o)
 .debug_aranges
                0x00000648       0x20 .\CortexM3\ARM_GCC_541\Debug\Erika_Arcadian_Fader.a(ErikaOS_1_ee_alsetrel.o)
 .debug_aranges
                0x00000668       0x58 .\CortexM3\ARM_GCC_541\Debug\Erika_Arcadian_Fader.a(ErikaOS_1_ee_altick.o)
 .debug_aranges
                0x000006c0       0x30 .\CortexM3\ARM_GCC_541\Debug\Erika_Arcadian_Fader.a(ErikaOS_1_ee_irqendin.o)
 .debug_aranges
                0x000006f0       0x18 .\CortexM3\ARM_GCC_541\Debug\Erika_Arcadian_Fader.a(ErikaOS_1_ee_lookup.o)
 .debug_aranges
                0x00000708       0x20 .\CortexM3\ARM_GCC_541\Debug\Erika_Arcadian_Fader.a(ErikaOS_1_ee_rq_exchg.o)
 .debug_aranges
                0x00000728       0x20 .\CortexM3\ARM_GCC_541\Debug\Erika_Arcadian_Fader.a(ErikaOS_1_ee_rq_first.o)
 .debug_aranges
                0x00000748       0x20 .\CortexM3\ARM_GCC_541\Debug\Erika_Arcadian_Fader.a(ErikaOS_1_ee_rq_inser.o)
 .debug_aranges
                0x00000768       0x40 .\CortexM3\ARM_GCC_541\Debug\Erika_Arcadian_Fader.a(ErikaOS_1_ee_startos.o)
 .debug_aranges
                0x000007a8       0x20 .\CortexM3\ARM_GCC_541\Debug\Erika_Arcadian_Fader.a(ErikaOS_1_ee_terminat.o)
 .debug_aranges
                0x000007c8       0x20 .\CortexM3\ARM_GCC_541\Debug\Erika_Arcadian_Fader.a(ErikaOS_1_cortex_mx_ee_utils.o)
 .debug_aranges
                0x000007e8       0x18 .\CortexM3\ARM_GCC_541\Debug\Erika_Arcadian_Fader.a(ErikaOS_1_common_ee_hal_structs.o)
 .debug_aranges
                0x00000800       0x18 .\CortexM3\ARM_GCC_541\Debug\Erika_Arcadian_Fader.a(ErikaOS_1_eecfg.o)
 .debug_aranges
                0x00000818       0x38 .\CortexM3\ARM_GCC_541\Debug\Erika_Arcadian_Fader.a(RGB_Red.o)
 .debug_aranges
                0x00000850       0xf0 .\CortexM3\ARM_GCC_541\Debug\Erika_Arcadian_Fader.a(UART_LOG.o)
 .debug_aranges
                0x00000940       0x70 .\CortexM3\ARM_GCC_541\Debug\Erika_Arcadian_Fader.a(UART_LOG_IntClock.o)
 .debug_aranges
                0x000009b0       0x20 .\CortexM3\ARM_GCC_541\Debug\Erika_Arcadian_Fader.a(CyBootAsmGnu.o)
 .debug_aranges
                0x000009d0       0x20 .\CortexM3\ARM_GCC_541\Debug\Erika_Arcadian_Fader.a(ErikaOS_1_ee_gnu_change_context_isr.o)
 .debug_aranges
                0x000009f0       0x20 .\CortexM3\ARM_GCC_541\Debug\Erika_Arcadian_Fader.a(ErikaOS_1_ee_gnu_irq_stack.o)
 .debug_aranges
                0x00000a10       0x20 .\CortexM3\ARM_GCC_541\Debug\Erika_Arcadian_Fader.a(ErikaOS_1_ee_gnu_multi_context.o)
 .debug_aranges
                0x00000a30       0x20 .\CortexM3\ARM_GCC_541\Debug\Erika_Arcadian_Fader.a(ErikaOS_1_ee_gnu_oo.o)
 .debug_aranges
                0x00000a50       0x88 .\CortexM3\ARM_GCC_541\Debug\Erika_Arcadian_Fader.a(CyFlash.o)
 .debug_aranges
                0x00000ad8       0x80 .\CortexM3\ARM_GCC_541\Debug\Erika_Arcadian_Fader.a(CySpc.o)
 .debug_aranges
                0x00000b58       0x20 .\CortexM3\ARM_GCC_541\Debug\Erika_Arcadian_Fader.a(ErikaOS_1_ee_tnterm.o)
 .debug_aranges
                0x00000b78       0x20 .\CortexM3\ARM_GCC_541\Debug\Erika_Arcadian_Fader.a(ErikaOS_1_ee_tstub.o)
 .debug_aranges
                0x00000b98       0x28 .\CortexM3\ARM_GCC_541\Debug\Erika_Arcadian_Fader.a(ErikaOS_1_cortex_mx_ee_context.o)
 .debug_aranges
                0x00000bc0       0x30 .\CortexM3\ARM_GCC_541\Debug\Erika_Arcadian_Fader.a(ErikaOS_1_ee_thendin.o)

.debug_pubnames
 *(.debug_pubnames)

.debug_info     0x00000000     0xd2e8
 *(.debug_info .gnu.linkonce.wi.*)
 .debug_info    0x00000000      0x68b .\CortexM3\ARM_GCC_541\Debug\main.o
 .debug_info    0x0000068b      0x502 .\CortexM3\ARM_GCC_541\Debug\fader.o
 .debug_info    0x00000b8d      0x5cd .\CortexM3\ARM_GCC_541\Debug\cyfitter_cfg.o
 .debug_info    0x0000115a      0x136 .\CortexM3\ARM_GCC_541\Debug\cymetadata.o
 .debug_info    0x00001290      0x3bb .\CortexM3\ARM_GCC_541\Debug\Cm3Start.o
 .debug_info    0x0000164b      0x334 .\CortexM3\ARM_GCC_541\Debug\Erika_Arcadian_Fader.a(PWM_Led_Yellow.o)
 .debug_info    0x0000197f      0x334 .\CortexM3\ARM_GCC_541\Debug\Erika_Arcadian_Fader.a(PWM_Led_Green.o)
 .debug_info    0x00001cb3      0x334 .\CortexM3\ARM_GCC_541\Debug\Erika_Arcadian_Fader.a(PWM_Led_Red.o)
 .debug_info    0x00001fe7     0x1374 .\CortexM3\ARM_GCC_541\Debug\Erika_Arcadian_Fader.a(CyLib.o)
 .debug_info    0x0000335b      0xa2a .\CortexM3\ARM_GCC_541\Debug\Erika_Arcadian_Fader.a(cyPm.o)
 .debug_info    0x00003d85      0x80d .\CortexM3\ARM_GCC_541\Debug\Erika_Arcadian_Fader.a(ErikaOS_1_ee_activate.o)
 .debug_info    0x00004592      0x5e5 .\CortexM3\ARM_GCC_541\Debug\Erika_Arcadian_Fader.a(ErikaOS_1_ee_alsetrel.o)
 .debug_info    0x00004b77      0xc3b .\CortexM3\ARM_GCC_541\Debug\Erika_Arcadian_Fader.a(ErikaOS_1_ee_altick.o)
 .debug_info    0x000057b2      0x5cb .\CortexM3\ARM_GCC_541\Debug\Erika_Arcadian_Fader.a(ErikaOS_1_ee_irqendin.o)
 .debug_info    0x00005d7d      0x3d0 .\CortexM3\ARM_GCC_541\Debug\Erika_Arcadian_Fader.a(ErikaOS_1_ee_lookup.o)
 .debug_info    0x0000614d      0x46f .\CortexM3\ARM_GCC_541\Debug\Erika_Arcadian_Fader.a(ErikaOS_1_ee_rq_exchg.o)
 .debug_info    0x000065bc      0x421 .\CortexM3\ARM_GCC_541\Debug\Erika_Arcadian_Fader.a(ErikaOS_1_ee_rq_first.o)
 .debug_info    0x000069dd      0x475 .\CortexM3\ARM_GCC_541\Debug\Erika_Arcadian_Fader.a(ErikaOS_1_ee_rq_inser.o)
 .debug_info    0x00006e52     0x2040 .\CortexM3\ARM_GCC_541\Debug\Erika_Arcadian_Fader.a(ErikaOS_1_ee_startos.o)
 .debug_info    0x00008e92      0x589 .\CortexM3\ARM_GCC_541\Debug\Erika_Arcadian_Fader.a(ErikaOS_1_ee_terminat.o)
 .debug_info    0x0000941b      0x4cc .\CortexM3\ARM_GCC_541\Debug\Erika_Arcadian_Fader.a(ErikaOS_1_cortex_mx_ee_utils.o)
 .debug_info    0x000098e7      0x3cb .\CortexM3\ARM_GCC_541\Debug\Erika_Arcadian_Fader.a(ErikaOS_1_common_ee_hal_structs.o)
 .debug_info    0x00009cb2      0x893 .\CortexM3\ARM_GCC_541\Debug\Erika_Arcadian_Fader.a(ErikaOS_1_eecfg.o)
 .debug_info    0x0000a545      0x11f .\CortexM3\ARM_GCC_541\Debug\Erika_Arcadian_Fader.a(RGB_Red.o)
 .debug_info    0x0000a664      0x60c .\CortexM3\ARM_GCC_541\Debug\Erika_Arcadian_Fader.a(UART_LOG.o)
 .debug_info    0x0000ac70      0x283 .\CortexM3\ARM_GCC_541\Debug\Erika_Arcadian_Fader.a(UART_LOG_IntClock.o)
 .debug_info    0x0000aef3       0xac .\CortexM3\ARM_GCC_541\Debug\Erika_Arcadian_Fader.a(CyBootAsmGnu.o)
 .debug_info    0x0000af9f       0xc3 .\CortexM3\ARM_GCC_541\Debug\Erika_Arcadian_Fader.a(ErikaOS_1_ee_gnu_change_context_isr.o)
 .debug_info    0x0000b062       0xba .\CortexM3\ARM_GCC_541\Debug\Erika_Arcadian_Fader.a(ErikaOS_1_ee_gnu_irq_stack.o)
 .debug_info    0x0000b11c       0xbe .\CortexM3\ARM_GCC_541\Debug\Erika_Arcadian_Fader.a(ErikaOS_1_ee_gnu_multi_context.o)
 .debug_info    0x0000b1da       0xb3 .\CortexM3\ARM_GCC_541\Debug\Erika_Arcadian_Fader.a(ErikaOS_1_ee_gnu_oo.o)
 .debug_info    0x0000b28d      0x64d .\CortexM3\ARM_GCC_541\Debug\Erika_Arcadian_Fader.a(CyFlash.o)
 .debug_info    0x0000b8da      0x550 .\CortexM3\ARM_GCC_541\Debug\Erika_Arcadian_Fader.a(CySpc.o)
 .debug_info    0x0000be2a      0x43d .\CortexM3\ARM_GCC_541\Debug\Erika_Arcadian_Fader.a(ErikaOS_1_ee_tnterm.o)
 .debug_info    0x0000c267      0x487 .\CortexM3\ARM_GCC_541\Debug\Erika_Arcadian_Fader.a(ErikaOS_1_ee_tstub.o)
 .debug_info    0x0000c6ee      0x501 .\CortexM3\ARM_GCC_541\Debug\Erika_Arcadian_Fader.a(ErikaOS_1_cortex_mx_ee_context.o)
 .debug_info    0x0000cbef      0x6f9 .\CortexM3\ARM_GCC_541\Debug\Erika_Arcadian_Fader.a(ErikaOS_1_ee_thendin.o)

.debug_abbrev   0x00000000     0x3426
 *(.debug_abbrev)
 .debug_abbrev  0x00000000      0x253 .\CortexM3\ARM_GCC_541\Debug\main.o
 .debug_abbrev  0x00000253      0x132 .\CortexM3\ARM_GCC_541\Debug\fader.o
 .debug_abbrev  0x00000385      0x20d .\CortexM3\ARM_GCC_541\Debug\cyfitter_cfg.o
 .debug_abbrev  0x00000592       0x77 .\CortexM3\ARM_GCC_541\Debug\cymetadata.o
 .debug_abbrev  0x00000609      0x1e8 .\CortexM3\ARM_GCC_541\Debug\Cm3Start.o
 .debug_abbrev  0x000007f1      0x133 .\CortexM3\ARM_GCC_541\Debug\Erika_Arcadian_Fader.a(PWM_Led_Yellow.o)
 .debug_abbrev  0x00000924      0x133 .\CortexM3\ARM_GCC_541\Debug\Erika_Arcadian_Fader.a(PWM_Led_Green.o)
 .debug_abbrev  0x00000a57      0x133 .\CortexM3\ARM_GCC_541\Debug\Erika_Arcadian_Fader.a(PWM_Led_Red.o)
 .debug_abbrev  0x00000b8a      0x254 .\CortexM3\ARM_GCC_541\Debug\Erika_Arcadian_Fader.a(CyLib.o)
 .debug_abbrev  0x00000dde      0x1ab .\CortexM3\ARM_GCC_541\Debug\Erika_Arcadian_Fader.a(cyPm.o)
 .debug_abbrev  0x00000f89      0x284 .\CortexM3\ARM_GCC_541\Debug\Erika_Arcadian_Fader.a(ErikaOS_1_ee_activate.o)
 .debug_abbrev  0x0000120d      0x1f7 .\CortexM3\ARM_GCC_541\Debug\Erika_Arcadian_Fader.a(ErikaOS_1_ee_alsetrel.o)
 .debug_abbrev  0x00001404      0x362 .\CortexM3\ARM_GCC_541\Debug\Erika_Arcadian_Fader.a(ErikaOS_1_ee_altick.o)
 .debug_abbrev  0x00001766      0x1da .\CortexM3\ARM_GCC_541\Debug\Erika_Arcadian_Fader.a(ErikaOS_1_ee_irqendin.o)
 .debug_abbrev  0x00001940       0xcf .\CortexM3\ARM_GCC_541\Debug\Erika_Arcadian_Fader.a(ErikaOS_1_ee_lookup.o)
 .debug_abbrev  0x00001a0f       0xfc .\CortexM3\ARM_GCC_541\Debug\Erika_Arcadian_Fader.a(ErikaOS_1_ee_rq_exchg.o)
 .debug_abbrev  0x00001b0b       0xed .\CortexM3\ARM_GCC_541\Debug\Erika_Arcadian_Fader.a(ErikaOS_1_ee_rq_first.o)
 .debug_abbrev  0x00001bf8      0x109 .\CortexM3\ARM_GCC_541\Debug\Erika_Arcadian_Fader.a(ErikaOS_1_ee_rq_inser.o)
 .debug_abbrev  0x00001d01      0x4a7 .\CortexM3\ARM_GCC_541\Debug\Erika_Arcadian_Fader.a(ErikaOS_1_ee_startos.o)
 .debug_abbrev  0x000021a8      0x1de .\CortexM3\ARM_GCC_541\Debug\Erika_Arcadian_Fader.a(ErikaOS_1_ee_terminat.o)
 .debug_abbrev  0x00002386      0x1ad .\CortexM3\ARM_GCC_541\Debug\Erika_Arcadian_Fader.a(ErikaOS_1_cortex_mx_ee_utils.o)
 .debug_abbrev  0x00002533       0xcf .\CortexM3\ARM_GCC_541\Debug\Erika_Arcadian_Fader.a(ErikaOS_1_common_ee_hal_structs.o)
 .debug_abbrev  0x00002602      0x12e .\CortexM3\ARM_GCC_541\Debug\Erika_Arcadian_Fader.a(ErikaOS_1_eecfg.o)
 .debug_abbrev  0x00002730       0x90 .\CortexM3\ARM_GCC_541\Debug\Erika_Arcadian_Fader.a(RGB_Red.o)
 .debug_abbrev  0x000027c0      0x175 .\CortexM3\ARM_GCC_541\Debug\Erika_Arcadian_Fader.a(UART_LOG.o)
 .debug_abbrev  0x00002935      0x139 .\CortexM3\ARM_GCC_541\Debug\Erika_Arcadian_Fader.a(UART_LOG_IntClock.o)
 .debug_abbrev  0x00002a6e       0x14 .\CortexM3\ARM_GCC_541\Debug\Erika_Arcadian_Fader.a(CyBootAsmGnu.o)
 .debug_abbrev  0x00002a82       0x14 .\CortexM3\ARM_GCC_541\Debug\Erika_Arcadian_Fader.a(ErikaOS_1_ee_gnu_change_context_isr.o)
 .debug_abbrev  0x00002a96       0x14 .\CortexM3\ARM_GCC_541\Debug\Erika_Arcadian_Fader.a(ErikaOS_1_ee_gnu_irq_stack.o)
 .debug_abbrev  0x00002aaa       0x14 .\CortexM3\ARM_GCC_541\Debug\Erika_Arcadian_Fader.a(ErikaOS_1_ee_gnu_multi_context.o)
 .debug_abbrev  0x00002abe       0x14 .\CortexM3\ARM_GCC_541\Debug\Erika_Arcadian_Fader.a(ErikaOS_1_ee_gnu_oo.o)
 .debug_abbrev  0x00002ad2      0x1a7 .\CortexM3\ARM_GCC_541\Debug\Erika_Arcadian_Fader.a(CyFlash.o)
 .debug_abbrev  0x00002c79      0x194 .\CortexM3\ARM_GCC_541\Debug\Erika_Arcadian_Fader.a(CySpc.o)
 .debug_abbrev  0x00002e0d      0x157 .\CortexM3\ARM_GCC_541\Debug\Erika_Arcadian_Fader.a(ErikaOS_1_ee_tnterm.o)
 .debug_abbrev  0x00002f64      0x143 .\CortexM3\ARM_GCC_541\Debug\Erika_Arcadian_Fader.a(ErikaOS_1_ee_tstub.o)
 .debug_abbrev  0x000030a7      0x156 .\CortexM3\ARM_GCC_541\Debug\Erika_Arcadian_Fader.a(ErikaOS_1_cortex_mx_ee_context.o)
 .debug_abbrev  0x000031fd      0x229 .\CortexM3\ARM_GCC_541\Debug\Erika_Arcadian_Fader.a(ErikaOS_1_ee_thendin.o)

.debug_line     0x00000000     0x4624
 *(.debug_line)
 .debug_line    0x00000000      0x474 .\CortexM3\ARM_GCC_541\Debug\main.o
 .debug_line    0x00000474      0x2d1 .\CortexM3\ARM_GCC_541\Debug\fader.o
 .debug_line    0x00000745      0x1f6 .\CortexM3\ARM_GCC_541\Debug\cyfitter_cfg.o
 .debug_line    0x0000093b      0x141 .\CortexM3\ARM_GCC_541\Debug\cymetadata.o
 .debug_line    0x00000a7c      0x234 .\CortexM3\ARM_GCC_541\Debug\Cm3Start.o
 .debug_line    0x00000cb0      0x18e .\CortexM3\ARM_GCC_541\Debug\Erika_Arcadian_Fader.a(PWM_Led_Yellow.o)
 .debug_line    0x00000e3e      0x18d .\CortexM3\ARM_GCC_541\Debug\Erika_Arcadian_Fader.a(PWM_Led_Green.o)
 .debug_line    0x00000fcb      0x18b .\CortexM3\ARM_GCC_541\Debug\Erika_Arcadian_Fader.a(PWM_Led_Red.o)
 .debug_line    0x00001156      0x816 .\CortexM3\ARM_GCC_541\Debug\Erika_Arcadian_Fader.a(CyLib.o)
 .debug_line    0x0000196c      0x367 .\CortexM3\ARM_GCC_541\Debug\Erika_Arcadian_Fader.a(cyPm.o)
 .debug_line    0x00001cd3      0x1fa .\CortexM3\ARM_GCC_541\Debug\Erika_Arcadian_Fader.a(ErikaOS_1_ee_activate.o)
 .debug_line    0x00001ecd      0x1d1 .\CortexM3\ARM_GCC_541\Debug\Erika_Arcadian_Fader.a(ErikaOS_1_ee_alsetrel.o)
 .debug_line    0x0000209e      0x305 .\CortexM3\ARM_GCC_541\Debug\Erika_Arcadian_Fader.a(ErikaOS_1_ee_altick.o)
 .debug_line    0x000023a3      0x1a0 .\CortexM3\ARM_GCC_541\Debug\Erika_Arcadian_Fader.a(ErikaOS_1_ee_irqendin.o)
 .debug_line    0x00002543      0x119 .\CortexM3\ARM_GCC_541\Debug\Erika_Arcadian_Fader.a(ErikaOS_1_ee_lookup.o)
 .debug_line    0x0000265c      0x15b .\CortexM3\ARM_GCC_541\Debug\Erika_Arcadian_Fader.a(ErikaOS_1_ee_rq_exchg.o)
 .debug_line    0x000027b7      0x152 .\CortexM3\ARM_GCC_541\Debug\Erika_Arcadian_Fader.a(ErikaOS_1_ee_rq_first.o)
 .debug_line    0x00002909      0x156 .\CortexM3\ARM_GCC_541\Debug\Erika_Arcadian_Fader.a(ErikaOS_1_ee_rq_inser.o)
 .debug_line    0x00002a5f      0x3fa .\CortexM3\ARM_GCC_541\Debug\Erika_Arcadian_Fader.a(ErikaOS_1_ee_startos.o)
 .debug_line    0x00002e59      0x1c0 .\CortexM3\ARM_GCC_541\Debug\Erika_Arcadian_Fader.a(ErikaOS_1_ee_terminat.o)
 .debug_line    0x00003019      0x166 .\CortexM3\ARM_GCC_541\Debug\Erika_Arcadian_Fader.a(ErikaOS_1_cortex_mx_ee_utils.o)
 .debug_line    0x0000317f       0xf9 .\CortexM3\ARM_GCC_541\Debug\Erika_Arcadian_Fader.a(ErikaOS_1_common_ee_hal_structs.o)
 .debug_line    0x00003278      0x13c .\CortexM3\ARM_GCC_541\Debug\Erika_Arcadian_Fader.a(ErikaOS_1_eecfg.o)
 .debug_line    0x000033b4       0x94 .\CortexM3\ARM_GCC_541\Debug\Erika_Arcadian_Fader.a(RGB_Red.o)
 .debug_line    0x00003448      0x2c4 .\CortexM3\ARM_GCC_541\Debug\Erika_Arcadian_Fader.a(UART_LOG.o)
 .debug_line    0x0000370c      0x180 .\CortexM3\ARM_GCC_541\Debug\Erika_Arcadian_Fader.a(UART_LOG_IntClock.o)
 .debug_line    0x0000388c       0x66 .\CortexM3\ARM_GCC_541\Debug\Erika_Arcadian_Fader.a(CyBootAsmGnu.o)
 .debug_line    0x000038f2       0xae .\CortexM3\ARM_GCC_541\Debug\Erika_Arcadian_Fader.a(ErikaOS_1_ee_gnu_change_context_isr.o)
 .debug_line    0x000039a0       0x74 .\CortexM3\ARM_GCC_541\Debug\Erika_Arcadian_Fader.a(ErikaOS_1_ee_gnu_irq_stack.o)
 .debug_line    0x00003a14       0x9d .\CortexM3\ARM_GCC_541\Debug\Erika_Arcadian_Fader.a(ErikaOS_1_ee_gnu_multi_context.o)
 .debug_line    0x00003ab1       0x99 .\CortexM3\ARM_GCC_541\Debug\Erika_Arcadian_Fader.a(ErikaOS_1_ee_gnu_oo.o)
 .debug_line    0x00003b4a      0x21a .\CortexM3\ARM_GCC_541\Debug\Erika_Arcadian_Fader.a(CyFlash.o)
 .debug_line    0x00003d64      0x260 .\CortexM3\ARM_GCC_541\Debug\Erika_Arcadian_Fader.a(CySpc.o)
 .debug_line    0x00003fc4      0x17b .\CortexM3\ARM_GCC_541\Debug\Erika_Arcadian_Fader.a(ErikaOS_1_ee_tnterm.o)
 .debug_line    0x0000413f      0x172 .\CortexM3\ARM_GCC_541\Debug\Erika_Arcadian_Fader.a(ErikaOS_1_ee_tstub.o)
 .debug_line    0x000042b1      0x1ac .\CortexM3\ARM_GCC_541\Debug\Erika_Arcadian_Fader.a(ErikaOS_1_cortex_mx_ee_context.o)
 .debug_line    0x0000445d      0x1c7 .\CortexM3\ARM_GCC_541\Debug\Erika_Arcadian_Fader.a(ErikaOS_1_ee_thendin.o)

.debug_frame    0x00000000     0x1b68
 *(.debug_frame)
 .debug_frame   0x00000000       0xd4 .\CortexM3\ARM_GCC_541\Debug\main.o
 .debug_frame   0x000000d4       0x30 .\CortexM3\ARM_GCC_541\Debug\fader.o
 .debug_frame   0x00000104       0xe4 .\CortexM3\ARM_GCC_541\Debug\cyfitter_cfg.o
 .debug_frame   0x000001e8       0xb8 .\CortexM3\ARM_GCC_541\Debug\Cm3Start.o
 .debug_frame   0x000002a0      0x134 .\CortexM3\ARM_GCC_541\Debug\Erika_Arcadian_Fader.a(PWM_Led_Yellow.o)
 .debug_frame   0x000003d4      0x134 .\CortexM3\ARM_GCC_541\Debug\Erika_Arcadian_Fader.a(PWM_Led_Green.o)
 .debug_frame   0x00000508      0x134 .\CortexM3\ARM_GCC_541\Debug\Erika_Arcadian_Fader.a(PWM_Led_Red.o)
 .debug_frame   0x0000063c      0x738 .\CortexM3\ARM_GCC_541\Debug\Erika_Arcadian_Fader.a(CyLib.o)
 .debug_frame   0x00000d74      0x1f8 .\CortexM3\ARM_GCC_541\Debug\Erika_Arcadian_Fader.a(cyPm.o)
 .debug_frame   0x00000f6c       0x30 .\CortexM3\ARM_GCC_541\Debug\Erika_Arcadian_Fader.a(ErikaOS_1_ee_activate.o)
 .debug_frame   0x00000f9c       0x38 .\CortexM3\ARM_GCC_541\Debug\Erika_Arcadian_Fader.a(ErikaOS_1_ee_alsetrel.o)
 .debug_frame   0x00000fd4      0x10c .\CortexM3\ARM_GCC_541\Debug\Erika_Arcadian_Fader.a(ErikaOS_1_ee_altick.o)
 .debug_frame   0x000010e0       0x58 .\CortexM3\ARM_GCC_541\Debug\Erika_Arcadian_Fader.a(ErikaOS_1_ee_irqendin.o)
 .debug_frame   0x00001138       0x3c .\CortexM3\ARM_GCC_541\Debug\Erika_Arcadian_Fader.a(ErikaOS_1_ee_rq_exchg.o)
 .debug_frame   0x00001174       0x20 .\CortexM3\ARM_GCC_541\Debug\Erika_Arcadian_Fader.a(ErikaOS_1_ee_rq_first.o)
 .debug_frame   0x00001194       0x30 .\CortexM3\ARM_GCC_541\Debug\Erika_Arcadian_Fader.a(ErikaOS_1_ee_rq_inser.o)
 .debug_frame   0x000011c4       0x90 .\CortexM3\ARM_GCC_541\Debug\Erika_Arcadian_Fader.a(ErikaOS_1_ee_startos.o)
 .debug_frame   0x00001254       0x2c .\CortexM3\ARM_GCC_541\Debug\Erika_Arcadian_Fader.a(ErikaOS_1_ee_terminat.o)
 .debug_frame   0x00001280       0x2c .\CortexM3\ARM_GCC_541\Debug\Erika_Arcadian_Fader.a(ErikaOS_1_cortex_mx_ee_utils.o)
 .debug_frame   0x000012ac       0x50 .\CortexM3\ARM_GCC_541\Debug\Erika_Arcadian_Fader.a(RGB_Red.o)
 .debug_frame   0x000012fc      0x250 .\CortexM3\ARM_GCC_541\Debug\Erika_Arcadian_Fader.a(UART_LOG.o)
 .debug_frame   0x0000154c       0xe0 .\CortexM3\ARM_GCC_541\Debug\Erika_Arcadian_Fader.a(UART_LOG_IntClock.o)
 .debug_frame   0x0000162c      0x194 .\CortexM3\ARM_GCC_541\Debug\Erika_Arcadian_Fader.a(CyFlash.o)
 .debug_frame   0x000017c0      0x180 .\CortexM3\ARM_GCC_541\Debug\Erika_Arcadian_Fader.a(CySpc.o)
 .debug_frame   0x00001940       0x2c .\CortexM3\ARM_GCC_541\Debug\Erika_Arcadian_Fader.a(ErikaOS_1_ee_tnterm.o)
 .debug_frame   0x0000196c       0x2c .\CortexM3\ARM_GCC_541\Debug\Erika_Arcadian_Fader.a(ErikaOS_1_ee_tstub.o)
 .debug_frame   0x00001998       0x3c .\CortexM3\ARM_GCC_541\Debug\Erika_Arcadian_Fader.a(ErikaOS_1_cortex_mx_ee_context.o)
 .debug_frame   0x000019d4       0x5c .\CortexM3\ARM_GCC_541\Debug\Erika_Arcadian_Fader.a(ErikaOS_1_ee_thendin.o)
 .debug_frame   0x00001a30       0x20 c:/program files (x86)/cypress/psoc creator/4.4/psoc creator/import/gnu/arm/5.4.1/bin/../lib/gcc/arm-none-eabi/5.4.1/../../../../arm-none-eabi/lib/armv7-m\libg_nano.a(lib_a-errno.o)
 .debug_frame   0x00001a50       0x28 c:/program files (x86)/cypress/psoc creator/4.4/psoc creator/import/gnu/arm/5.4.1/bin/../lib/gcc/arm-none-eabi/5.4.1/../../../../arm-none-eabi/lib/armv7-m\libg_nano.a(lib_a-exit.o)
 .debug_frame   0x00001a78       0x2c c:/program files (x86)/cypress/psoc creator/4.4/psoc creator/import/gnu/arm/5.4.1/bin/../lib/gcc/arm-none-eabi/5.4.1/../../../../arm-none-eabi/lib/armv7-m\libg_nano.a(lib_a-init.o)
 .debug_frame   0x00001aa4       0x38 c:/program files (x86)/cypress/psoc creator/4.4/psoc creator/import/gnu/arm/5.4.1/bin/../lib/gcc/arm-none-eabi/5.4.1/../../../../arm-none-eabi/lib/armv7-m\libg_nano.a(lib_a-itoa.o)
 .debug_frame   0x00001adc       0x28 c:/program files (x86)/cypress/psoc creator/4.4/psoc creator/import/gnu/arm/5.4.1/bin/../lib/gcc/arm-none-eabi/5.4.1/../../../../arm-none-eabi/lib/armv7-m\libg_nano.a(lib_a-memcpy-stub.o)
 .debug_frame   0x00001b04       0x20 c:/program files (x86)/cypress/psoc creator/4.4/psoc creator/import/gnu/arm/5.4.1/bin/../lib/gcc/arm-none-eabi/5.4.1/../../../../arm-none-eabi/lib/armv7-m\libg_nano.a(lib_a-memset.o)
 .debug_frame   0x00001b24       0x44 c:/program files (x86)/cypress/psoc creator/4.4/psoc creator/import/gnu/arm/5.4.1/bin/../lib/gcc/arm-none-eabi/5.4.1/../../../../arm-none-eabi/lib/armv7-m\libg_nano.a(lib_a-utoa.o)

.debug_str      0x00000000     0x3987
 *(.debug_str)
 .debug_str     0x00000000      0x5a3 .\CortexM3\ARM_GCC_541\Debug\main.o
                                0x610 (size before relaxing)
 .debug_str     0x000005a3      0x218 .\CortexM3\ARM_GCC_541\Debug\fader.o
                                0x4ac (size before relaxing)
 .debug_str     0x000007bb      0x1a2 .\CortexM3\ARM_GCC_541\Debug\cyfitter_cfg.o
                                0x360 (size before relaxing)
 .debug_str     0x0000095d       0x7f .\CortexM3\ARM_GCC_541\Debug\cymetadata.o
                                0x200 (size before relaxing)
 .debug_str     0x000009dc      0x13f .\CortexM3\ARM_GCC_541\Debug\Cm3Start.o
                                0x326 (size before relaxing)
 .debug_str     0x00000b1b      0x237 .\CortexM3\ARM_GCC_541\Debug\Erika_Arcadian_Fader.a(PWM_Led_Yellow.o)
                                0x418 (size before relaxing)
 .debug_str     0x00000d52      0x1ce .\CortexM3\ARM_GCC_541\Debug\Erika_Arcadian_Fader.a(PWM_Led_Green.o)
                                0x405 (size before relaxing)
 .debug_str     0x00000f20      0x1ac .\CortexM3\ARM_GCC_541\Debug\Erika_Arcadian_Fader.a(PWM_Led_Red.o)
                                0x3df (size before relaxing)
 .debug_str     0x000010cc      0x804 .\CortexM3\ARM_GCC_541\Debug\Erika_Arcadian_Fader.a(CyLib.o)
                                0xa63 (size before relaxing)
 .debug_str     0x000018d0      0x365 .\CortexM3\ARM_GCC_541\Debug\Erika_Arcadian_Fader.a(cyPm.o)
                                0x74f (size before relaxing)
 .debug_str     0x00001c35      0x5c0 .\CortexM3\ARM_GCC_541\Debug\Erika_Arcadian_Fader.a(ErikaOS_1_ee_activate.o)
                                0x823 (size before relaxing)
 .debug_str     0x000021f5       0xa3 .\CortexM3\ARM_GCC_541\Debug\Erika_Arcadian_Fader.a(ErikaOS_1_ee_alsetrel.o)
                                0x61b (size before relaxing)
 .debug_str     0x00002298      0x240 .\CortexM3\ARM_GCC_541\Debug\Erika_Arcadian_Fader.a(ErikaOS_1_ee_altick.o)
                                0xa7e (size before relaxing)
 .debug_str     0x000024d8       0xca .\CortexM3\ARM_GCC_541\Debug\Erika_Arcadian_Fader.a(ErikaOS_1_ee_irqendin.o)
                                0x6d8 (size before relaxing)
 .debug_str     0x000025a2       0x2d .\CortexM3\ARM_GCC_541\Debug\Erika_Arcadian_Fader.a(ErikaOS_1_ee_lookup.o)
                                0x4a7 (size before relaxing)
 .debug_str     0x000025cf       0x8c .\CortexM3\ARM_GCC_541\Debug\Erika_Arcadian_Fader.a(ErikaOS_1_ee_rq_exchg.o)
                                0x519 (size before relaxing)
 .debug_str     0x0000265b       0x2f .\CortexM3\ARM_GCC_541\Debug\Erika_Arcadian_Fader.a(ErikaOS_1_ee_rq_first.o)
                                0x4e4 (size before relaxing)
 .debug_str     0x0000268a       0x3a .\CortexM3\ARM_GCC_541\Debug\Erika_Arcadian_Fader.a(ErikaOS_1_ee_rq_inser.o)
                                0x51e (size before relaxing)
 .debug_str     0x000026c4      0x8aa .\CortexM3\ARM_GCC_541\Debug\Erika_Arcadian_Fader.a(ErikaOS_1_ee_startos.o)
                               0x174a (size before relaxing)
 .debug_str     0x00002f6e       0x5d .\CortexM3\ARM_GCC_541\Debug\Erika_Arcadian_Fader.a(ErikaOS_1_ee_terminat.o)
                                0x608 (size before relaxing)
 .debug_str     0x00002fcb       0x73 .\CortexM3\ARM_GCC_541\Debug\Erika_Arcadian_Fader.a(ErikaOS_1_cortex_mx_ee_utils.o)
                                0x549 (size before relaxing)
 .debug_str     0x0000303e       0x39 .\CortexM3\ARM_GCC_541\Debug\Erika_Arcadian_Fader.a(ErikaOS_1_common_ee_hal_structs.o)
                                0x4b3 (size before relaxing)
 .debug_str     0x00003077      0x175 .\CortexM3\ARM_GCC_541\Debug\Erika_Arcadian_Fader.a(ErikaOS_1_eecfg.o)
                                0x7d7 (size before relaxing)
 .debug_str     0x000031ec       0x62 .\CortexM3\ARM_GCC_541\Debug\Erika_Arcadian_Fader.a(RGB_Red.o)
                                0x208 (size before relaxing)
 .debug_str     0x0000324e      0x2f9 .\CortexM3\ARM_GCC_541\Debug\Erika_Arcadian_Fader.a(UART_LOG.o)
                                0x50d (size before relaxing)
 .debug_str     0x00003547      0x1ab .\CortexM3\ARM_GCC_541\Debug\Erika_Arcadian_Fader.a(UART_LOG_IntClock.o)
                                0x382 (size before relaxing)
 .debug_str     0x000036f2       0x65 .\CortexM3\ARM_GCC_541\Debug\Erika_Arcadian_Fader.a(CyFlash.o)
                                0x3dc (size before relaxing)
 .debug_str     0x00003757       0x64 .\CortexM3\ARM_GCC_541\Debug\Erika_Arcadian_Fader.a(CySpc.o)
                                0x354 (size before relaxing)
 .debug_str     0x000037bb       0x58 .\CortexM3\ARM_GCC_541\Debug\Erika_Arcadian_Fader.a(ErikaOS_1_ee_tnterm.o)
                                0x51a (size before relaxing)
 .debug_str     0x00003813       0x57 .\CortexM3\ARM_GCC_541\Debug\Erika_Arcadian_Fader.a(ErikaOS_1_ee_tstub.o)
                                0x5f1 (size before relaxing)
 .debug_str     0x0000386a       0x8c .\CortexM3\ARM_GCC_541\Debug\Erika_Arcadian_Fader.a(ErikaOS_1_cortex_mx_ee_context.o)
                                0x5a8 (size before relaxing)
 .debug_str     0x000038f6       0x91 .\CortexM3\ARM_GCC_541\Debug\Erika_Arcadian_Fader.a(ErikaOS_1_ee_thendin.o)
                                0x76e (size before relaxing)

.debug_loc      0x00000000     0x2ba8
 *(.debug_loc)
 .debug_loc     0x00000000       0xa8 .\CortexM3\ARM_GCC_541\Debug\main.o
 .debug_loc     0x000000a8      0x288 .\CortexM3\ARM_GCC_541\Debug\cyfitter_cfg.o
 .debug_loc     0x00000330      0x144 .\CortexM3\ARM_GCC_541\Debug\Cm3Start.o
 .debug_loc     0x00000474       0x26 .\CortexM3\ARM_GCC_541\Debug\Erika_Arcadian_Fader.a(PWM_Led_Yellow.o)
 .debug_loc     0x0000049a       0x26 .\CortexM3\ARM_GCC_541\Debug\Erika_Arcadian_Fader.a(PWM_Led_Green.o)
 .debug_loc     0x000004c0       0x26 .\CortexM3\ARM_GCC_541\Debug\Erika_Arcadian_Fader.a(PWM_Led_Red.o)
 .debug_loc     0x000004e6      0xa11 .\CortexM3\ARM_GCC_541\Debug\Erika_Arcadian_Fader.a(CyLib.o)
 .debug_loc     0x00000ef7      0x1e4 .\CortexM3\ARM_GCC_541\Debug\Erika_Arcadian_Fader.a(cyPm.o)
 .debug_loc     0x000010db      0x12d .\CortexM3\ARM_GCC_541\Debug\Erika_Arcadian_Fader.a(ErikaOS_1_ee_activate.o)
 .debug_loc     0x00001208      0x1ed .\CortexM3\ARM_GCC_541\Debug\Erika_Arcadian_Fader.a(ErikaOS_1_ee_alsetrel.o)
 .debug_loc     0x000013f5      0x46c .\CortexM3\ARM_GCC_541\Debug\Erika_Arcadian_Fader.a(ErikaOS_1_ee_altick.o)
 .debug_loc     0x00001861       0x62 .\CortexM3\ARM_GCC_541\Debug\Erika_Arcadian_Fader.a(ErikaOS_1_ee_irqendin.o)
 .debug_loc     0x000018c3       0x4a .\CortexM3\ARM_GCC_541\Debug\Erika_Arcadian_Fader.a(ErikaOS_1_ee_rq_exchg.o)
 .debug_loc     0x0000190d       0x36 .\CortexM3\ARM_GCC_541\Debug\Erika_Arcadian_Fader.a(ErikaOS_1_ee_rq_first.o)
 .debug_loc     0x00001943       0x1e .\CortexM3\ARM_GCC_541\Debug\Erika_Arcadian_Fader.a(ErikaOS_1_ee_rq_inser.o)
 .debug_loc     0x00001961      0x1d8 .\CortexM3\ARM_GCC_541\Debug\Erika_Arcadian_Fader.a(ErikaOS_1_ee_startos.o)
 .debug_loc     0x00001b39       0x50 .\CortexM3\ARM_GCC_541\Debug\Erika_Arcadian_Fader.a(ErikaOS_1_ee_terminat.o)
 .debug_loc     0x00001b89       0x42 .\CortexM3\ARM_GCC_541\Debug\Erika_Arcadian_Fader.a(RGB_Red.o)
 .debug_loc     0x00001bcb      0x258 .\CortexM3\ARM_GCC_541\Debug\Erika_Arcadian_Fader.a(UART_LOG.o)
 .debug_loc     0x00001e23      0x12c .\CortexM3\ARM_GCC_541\Debug\Erika_Arcadian_Fader.a(UART_LOG_IntClock.o)
 .debug_loc     0x00001f4f      0x3b2 .\CortexM3\ARM_GCC_541\Debug\Erika_Arcadian_Fader.a(CyFlash.o)
 .debug_loc     0x00002301      0x705 .\CortexM3\ARM_GCC_541\Debug\Erika_Arcadian_Fader.a(CySpc.o)
 .debug_loc     0x00002a06       0xc5 .\CortexM3\ARM_GCC_541\Debug\Erika_Arcadian_Fader.a(ErikaOS_1_cortex_mx_ee_context.o)
 .debug_loc     0x00002acb       0xdd .\CortexM3\ARM_GCC_541\Debug\Erika_Arcadian_Fader.a(ErikaOS_1_ee_thendin.o)

.debug_macinfo
 *(.debug_macinfo)

.debug_ranges   0x00000000      0x990
 *(.debug_ranges)
 .debug_ranges  0x00000000       0x40 .\CortexM3\ARM_GCC_541\Debug\main.o
 .debug_ranges  0x00000040       0x10 .\CortexM3\ARM_GCC_541\Debug\fader.o
 .debug_ranges  0x00000050       0x48 .\CortexM3\ARM_GCC_541\Debug\cyfitter_cfg.o
 .debug_ranges  0x00000098       0x38 .\CortexM3\ARM_GCC_541\Debug\Cm3Start.o
 .debug_ranges  0x000000d0       0x88 .\CortexM3\ARM_GCC_541\Debug\Erika_Arcadian_Fader.a(PWM_Led_Yellow.o)
 .debug_ranges  0x00000158       0x88 .\CortexM3\ARM_GCC_541\Debug\Erika_Arcadian_Fader.a(PWM_Led_Green.o)
 .debug_ranges  0x000001e0       0x88 .\CortexM3\ARM_GCC_541\Debug\Erika_Arcadian_Fader.a(PWM_Led_Red.o)
 .debug_ranges  0x00000268      0x290 .\CortexM3\ARM_GCC_541\Debug\Erika_Arcadian_Fader.a(CyLib.o)
 .debug_ranges  0x000004f8       0x88 .\CortexM3\ARM_GCC_541\Debug\Erika_Arcadian_Fader.a(cyPm.o)
 .debug_ranges  0x00000580       0x40 .\CortexM3\ARM_GCC_541\Debug\Erika_Arcadian_Fader.a(ErikaOS_1_ee_activate.o)
 .debug_ranges  0x000005c0       0x10 .\CortexM3\ARM_GCC_541\Debug\Erika_Arcadian_Fader.a(ErikaOS_1_ee_alsetrel.o)
 .debug_ranges  0x000005d0       0x78 .\CortexM3\ARM_GCC_541\Debug\Erika_Arcadian_Fader.a(ErikaOS_1_ee_altick.o)
 .debug_ranges  0x00000648       0x20 .\CortexM3\ARM_GCC_541\Debug\Erika_Arcadian_Fader.a(ErikaOS_1_ee_irqendin.o)
 .debug_ranges  0x00000668       0x10 .\CortexM3\ARM_GCC_541\Debug\Erika_Arcadian_Fader.a(ErikaOS_1_ee_rq_exchg.o)
 .debug_ranges  0x00000678       0x10 .\CortexM3\ARM_GCC_541\Debug\Erika_Arcadian_Fader.a(ErikaOS_1_ee_rq_first.o)
 .debug_ranges  0x00000688       0x10 .\CortexM3\ARM_GCC_541\Debug\Erika_Arcadian_Fader.a(ErikaOS_1_ee_rq_inser.o)
 .debug_ranges  0x00000698       0x30 .\CortexM3\ARM_GCC_541\Debug\Erika_Arcadian_Fader.a(ErikaOS_1_ee_startos.o)
 .debug_ranges  0x000006c8       0x10 .\CortexM3\ARM_GCC_541\Debug\Erika_Arcadian_Fader.a(ErikaOS_1_ee_terminat.o)
 .debug_ranges  0x000006d8       0x10 .\CortexM3\ARM_GCC_541\Debug\Erika_Arcadian_Fader.a(ErikaOS_1_cortex_mx_ee_utils.o)
 .debug_ranges  0x000006e8       0x28 .\CortexM3\ARM_GCC_541\Debug\Erika_Arcadian_Fader.a(RGB_Red.o)
 .debug_ranges  0x00000710       0xe0 .\CortexM3\ARM_GCC_541\Debug\Erika_Arcadian_Fader.a(UART_LOG.o)
 .debug_ranges  0x000007f0       0x60 .\CortexM3\ARM_GCC_541\Debug\Erika_Arcadian_Fader.a(UART_LOG_IntClock.o)
 .debug_ranges  0x00000850       0x78 .\CortexM3\ARM_GCC_541\Debug\Erika_Arcadian_Fader.a(CyFlash.o)
 .debug_ranges  0x000008c8       0x70 .\CortexM3\ARM_GCC_541\Debug\Erika_Arcadian_Fader.a(CySpc.o)
 .debug_ranges  0x00000938       0x10 .\CortexM3\ARM_GCC_541\Debug\Erika_Arcadian_Fader.a(ErikaOS_1_ee_tnterm.o)
 .debug_ranges  0x00000948       0x10 .\CortexM3\ARM_GCC_541\Debug\Erika_Arcadian_Fader.a(ErikaOS_1_ee_tstub.o)
 .debug_ranges  0x00000958       0x18 .\CortexM3\ARM_GCC_541\Debug\Erika_Arcadian_Fader.a(ErikaOS_1_cortex_mx_ee_context.o)
 .debug_ranges  0x00000970       0x20 .\CortexM3\ARM_GCC_541\Debug\Erika_Arcadian_Fader.a(ErikaOS_1_ee_thendin.o)

.comment        0x00000000       0x6e
 .comment       0x00000000       0x6e .\CortexM3\ARM_GCC_541\Debug\main.o
                                 0x6f (size before relaxing)
 .comment       0x0000006e       0x6f .\CortexM3\ARM_GCC_541\Debug\fader.o
 .comment       0x0000006e       0x6f .\CortexM3\ARM_GCC_541\Debug\cyfitter_cfg.o
 .comment       0x0000006e       0x6f .\CortexM3\ARM_GCC_541\Debug\cymetadata.o
 .comment       0x0000006e       0x6f .\CortexM3\ARM_GCC_541\Debug\Cm3Start.o
 .comment       0x0000006e       0x6f .\CortexM3\ARM_GCC_541\Debug\Erika_Arcadian_Fader.a(PWM_Led_Yellow.o)
 .comment       0x0000006e       0x6f .\CortexM3\ARM_GCC_541\Debug\Erika_Arcadian_Fader.a(PWM_Led_Green.o)
 .comment       0x0000006e       0x6f .\CortexM3\ARM_GCC_541\Debug\Erika_Arcadian_Fader.a(PWM_Led_Red.o)
 .comment       0x0000006e       0x6f .\CortexM3\ARM_GCC_541\Debug\Erika_Arcadian_Fader.a(CyLib.o)
 .comment       0x0000006e       0x6f .\CortexM3\ARM_GCC_541\Debug\Erika_Arcadian_Fader.a(cyPm.o)
 .comment       0x0000006e       0x6f .\CortexM3\ARM_GCC_541\Debug\Erika_Arcadian_Fader.a(ErikaOS_1_ee_activate.o)
 .comment       0x0000006e       0x6f .\CortexM3\ARM_GCC_541\Debug\Erika_Arcadian_Fader.a(ErikaOS_1_ee_alsetrel.o)
 .comment       0x0000006e       0x6f .\CortexM3\ARM_GCC_541\Debug\Erika_Arcadian_Fader.a(ErikaOS_1_ee_altick.o)
 .comment       0x0000006e       0x6f .\CortexM3\ARM_GCC_541\Debug\Erika_Arcadian_Fader.a(ErikaOS_1_ee_irqendin.o)
 .comment       0x0000006e       0x6f .\CortexM3\ARM_GCC_541\Debug\Erika_Arcadian_Fader.a(ErikaOS_1_ee_lookup.o)
 .comment       0x0000006e       0x6f .\CortexM3\ARM_GCC_541\Debug\Erika_Arcadian_Fader.a(ErikaOS_1_ee_rq_exchg.o)
 .comment       0x0000006e       0x6f .\CortexM3\ARM_GCC_541\Debug\Erika_Arcadian_Fader.a(ErikaOS_1_ee_rq_first.o)
 .comment       0x0000006e       0x6f .\CortexM3\ARM_GCC_541\Debug\Erika_Arcadian_Fader.a(ErikaOS_1_ee_rq_inser.o)
 .comment       0x0000006e       0x6f .\CortexM3\ARM_GCC_541\Debug\Erika_Arcadian_Fader.a(ErikaOS_1_ee_startos.o)
 .comment       0x0000006e       0x6f .\CortexM3\ARM_GCC_541\Debug\Erika_Arcadian_Fader.a(ErikaOS_1_ee_terminat.o)
 .comment       0x0000006e       0x6f .\CortexM3\ARM_GCC_541\Debug\Erika_Arcadian_Fader.a(ErikaOS_1_cortex_mx_ee_utils.o)
 .comment       0x0000006e       0x6f .\CortexM3\ARM_GCC_541\Debug\Erika_Arcadian_Fader.a(ErikaOS_1_common_ee_hal_structs.o)
 .comment       0x0000006e       0x6f .\CortexM3\ARM_GCC_541\Debug\Erika_Arcadian_Fader.a(ErikaOS_1_eecfg.o)
 .comment       0x0000006e       0x6f .\CortexM3\ARM_GCC_541\Debug\Erika_Arcadian_Fader.a(RGB_Red.o)
 .comment       0x0000006e       0x6f .\CortexM3\ARM_GCC_541\Debug\Erika_Arcadian_Fader.a(UART_LOG.o)
 .comment       0x0000006e       0x6f .\CortexM3\ARM_GCC_541\Debug\Erika_Arcadian_Fader.a(UART_LOG_IntClock.o)
 .comment       0x0000006e       0x6f .\CortexM3\ARM_GCC_541\Debug\Erika_Arcadian_Fader.a(CyFlash.o)
 .comment       0x0000006e       0x6f .\CortexM3\ARM_GCC_541\Debug\Erika_Arcadian_Fader.a(CySpc.o)
 .comment       0x0000006e       0x6f .\CortexM3\ARM_GCC_541\Debug\Erika_Arcadian_Fader.a(ErikaOS_1_ee_tnterm.o)
 .comment       0x0000006e       0x6f .\CortexM3\ARM_GCC_541\Debug\Erika_Arcadian_Fader.a(ErikaOS_1_ee_tstub.o)
 .comment       0x0000006e       0x6f .\CortexM3\ARM_GCC_541\Debug\Erika_Arcadian_Fader.a(ErikaOS_1_cortex_mx_ee_context.o)
 .comment       0x0000006e       0x6f .\CortexM3\ARM_GCC_541\Debug\Erika_Arcadian_Fader.a(ErikaOS_1_ee_thendin.o)

.debug_weaknames
 *(.debug_weaknames)

.debug_funcnames
 *(.debug_funcnames)

.debug_typenames
 *(.debug_typenames)

.debug_varnames
 *(.debug_varnames)

.note.gnu.arm.ident
 *(.note.gnu.arm.ident)

.ARM.attributes
                0x00000000       0x2f
 *(.ARM.attributes)
 .ARM.attributes
                0x00000000       0x1d c:/program files (x86)/cypress/psoc creator/4.4/psoc creator/import/gnu/arm/5.4.1/bin/../lib/gcc/arm-none-eabi/5.4.1/armv7-m/crti.o
 .ARM.attributes
                0x0000001d       0x2d c:/program files (x86)/cypress/psoc creator/4.4/psoc creator/import/gnu/arm/5.4.1/bin/../lib/gcc/arm-none-eabi/5.4.1/armv7-m/crtbegin.o
 .ARM.attributes
                0x0000004a       0x1b c:/program files (x86)/cypress/psoc creator/4.4/psoc creator/import/gnu/arm/5.4.1/bin/../lib/gcc/arm-none-eabi/5.4.1/../../../../arm-none-eabi/lib/armv7-m/crt0.o
 .ARM.attributes
                0x00000065       0x33 .\CortexM3\ARM_GCC_541\Debug\main.o
 .ARM.attributes
                0x00000098       0x33 .\CortexM3\ARM_GCC_541\Debug\fader.o
 .ARM.attributes
                0x000000cb       0x33 .\CortexM3\ARM_GCC_541\Debug\cyfitter_cfg.o
 .ARM.attributes
                0x000000fe       0x33 .\CortexM3\ARM_GCC_541\Debug\cymetadata.o
 .ARM.attributes
                0x00000131       0x33 .\CortexM3\ARM_GCC_541\Debug\Cm3Start.o
 .ARM.attributes
                0x00000164       0x33 .\CortexM3\ARM_GCC_541\Debug\Erika_Arcadian_Fader.a(PWM_Led_Yellow.o)
 .ARM.attributes
                0x00000197       0x33 .\CortexM3\ARM_GCC_541\Debug\Erika_Arcadian_Fader.a(PWM_Led_Green.o)
 .ARM.attributes
                0x000001ca       0x33 .\CortexM3\ARM_GCC_541\Debug\Erika_Arcadian_Fader.a(PWM_Led_Red.o)
 .ARM.attributes
                0x000001fd       0x33 .\CortexM3\ARM_GCC_541\Debug\Erika_Arcadian_Fader.a(CyLib.o)
 .ARM.attributes
                0x00000230       0x33 .\CortexM3\ARM_GCC_541\Debug\Erika_Arcadian_Fader.a(cyPm.o)
 .ARM.attributes
                0x00000263       0x33 .\CortexM3\ARM_GCC_541\Debug\Erika_Arcadian_Fader.a(ErikaOS_1_ee_activate.o)
 .ARM.attributes
                0x00000296       0x33 .\CortexM3\ARM_GCC_541\Debug\Erika_Arcadian_Fader.a(ErikaOS_1_ee_alsetrel.o)
 .ARM.attributes
                0x000002c9       0x33 .\CortexM3\ARM_GCC_541\Debug\Erika_Arcadian_Fader.a(ErikaOS_1_ee_altick.o)
 .ARM.attributes
                0x000002fc       0x33 .\CortexM3\ARM_GCC_541\Debug\Erika_Arcadian_Fader.a(ErikaOS_1_ee_irqendin.o)
 .ARM.attributes
                0x0000032f       0x33 .\CortexM3\ARM_GCC_541\Debug\Erika_Arcadian_Fader.a(ErikaOS_1_ee_lookup.o)
 .ARM.attributes
                0x00000362       0x33 .\CortexM3\ARM_GCC_541\Debug\Erika_Arcadian_Fader.a(ErikaOS_1_ee_rq_exchg.o)
 .ARM.attributes
                0x00000395       0x33 .\CortexM3\ARM_GCC_541\Debug\Erika_Arcadian_Fader.a(ErikaOS_1_ee_rq_first.o)
 .ARM.attributes
                0x000003c8       0x33 .\CortexM3\ARM_GCC_541\Debug\Erika_Arcadian_Fader.a(ErikaOS_1_ee_rq_inser.o)
 .ARM.attributes
                0x000003fb       0x33 .\CortexM3\ARM_GCC_541\Debug\Erika_Arcadian_Fader.a(ErikaOS_1_ee_startos.o)
 .ARM.attributes
                0x0000042e       0x33 .\CortexM3\ARM_GCC_541\Debug\Erika_Arcadian_Fader.a(ErikaOS_1_ee_terminat.o)
 .ARM.attributes
                0x00000461       0x33 .\CortexM3\ARM_GCC_541\Debug\Erika_Arcadian_Fader.a(ErikaOS_1_cortex_mx_ee_utils.o)
 .ARM.attributes
                0x00000494       0x33 .\CortexM3\ARM_GCC_541\Debug\Erika_Arcadian_Fader.a(ErikaOS_1_common_ee_hal_structs.o)
 .ARM.attributes
                0x000004c7       0x33 .\CortexM3\ARM_GCC_541\Debug\Erika_Arcadian_Fader.a(ErikaOS_1_eecfg.o)
 .ARM.attributes
                0x000004fa       0x33 .\CortexM3\ARM_GCC_541\Debug\Erika_Arcadian_Fader.a(RGB_Red.o)
 .ARM.attributes
                0x0000052d       0x33 .\CortexM3\ARM_GCC_541\Debug\Erika_Arcadian_Fader.a(UART_LOG.o)
 .ARM.attributes
                0x00000560       0x33 .\CortexM3\ARM_GCC_541\Debug\Erika_Arcadian_Fader.a(UART_LOG_IntClock.o)
 .ARM.attributes
                0x00000593       0x21 .\CortexM3\ARM_GCC_541\Debug\Erika_Arcadian_Fader.a(CyBootAsmGnu.o)
 .ARM.attributes
                0x000005b4       0x21 .\CortexM3\ARM_GCC_541\Debug\Erika_Arcadian_Fader.a(ErikaOS_1_ee_gnu_change_context_isr.o)
 .ARM.attributes
                0x000005d5       0x21 .\CortexM3\ARM_GCC_541\Debug\Erika_Arcadian_Fader.a(ErikaOS_1_ee_gnu_irq_stack.o)
 .ARM.attributes
                0x000005f6       0x21 .\CortexM3\ARM_GCC_541\Debug\Erika_Arcadian_Fader.a(ErikaOS_1_ee_gnu_multi_context.o)
 .ARM.attributes
                0x00000617       0x21 .\CortexM3\ARM_GCC_541\Debug\Erika_Arcadian_Fader.a(ErikaOS_1_ee_gnu_oo.o)
 .ARM.attributes
                0x00000638       0x33 .\CortexM3\ARM_GCC_541\Debug\Erika_Arcadian_Fader.a(CyFlash.o)
 .ARM.attributes
                0x0000066b       0x33 .\CortexM3\ARM_GCC_541\Debug\Erika_Arcadian_Fader.a(CySpc.o)
 .ARM.attributes
                0x0000069e       0x33 .\CortexM3\ARM_GCC_541\Debug\Erika_Arcadian_Fader.a(ErikaOS_1_ee_tnterm.o)
 .ARM.attributes
                0x000006d1       0x33 .\CortexM3\ARM_GCC_541\Debug\Erika_Arcadian_Fader.a(ErikaOS_1_ee_tstub.o)
 .ARM.attributes
                0x00000704       0x33 .\CortexM3\ARM_GCC_541\Debug\Erika_Arcadian_Fader.a(ErikaOS_1_cortex_mx_ee_context.o)
 .ARM.attributes
                0x00000737       0x33 .\CortexM3\ARM_GCC_541\Debug\Erika_Arcadian_Fader.a(ErikaOS_1_ee_thendin.o)
 .ARM.attributes
                0x0000076a       0x2d c:/program files (x86)/cypress/psoc creator/4.4/psoc creator/import/gnu/arm/5.4.1/bin/../lib/gcc/arm-none-eabi/5.4.1/../../../../arm-none-eabi/lib/armv7-m\libg_nano.a(lib_a-errno.o)
 .ARM.attributes
                0x00000797       0x2d c:/program files (x86)/cypress/psoc creator/4.4/psoc creator/import/gnu/arm/5.4.1/bin/../lib/gcc/arm-none-eabi/5.4.1/../../../../arm-none-eabi/lib/armv7-m\libg_nano.a(lib_a-exit.o)
 .ARM.attributes
                0x000007c4       0x2d c:/program files (x86)/cypress/psoc creator/4.4/psoc creator/import/gnu/arm/5.4.1/bin/../lib/gcc/arm-none-eabi/5.4.1/../../../../arm-none-eabi/lib/armv7-m\libg_nano.a(lib_a-impure.o)
 .ARM.attributes
                0x000007f1       0x2d c:/program files (x86)/cypress/psoc creator/4.4/psoc creator/import/gnu/arm/5.4.1/bin/../lib/gcc/arm-none-eabi/5.4.1/../../../../arm-none-eabi/lib/armv7-m\libg_nano.a(lib_a-init.o)
 .ARM.attributes
                0x0000081e       0x2d c:/program files (x86)/cypress/psoc creator/4.4/psoc creator/import/gnu/arm/5.4.1/bin/../lib/gcc/arm-none-eabi/5.4.1/../../../../arm-none-eabi/lib/armv7-m\libg_nano.a(lib_a-itoa.o)
 .ARM.attributes
                0x0000084b       0x2d c:/program files (x86)/cypress/psoc creator/4.4/psoc creator/import/gnu/arm/5.4.1/bin/../lib/gcc/arm-none-eabi/5.4.1/../../../../arm-none-eabi/lib/armv7-m\libg_nano.a(lib_a-memcpy-stub.o)
 .ARM.attributes
                0x00000878       0x2d c:/program files (x86)/cypress/psoc creator/4.4/psoc creator/import/gnu/arm/5.4.1/bin/../lib/gcc/arm-none-eabi/5.4.1/../../../../arm-none-eabi/lib/armv7-m\libg_nano.a(lib_a-memset.o)
 .ARM.attributes
                0x000008a5       0x2d c:/program files (x86)/cypress/psoc creator/4.4/psoc creator/import/gnu/arm/5.4.1/bin/../lib/gcc/arm-none-eabi/5.4.1/../../../../arm-none-eabi/lib/armv7-m\libg_nano.a(lib_a-utoa.o)
 .ARM.attributes
                0x000008d2       0x2d c:/program files (x86)/cypress/psoc creator/4.4/psoc creator/import/gnu/arm/5.4.1/bin/../lib/gcc/arm-none-eabi/5.4.1/armv7-m/crtend.o
 .ARM.attributes
                0x000008ff       0x1d c:/program files (x86)/cypress/psoc creator/4.4/psoc creator/import/gnu/arm/5.4.1/bin/../lib/gcc/arm-none-eabi/5.4.1/armv7-m/crtn.o

/DISCARD/
 *(.note.GNU-stack)
OUTPUT(C:\Users\Girish\OneDrive\Documents\PSoC Creator\Erika_OS_WorkSpace\Erika_Arcadian_Fader.cydsn\CortexM3\ARM_GCC_541\Debug\Erika_Arcadian_Fader.elf elf32-littlearm)
