Archive member included to satisfy reference by file (symbol)

.\CortexM3\ARM_GCC_541\Debug\Erika_Reaction_Game.a(ErikaOS_1_ee_activate.o)
                              .\CortexM3\ARM_GCC_541\Debug\main.o (EE_oo_ActivateTask)
.\CortexM3\ARM_GCC_541\Debug\Erika_Reaction_Game.a(ErikaOS_1_ee_alcancel.o)
                              .\CortexM3\ARM_GCC_541\Debug\game.o (EE_oo_CancelAlarm)
.\CortexM3\ARM_GCC_541\Debug\Erika_Reaction_Game.a(ErikaOS_1_ee_alsetrel.o)
                              .\CortexM3\ARM_GCC_541\Debug\game.o (EE_oo_SetRelAlarm)
.\CortexM3\ARM_GCC_541\Debug\Erika_Reaction_Game.a(ErikaOS_1_ee_altick.o)
                              .\CortexM3\ARM_GCC_541\Debug\Erika_Reaction_Game.a(ErikaOS_1_ee_alsetrel.o) (EE_oo_counter_object_insert)
.\CortexM3\ARM_GCC_541\Debug\Erika_Reaction_Game.a(ErikaOS_1_ee_evclear.o)
                              .\CortexM3\ARM_GCC_541\Debug\main.o (EE_oo_ClearEvent)
.\CortexM3\ARM_GCC_541\Debug\Erika_Reaction_Game.a(ErikaOS_1_ee_evget.o)
                              .\CortexM3\ARM_GCC_541\Debug\main.o (EE_oo_GetEvent)
.\CortexM3\ARM_GCC_541\Debug\Erika_Reaction_Game.a(ErikaOS_1_ee_evset.o)
                              .\CortexM3\ARM_GCC_541\Debug\main.o (EE_oo_SetEvent)
.\CortexM3\ARM_GCC_541\Debug\Erika_Reaction_Game.a(ErikaOS_1_ee_evwait.o)
                              .\CortexM3\ARM_GCC_541\Debug\main.o (EE_oo_WaitEvent)
.\CortexM3\ARM_GCC_541\Debug\Erika_Reaction_Game.a(ErikaOS_1_ee_irqendin.o)
                              .\CortexM3\ARM_GCC_541\Debug\main.o (EE_IRQ_end_post_stub)
.\CortexM3\ARM_GCC_541\Debug\Erika_Reaction_Game.a(ErikaOS_1_ee_lookup.o)
                              .\CortexM3\ARM_GCC_541\Debug\Erika_Reaction_Game.a(ErikaOS_1_ee_irqendin.o) (EE_oo_IRQ_disable_count)
.\CortexM3\ARM_GCC_541\Debug\Erika_Reaction_Game.a(ErikaOS_1_ee_rq_exchg.o)
                              .\CortexM3\ARM_GCC_541\Debug\Erika_Reaction_Game.a(ErikaOS_1_ee_activate.o) (EE_rq2stk_exchange)
.\CortexM3\ARM_GCC_541\Debug\Erika_Reaction_Game.a(ErikaOS_1_ee_rq_first.o)
                              .\CortexM3\ARM_GCC_541\Debug\Erika_Reaction_Game.a(ErikaOS_1_ee_activate.o) (EE_rq_queryfirst)
.\CortexM3\ARM_GCC_541\Debug\Erika_Reaction_Game.a(ErikaOS_1_ee_rq_inser.o)
                              .\CortexM3\ARM_GCC_541\Debug\Erika_Reaction_Game.a(ErikaOS_1_ee_activate.o) (EE_rq_insert)
.\CortexM3\ARM_GCC_541\Debug\Erika_Reaction_Game.a(ErikaOS_1_ee_startos.o)
                              .\CortexM3\ARM_GCC_541\Debug\main.o (EE_oo_StartOS)
.\CortexM3\ARM_GCC_541\Debug\Erika_Reaction_Game.a(ErikaOS_1_ee_terminat.o)
                              .\CortexM3\ARM_GCC_541\Debug\main.o (EE_oo_TerminateTask)
.\CortexM3\ARM_GCC_541\Debug\Erika_Reaction_Game.a(ErikaOS_1_cortex_mx_ee_utils.o)
                              .\CortexM3\ARM_GCC_541\Debug\main.o (EE_system_init)
.\CortexM3\ARM_GCC_541\Debug\Erika_Reaction_Game.a(ErikaOS_1_common_ee_hal_structs.o)
                              .\CortexM3\ARM_GCC_541\Debug\Erika_Reaction_Game.a(ErikaOS_1_ee_irqendin.o) (EE_std_endcycle_next_tid)
.\CortexM3\ARM_GCC_541\Debug\Erika_Reaction_Game.a(ErikaOS_1_eecfg.o)
                              .\CortexM3\ARM_GCC_541\Debug\Erika_Reaction_Game.a(ErikaOS_1_ee_startos.o) (EE_oo_autostart_task_data)
.\CortexM3\ARM_GCC_541\Debug\Erika_Reaction_Game.a(Seven_Segment_Register.o)
                              .\CortexM3\ARM_GCC_541\Debug\seven_segment.o (Seven_Segment_Register_Write)
.\CortexM3\ARM_GCC_541\Debug\Erika_Reaction_Game.a(SEVEN_Select.o)
                              .\CortexM3\ARM_GCC_541\Debug\seven_segment.o (SEVEN_Select_Write)
.\CortexM3\ARM_GCC_541\Debug\Erika_Reaction_Game.a(isr_button.o)
                              .\CortexM3\ARM_GCC_541\Debug\button.o (isr_button_StartEx)
.\CortexM3\ARM_GCC_541\Debug\Erika_Reaction_Game.a(BUTTON_1.o)
                              .\CortexM3\ARM_GCC_541\Debug\button.o (BUTTON_1_Read)
.\CortexM3\ARM_GCC_541\Debug\Erika_Reaction_Game.a(BUTTON_2.o)
                              .\CortexM3\ARM_GCC_541\Debug\button.o (BUTTON_2_Read)
.\CortexM3\ARM_GCC_541\Debug\Erika_Reaction_Game.a(UART_LOG.o)
                              .\CortexM3\ARM_GCC_541\Debug\main.o (UART_LOG_Start)
.\CortexM3\ARM_GCC_541\Debug\Erika_Reaction_Game.a(UART_LOG_IntClock.o)
                              .\CortexM3\ARM_GCC_541\Debug\Erika_Reaction_Game.a(UART_LOG.o) (UART_LOG_IntClock_Start)
.\CortexM3\ARM_GCC_541\Debug\Erika_Reaction_Game.a(CyLib.o)
                              .\CortexM3\ARM_GCC_541\Debug\Cm3Start.o (CyHalt)
.\CortexM3\ARM_GCC_541\Debug\Erika_Reaction_Game.a(cyPm.o)
                              .\CortexM3\ARM_GCC_541\Debug\Erika_Reaction_Game.a(CyLib.o) (CyPmReadStatus)
.\CortexM3\ARM_GCC_541\Debug\Erika_Reaction_Game.a(PWM_Led_Red.o)
                              .\CortexM3\ARM_GCC_541\Debug\fader.o (PWM_Led_Red_WriteCompare)
.\CortexM3\ARM_GCC_541\Debug\Erika_Reaction_Game.a(PWM_Led_Green.o)
[...]
Memory Configuration

Name             Origin             Length             Attributes
rom              0x00000000         0x00040000         xr
ram              0x1fff8000         0x00010000         xrw
*default*        0x00000000         0xffffffff

Linker script and memory map

LOAD c:/program files (x86)/cypress/psoc creator/4.4/psoc creator/import/gnu/arm/5.4.1/bin/../lib/gcc/arm-none-eabi/5.4.1/armv7-m/crti.o
LOAD c:/program files (x86)/cypress/psoc creator/4.4/psoc creator/import/gnu/arm/5.4.1/bin/../lib/gcc/arm-none-eabi/5.4.1/armv7-m/crtbegin.o
LOAD c:/program files (x86)/cypress/psoc creator/4.4/psoc creator/import/gnu/arm/5.4.1/bin/../lib/gcc/arm-none-eabi/5.4.1/../../../../arm-none-eabi/lib/armv7-m/crt0.o
START GROUP
LOAD .\CortexM3\ARM_GCC_541\Debug\game.o
LOAD .\CortexM3\ARM_GCC_541\Debug\main.o
LOAD .\CortexM3\ARM_GCC_541\Debug\seven_segment.o
LOAD .\CortexM3\ARM_GCC_541\Debug\button.o
LOAD .\CortexM3\ARM_GCC_541\Debug\fader.o
LOAD .\CortexM3\ARM_GCC_541\Debug\glower.o
LOAD .\CortexM3\ARM_GCC_541\Debug\cyfitter_cfg.o
LOAD .\CortexM3\ARM_GCC_541\Debug\cymetadata.o
LOAD .\CortexM3\ARM_GCC_541\Debug\Cm3Start.o
LOAD .\CortexM3\ARM_GCC_541\Debug\Erika_Reaction_Game.a
LOAD C:\Program Files (x86)\Cypress\PSoC Creator\4.4\PSoC Creator\psoc\content\cycomponentlibrary\CyComponentLibrary.cylib\CortexM3\ARM_GCC_541\Debug\CyComponentLibrary.a
END GROUP
START GROUP
LOAD c:/program files (x86)/cypress/psoc creator/4.4/psoc creator/import/gnu/arm/5.4.1/bin/../lib/gcc/arm-none-eabi/5.4.1/armv7-m\libgcc.a
LOAD c:/program files (x86)/cypress/psoc creator/4.4/psoc creator/import/gnu/arm/5.4.1/bin/../lib/gcc/arm-none-eabi/5.4.1/../../../../arm-none-eabi/lib/armv7-m\libg_nano.a
LOAD c:/program files (x86)/cypress/psoc creator/4.4/psoc creator/import/gnu/arm/5.4.1/bin/../lib/gcc/arm-none-eabi/5.4.1/../../../../arm-none-eabi/lib/armv7-m\libc_nano.a
END GROUP
START GROUP
LOAD c:/program files (x86)/cypress/psoc creator/4.4/psoc creator/import/gnu/arm/5.4.1/bin/../lib/gcc/arm-none-eabi/5.4.1/armv7-m\libgcc.a
LOAD c:/program files (x86)/cypress/psoc creator/4.4/psoc creator/import/gnu/arm/5.4.1/bin/../lib/gcc/arm-none-eabi/5.4.1/../../../../arm-none-eabi/lib/armv7-m\libc_nano.a
END GROUP
LOAD c:/program files (x86)/cypress/psoc creator/4.4/psoc creator/import/gnu/arm/5.4.1/bin/../lib/gcc/arm-none-eabi/5.4.1/armv7-m/crtend.o
LOAD c:/program files (x86)/cypress/psoc creator/4.4/psoc creator/import/gnu/arm/5.4.1/bin/../lib/gcc/arm-none-eabi/5.4.1/armv7-m/crtn.o
START GROUP
LOAD c:/program files (x86)/cypress/psoc creator/4.4/psoc creator/import/gnu/arm/5.4.1/bin/../lib/gcc/arm-none-eabi/5.4.1/armv7-m\libgcc.a
LOAD c:/program files (x86)/cypress/psoc creator/4.4/psoc creator/import/gnu/arm/5.4.1/bin/../lib/gcc/arm-none-eabi/5.4.1/../../../../arm-none-eabi/lib/armv7-m\libc.a
LOAD c:/program files (x86)/cypress/psoc creator/4.4/psoc creator/import/gnu/arm/5.4.1/bin/../lib/gcc/arm-none-eabi/5.4.1/../../../../arm-none-eabi/lib/armv7-m\libnosys.a
END GROUP
                0x00000000                CY_APPL_ORIGIN = 0x0
                0x00000100                CY_FLASH_ROW_SIZE = 0x100
                0x00000020                CY_ECC_ROW_SIZE = 0x20
                0x00000000                CY_EE_IN_BTLDR = 0x0
                0x00000000                CY_APPL_LOADABLE = 0x0
                0x00000800                CY_EE_SIZE = 0x800
                0x00000001                CY_APPL_NUM = 0x1
                0x00000001                CY_APPL_MAX = 0x1
                0x00000040                CY_METADATA_SIZE = 0x40
                0x00000000                CY_APPL_LOADABLE = 0x0
                0x00000000                CY_CHECKSUM_EXCLUDE_SIZE = ALIGN (0x0, CY_FLASH_ROW_SIZE)
                [!provide]                PROVIDE (__cy_heap_start, _end)
                0x00000001                PROVIDE (__cy_region_num, ((__cy_regions_end - __cy_regions) / 0x10))
                0x20008000                PROVIDE (__cy_stack, (ORIGIN (ram) + LENGTH (ram)))
                [!provide]                PROVIDE (__cy_heap_end, (__cy_stack - 0x800))

.cybootloader   0x00000000        0x0
 *(.cybootloader)
                0x00000000                appl1_start = CY_APPL_ORIGIN?CY_APPL_ORIGIN:ALIGN (CY_FLASH_ROW_SIZE)
                0x0001ff00                appl2_start = (appl1_start + ALIGN ((((LENGTH (rom) - appl1_start) - (0x2 * CY_FLASH_ROW_SIZE)) / 0x2), CY_FLASH_ROW_SIZE))
                0x00000000                appl_start = (CY_APPL_NUM == 0x1)?appl1_start:appl2_start
                0x00000000                ecc_offset = ((appl_start / CY_FLASH_ROW_SIZE) * CY_ECC_ROW_SIZE)
                0x00000000                ee_offset = (CY_APPL_LOADABLE && ! (CY_EE_IN_BTLDR))?((CY_EE_SIZE / CY_APPL_MAX) * (CY_APPL_NUM - 0x1)):0x0
                0x00000800                ee_size = (CY_APPL_LOADABLE && ! (CY_EE_IN_BTLDR))?(CY_EE_SIZE / CY_APPL_MAX):CY_EE_SIZE
                [!provide]                PROVIDE (CY_ECC_OFFSET, ecc_offset)

.text           0x00000000     0x20f8
 CREATE_OBJECT_SYMBOLS
                0x00000000                PROVIDE (__cy_interrupt_vector, RomVectors)
 *(.romvectors)
 .romvectors    0x00000000       0x10 .\CortexM3\ARM_GCC_541\Debug\Cm3Start.o
                0x00000000                RomVectors
                0x00000001                ASSERT ((. != __cy_interrupt_vector), No interrupt vector)
                0x00000001                ASSERT (CY_APPL_ORIGIN?(SIZEOF (.cybootloader) <= CY_APPL_ORIGIN):0x1, Wrong image location)
                0x00000010                PROVIDE (__cy_reset, Reset)
 *(.text.Reset)
 .text.Reset    0x00000010       0x18 .\CortexM3\ARM_GCC_541\Debug\Cm3Start.o
                0x00000010                Reset
                0x00000001                ASSERT ((. != __cy_reset), No reset code)
 *(.dma_init)
                0x00000001                ASSERT ((((appl_start + .) <= 0x10000) || 0x1), DMA Init must be within the first 64k of flash)
 *(.text .text.* .gnu.linkonce.t.*)
 .text          0x00000028       0x5c c:/program files (x86)/cypress/psoc creator/4.4/psoc creator/import/gnu/arm/5.4.1/bin/../lib/gcc/arm-none-eabi/5.4.1/armv7-m/crtbegin.o
 .text.GAME__StartRandomTimer
                0x00000084       0x2c .\CortexM3\ARM_GCC_541\Debug\game.o
                0x00000084                GAME__StartRandomTimer
 .text.GAME__ShowRandom7SegmentValue
                0x000000b0       0x3c .\CortexM3\ARM_GCC_541\Debug\game.o
                0x000000b0                GAME__ShowRandom7SegmentValue
 .text.GAME__CorrectButton
                0x000000ec       0x2c .\CortexM3\ARM_GCC_541\Debug\game.o
                0x000000ec                GAME__CorrectButton
 .text.GAME__Show
                0x00000118        0x8 .\CortexM3\ARM_GCC_541\Debug\game.o
                0x00000118                GAME__Show
 .text.GAME__DisplayTime
                0x00000120       0xb0 .\CortexM3\ARM_GCC_541\Debug\game.o
                0x00000120                GAME__DisplayTime
 .text.GAME__DisplayResult
                0x000001d0       0x58 .\CortexM3\ARM_GCC_541\Debug\game.o
                0x000001d0                GAME__DisplayResult
 .text.GAME__Play
                0x00000228       0xfc .\CortexM3\ARM_GCC_541\Debug\game.o
                0x00000228                GAME__Play
 .text.ISR2_systick_handler
                0x00000324        0xc .\CortexM3\ARM_GCC_541\Debug\main.o
                0x00000324                ISR2_systick_handler
 .text.systick_handler
                0x00000330       0x98 .\CortexM3\ARM_GCC_541\Debug\main.o
                0x00000330                systick_handler
 .text.main     0x000003c8       0x30 .\CortexM3\ARM_GCC_541\Debug\main.o
                0x000003c8                main
 .text.Functask_init
                0x000003f8       0x90 .\CortexM3\ARM_GCC_541\Debug\main.o
                0x000003f8                Functask_init
 .text.Functask_timer
                0x00000488       0x14 .\CortexM3\ARM_GCC_541\Debug\main.o
                0x00000488                Functask_timer
 .text.Functask_control
                0x0000049c       0x68 .\CortexM3\ARM_GCC_541\Debug\main.o
                0x0000049c                Functask_control
 .text.Functask_fader
                0x00000504        0xc .\CortexM3\ARM_GCC_541\Debug\main.o
                0x00000504                Functask_fader
 .text.Functask_glower
                0x00000510        0xc .\CortexM3\ARM_GCC_541\Debug\main.o
                0x00000510                Functask_glower
 .text.Functask_background
                0x0000051c        0x4 .\CortexM3\ARM_GCC_541\Debug\main.o
                0x0000051c                Functask_background
 .text.ISR2_isr_button
                0x00000520       0x28 .\CortexM3\ARM_GCC_541\Debug\main.o
                0x00000520                ISR2_isr_button
 .text.isr_button
                0x00000548       0x98 .\CortexM3\ARM_GCC_541\Debug\main.o
                0x00000548                isr_button
 .text.SevenSegmentClear
                0x000005e0       0x1c .\CortexM3\ARM_GCC_541\Debug\seven_segment.o
                0x000005e0                SevenSegmentClear
 .text.SevenSegment_init
                0x000005fc       0x14 .\CortexM3\ARM_GCC_541\Debug\seven_segment.o
                0x000005fc                SevenSegment_init
 .text.Seven_Segment_Write
                0x00000610       0x18 .\CortexM3\ARM_GCC_541\Debug\seven_segment.o
                0x00000610                Seven_Segment_Write
 .text.BUTTON_IsPressed
                0x00000628       0x30 .\CortexM3\ARM_GCC_541\Debug\button.o
                0x00000628                BUTTON_IsPressed
 .text.Fader_Set
                0x00000658       0xb8 .\CortexM3\ARM_GCC_541\Debug\fader.o
                0x00000658                Fader_Set
 .text.RGB__Glower
                0x00000710       0x70 .\CortexM3\ARM_GCC_541\Debug\glower.o
                0x00000710                RGB__Glower
 .text.CyClockStartupError
                0x00000780        0x4 .\CortexM3\ARM_GCC_541\Debug\cyfitter_cfg.o
 .text.cfg_write_bytes32
                0x00000784       0x34 .\CortexM3\ARM_GCC_541\Debug\cyfitter_cfg.o
 .text.AnalogSetDefault
                0x000007b8       0x28 .\CortexM3\ARM_GCC_541\Debug\cyfitter_cfg.o
 .text.CYMEMZERO
                0x000007e0        0xc .\CortexM3\ARM_GCC_541\Debug\cyfitter_cfg.o
 .text.ClockSetup
                0x000007ec       0xc8 .\CortexM3\ARM_GCC_541\Debug\cyfitter_cfg.o
 .text.CYCONFIGCPY
                0x000008b4        0x8 .\CortexM3\ARM_GCC_541\Debug\cyfitter_cfg.o
 .text.cyfitter_cfg
                0x000008bc      0x124 .\CortexM3\ARM_GCC_541\Debug\cyfitter_cfg.o
                0x000008bc                cyfitter_cfg
 .text.IntDefaultHandler
                0x000009e0       0x10 .\CortexM3\ARM_GCC_541\Debug\Cm3Start.o
                0x000009e0                IntDefaultHandler
 .text._sbrk    0x000009f0       0x30 .\CortexM3\ARM_GCC_541\Debug\Cm3Start.o
                0x000009f0                _sbrk
 .text.Start_c  0x00000a20       0x4c .\CortexM3\ARM_GCC_541\Debug\Cm3Start.o
                0x00000a20                Start_c
 .text.initialize_psoc
                0x00000a6c       0x68 .\CortexM3\ARM_GCC_541\Debug\Cm3Start.o
                0x00000a6c                initialize_psoc
 .text.EE_oo_ActivateTask
                0x00000ad4       0xe8 .\CortexM3\ARM_GCC_541\Debug\Erika_Reaction_Game.a(ErikaOS_1_ee_activate.o)
                0x00000ad4                EE_oo_ActivateTask
 .text.EE_oo_CancelAlarm
                0x00000bbc       0xa4 .\CortexM3\ARM_GCC_541\Debug\Erika_Reaction_Game.a(ErikaOS_1_ee_alcancel.o)
                0x00000bbc                EE_oo_CancelAlarm
 .text.EE_oo_SetRelAlarm
                0x00000c60       0x80 .\CortexM3\ARM_GCC_541\Debug\Erika_Reaction_Game.a(ErikaOS_1_ee_alsetrel.o)
                0x00000c60                EE_oo_SetRelAlarm
 .text.EE_oo_handle_action_callback
                0x00000ce0        0xc .\CortexM3\ARM_GCC_541\Debug\Erika_Reaction_Game.a(ErikaOS_1_ee_altick.o)
 .text.EE_oo_handle_action_task
                0x00000cec       0x4c .\CortexM3\ARM_GCC_541\Debug\Erika_Reaction_Game.a(ErikaOS_1_ee_altick.o)
 .text.EE_oo_handle_action_event
                0x00000d38       0x60 .\CortexM3\ARM_GCC_541\Debug\Erika_Reaction_Game.a(ErikaOS_1_ee_altick.o)
 .text.EE_oo_handle_action
                0x00000d98       0x28 .\CortexM3\ARM_GCC_541\Debug\Erika_Reaction_Game.a(ErikaOS_1_ee_altick.o)
 .text.EE_oo_counter_object_insert
                0x00000dc0       0x9c .\CortexM3\ARM_GCC_541\Debug\Erika_Reaction_Game.a(ErikaOS_1_ee_altick.o)
                0x00000dc0                EE_oo_counter_object_insert
 .text.EE_oo_IncrementCounterImplementation
                0x00000e5c      0x100 .\CortexM3\ARM_GCC_541\Debug\Erika_Reaction_Game.a(ErikaOS_1_ee_altick.o)
                0x00000e5c                EE_oo_IncrementCounterImplementation
 .text.EE_oo_IncrementCounter
                0x00000f5c       0xb0 .\CortexM3\ARM_GCC_541\Debug\Erika_Reaction_Game.a(ErikaOS_1_ee_altick.o)
                0x00000f5c                EE_oo_IncrementCounter
 .text.EE_oo_ClearEvent
                0x0000100c       0x5c .\CortexM3\ARM_GCC_541\Debug\Erika_Reaction_Game.a(ErikaOS_1_ee_evclear.o)
                0x0000100c                EE_oo_ClearEvent
 .text.EE_oo_GetEvent
                0x00001068       0x40 .\CortexM3\ARM_GCC_541\Debug\Erika_Reaction_Game.a(ErikaOS_1_ee_evget.o)
                0x00001068                EE_oo_GetEvent
 .text.EE_oo_SetEvent
                0x000010a8      0x100 .\CortexM3\ARM_GCC_541\Debug\Erika_Reaction_Game.a(ErikaOS_1_ee_evset.o)
                0x000010a8                EE_oo_SetEvent
 .text.EE_oo_WaitEvent
                0x000011a8      0x110 .\CortexM3\ARM_GCC_541\Debug\Erika_Reaction_Game.a(ErikaOS_1_ee_evwait.o)
                0x000011a8                EE_oo_WaitEvent
 .text.EE_IRQ_run_next_task
                0x000012b8       0x30 .\CortexM3\ARM_GCC_541\Debug\Erika_Reaction_Game.a(ErikaOS_1_ee_irqendin.o)
 .text.EE_IRQ_end_instance
                0x000012e8       0x68 .\CortexM3\ARM_GCC_541\Debug\Erika_Reaction_Game.a(ErikaOS_1_ee_irqendin.o)
                0x000012e8                EE_IRQ_end_instance
 .text.EE_IRQ_end_post_stub
                0x00001350       0x14 .\CortexM3\ARM_GCC_541\Debug\Erika_Reaction_Game.a(ErikaOS_1_ee_irqendin.o)
                0x00001350                EE_IRQ_end_post_stub
 .text.EE_rq2stk_exchange
                0x00001364       0x88 .\CortexM3\ARM_GCC_541\Debug\Erika_Reaction_Game.a(ErikaOS_1_ee_rq_exchg.o)
                0x00001364                EE_rq2stk_exchange
 .text.EE_rq_queryfirst
                0x000013ec       0x44 .\CortexM3\ARM_GCC_541\Debug\Erika_Reaction_Game.a(ErikaOS_1_ee_rq_first.o)
                0x000013ec                EE_rq_queryfirst
 .text.EE_rq_insert
                0x00001430       0x74 .\CortexM3\ARM_GCC_541\Debug\Erika_Reaction_Game.a(ErikaOS_1_ee_rq_inser.o)
                0x00001430                EE_rq_insert
 .text.compute_task_tid
                0x000014a4       0x10 .\CortexM3\ARM_GCC_541\Debug\Erika_Reaction_Game.a(ErikaOS_1_ee_startos.o)
 .text.EE_oo_start_os
                0x000014b4        0xc .\CortexM3\ARM_GCC_541\Debug\Erika_Reaction_Game.a(ErikaOS_1_ee_startos.o)
 .text.EE_oo_autostart_tasks
                0x000014c0       0x60 .\CortexM3\ARM_GCC_541\Debug\Erika_Reaction_Game.a(ErikaOS_1_ee_startos.o)
 .text.EE_oo_autostart_os
                0x00001520        0xc .\CortexM3\ARM_GCC_541\Debug\Erika_Reaction_Game.a(ErikaOS_1_ee_startos.o)
 .text.EE_oo_StartOS
                0x0000152c       0x8c .\CortexM3\ARM_GCC_541\Debug\Erika_Reaction_Game.a(ErikaOS_1_ee_startos.o)
                0x0000152c                EE_oo_StartOS
 .text.EE_oo_TerminateTask
                0x000015b8       0x3c .\CortexM3\ARM_GCC_541\Debug\Erika_Reaction_Game.a(ErikaOS_1_ee_terminat.o)
                0x000015b8                EE_oo_TerminateTask
 .text.EE_system_init
                0x000015f4       0x48 .\CortexM3\ARM_GCC_541\Debug\Erika_Reaction_Game.a(ErikaOS_1_cortex_mx_ee_utils.o)
                0x000015f4                EE_system_init
 .text.Seven_Segment_Register_Write
                0x0000163c        0xc .\CortexM3\ARM_GCC_541\Debug\Erika_Reaction_Game.a(Seven_Segment_Register.o)
                0x0000163c                Seven_Segment_Register_Write
 .text.SEVEN_Select_Write
                0x00001648       0x18 .\CortexM3\ARM_GCC_541\Debug\Erika_Reaction_Game.a(SEVEN_Select.o)
                0x00001648                SEVEN_Select_Write
 .text.BUTTON_1_Read
                0x00001660       0x10 .\CortexM3\ARM_GCC_541\Debug\Erika_Reaction_Game.a(BUTTON_1.o)
                0x00001660                BUTTON_1_Read
 .text.BUTTON_2_Read
                0x00001670       0x10 .\CortexM3\ARM_GCC_541\Debug\Erika_Reaction_Game.a(BUTTON_2.o)
                0x00001670                BUTTON_2_Read
 .text.UART_LOG_Init
                0x00001680       0x28 .\CortexM3\ARM_GCC_541\Debug\Erika_Reaction_Game.a(UART_LOG.o)
                0x00001680                UART_LOG_Init
 .text.UART_LOG_Enable
                0x000016a8       0x3c .\CortexM3\ARM_GCC_541\Debug\Erika_Reaction_Game.a(UART_LOG.o)
                0x000016a8                UART_LOG_Enable
 .text.UART_LOG_Start
                0x000016e4       0x1c .\CortexM3\ARM_GCC_541\Debug\Erika_Reaction_Game.a(UART_LOG.o)
                0x000016e4                UART_LOG_Start
 .text.UART_LOG_PutChar
                0x00001700       0x18 .\CortexM3\ARM_GCC_541\Debug\Erika_Reaction_Game.a(UART_LOG.o)
                0x00001700                UART_LOG_PutChar
 .text.UART_LOG_PutString
                0x00001718       0x24 .\CortexM3\ARM_GCC_541\Debug\Erika_Reaction_Game.a(UART_LOG.o)
                0x00001718                UART_LOG_PutString
 .text.UART_LOG_IntClock_Start
                0x0000173c       0x1c .\CortexM3\ARM_GCC_541\Debug\Erika_Reaction_Game.a(UART_LOG_IntClock.o)
                0x0000173c                UART_LOG_IntClock_Start
 .text.CyHalt   0x00001758        0x4 .\CortexM3\ARM_GCC_541\Debug\Erika_Reaction_Game.a(CyLib.o)
                0x00001758                CyHalt
 .text.CyIntSetPriority
                0x0000175c       0x30 .\CortexM3\ARM_GCC_541\Debug\Erika_Reaction_Game.a(CyLib.o)
                0x0000175c                CyIntSetPriority
 .text.PWM_Led_Red_Enable
                0x0000178c       0x10 .\CortexM3\ARM_GCC_541\Debug\Erika_Reaction_Game.a(PWM_Led_Red.o)
                0x0000178c                PWM_Led_Red_Enable
 .text.PWM_Led_Red_WriteCounter
                0x0000179c        0xc .\CortexM3\ARM_GCC_541\Debug\Erika_Reaction_Game.a(PWM_Led_Red.o)
                0x0000179c                PWM_Led_Red_WriteCounter
 .text.PWM_Led_Red_WritePeriod
                0x000017a8        0xc .\CortexM3\ARM_GCC_541\Debug\Erika_Reaction_Game.a(PWM_Led_Red.o)
                0x000017a8                PWM_Led_Red_WritePeriod
 .text.PWM_Led_Red_WriteCompare
                0x000017b4        0xc .\CortexM3\ARM_GCC_541\Debug\Erika_Reaction_Game.a(PWM_Led_Red.o)
                0x000017b4                PWM_Led_Red_WriteCompare
 .text.PWM_Led_Red_SetInterruptMode
                0x000017c0        0xc .\CortexM3\ARM_GCC_541\Debug\Erika_Reaction_Game.a(PWM_Led_Red.o)
                0x000017c0                PWM_Led_Red_SetInterruptMode
 .text.PWM_Led_Red_ReadStatusRegister
                0x000017cc        0xc .\CortexM3\ARM_GCC_541\Debug\Erika_Reaction_Game.a(PWM_Led_Red.o)
                0x000017cc                PWM_Led_Red_ReadStatusRegister
 .text.PWM_Led_Red_ReadCapture
                0x000017d8        0xc .\CortexM3\ARM_GCC_541\Debug\Erika_Reaction_Game.a(PWM_Led_Red.o)
                0x000017d8                PWM_Led_Red_ReadCapture
 .text.PWM_Led_Red_ClearFIFO
                0x000017e4       0x14 .\CortexM3\ARM_GCC_541\Debug\Erika_Reaction_Game.a(PWM_Led_Red.o)
                0x000017e4                PWM_Led_Red_ClearFIFO
 .text.PWM_Led_Red_Init
                0x000017f8       0x50 .\CortexM3\ARM_GCC_541\Debug\Erika_Reaction_Game.a(PWM_Led_Red.o)
                0x000017f8                PWM_Led_Red_Init
 .text.PWM_Led_Red_Start
                0x00001848       0x1c .\CortexM3\ARM_GCC_541\Debug\Erika_Reaction_Game.a(PWM_Led_Red.o)
                0x00001848                PWM_Led_Red_Start
 .text.PWM_Led_Green_Enable
                0x00001864       0x10 .\CortexM3\ARM_GCC_541\Debug\Erika_Reaction_Game.a(PWM_Led_Green.o)
                0x00001864                PWM_Led_Green_Enable
 .text.PWM_Led_Green_WriteCounter
                0x00001874        0xc .\CortexM3\ARM_GCC_541\Debug\Erika_Reaction_Game.a(PWM_Led_Green.o)
                0x00001874                PWM_Led_Green_WriteCounter
 .text.PWM_Led_Green_WritePeriod
                0x00001880        0xc .\CortexM3\ARM_GCC_541\Debug\Erika_Reaction_Game.a(PWM_Led_Green.o)
                0x00001880                PWM_Led_Green_WritePeriod
 .text.PWM_Led_Green_WriteCompare
                0x0000188c        0xc .\CortexM3\ARM_GCC_541\Debug\Erika_Reaction_Game.a(PWM_Led_Green.o)
                0x0000188c                PWM_Led_Green_WriteCompare
 .text.PWM_Led_Green_SetInterruptMode
                0x00001898        0xc .\CortexM3\ARM_GCC_541\Debug\Erika_Reaction_Game.a(PWM_Led_Green.o)
                0x00001898                PWM_Led_Green_SetInterruptMode
 .text.PWM_Led_Green_ReadStatusRegister
                0x000018a4        0xc .\CortexM3\ARM_GCC_541\Debug\Erika_Reaction_Game.a(PWM_Led_Green.o)
                0x000018a4                PWM_Led_Green_ReadStatusRegister
 .text.PWM_Led_Green_ReadCapture
                0x000018b0        0xc .\CortexM3\ARM_GCC_541\Debug\Erika_Reaction_Game.a(PWM_Led_Green.o)
                0x000018b0                PWM_Led_Green_ReadCapture
 .text.PWM_Led_Green_ClearFIFO
                0x000018bc       0x14 .\CortexM3\ARM_GCC_541\Debug\Erika_Reaction_Game.a(PWM_Led_Green.o)
                0x000018bc                PWM_Led_Green_ClearFIFO
 .text.PWM_Led_Green_Init
                0x000018d0       0x50 .\CortexM3\ARM_GCC_541\Debug\Erika_Reaction_Game.a(PWM_Led_Green.o)
                0x000018d0                PWM_Led_Green_Init
 .text.PWM_Led_Green_Start
                0x00001920       0x1c .\CortexM3\ARM_GCC_541\Debug\Erika_Reaction_Game.a(PWM_Led_Green.o)
                0x00001920                PWM_Led_Green_Start
 .text.PWM_Led_Yellow_Enable
                0x0000193c       0x10 .\CortexM3\ARM_GCC_541\Debug\Erika_Reaction_Game.a(PWM_Led_Yellow.o)
                0x0000193c                PWM_Led_Yellow_Enable
 .text.PWM_Led_Yellow_WriteCounter
                0x0000194c        0xc .\CortexM3\ARM_GCC_541\Debug\Erika_Reaction_Game.a(PWM_Led_Yellow.o)
                0x0000194c                PWM_Led_Yellow_WriteCounter
 .text.PWM_Led_Yellow_WritePeriod
                0x00001958        0xc .\CortexM3\ARM_GCC_541\Debug\Erika_Reaction_Game.a(PWM_Led_Yellow.o)
                0x00001958                PWM_Led_Yellow_WritePeriod
 .text.PWM_Led_Yellow_WriteCompare
                0x00001964        0xc .\CortexM3\ARM_GCC_541\Debug\Erika_Reaction_Game.a(PWM_Led_Yellow.o)
                0x00001964                PWM_Led_Yellow_WriteCompare
 .text.PWM_Led_Yellow_SetInterruptMode
                0x00001970        0xc .\CortexM3\ARM_GCC_541\Debug\Erika_Reaction_Game.a(PWM_Led_Yellow.o)
                0x00001970                PWM_Led_Yellow_SetInterruptMode
 .text.PWM_Led_Yellow_ReadStatusRegister
                0x0000197c        0xc .\CortexM3\ARM_GCC_541\Debug\Erika_Reaction_Game.a(PWM_Led_Yellow.o)
                0x0000197c                PWM_Led_Yellow_ReadStatusRegister
 .text.PWM_Led_Yellow_ReadCapture
                0x00001988        0xc .\CortexM3\ARM_GCC_541\Debug\Erika_Reaction_Game.a(PWM_Led_Yellow.o)
                0x00001988                PWM_Led_Yellow_ReadCapture
 .text.PWM_Led_Yellow_ClearFIFO
                0x00001994       0x14 .\CortexM3\ARM_GCC_541\Debug\Erika_Reaction_Game.a(PWM_Led_Yellow.o)
                0x00001994                PWM_Led_Yellow_ClearFIFO
 .text.PWM_Led_Yellow_Init
                0x000019a8       0x50 .\CortexM3\ARM_GCC_541\Debug\Erika_Reaction_Game.a(PWM_Led_Yellow.o)
                0x000019a8                PWM_Led_Yellow_Init
 .text.PWM_Led_Yellow_Start
                0x000019f8       0x1c .\CortexM3\ARM_GCC_541\Debug\Erika_Reaction_Game.a(PWM_Led_Yellow.o)
                0x000019f8                PWM_Led_Yellow_Start
 .text.RGB_Red_Write
                0x00001a14       0x18 .\CortexM3\ARM_GCC_541\Debug\Erika_Reaction_Game.a(RGB_Red.o)
                0x00001a14                RGB_Red_Write
 .text.RGB_Green_Write
                0x00001a2c       0x18 .\CortexM3\ARM_GCC_541\Debug\Erika_Reaction_Game.a(RGB_Green.o)
                0x00001a2c                RGB_Green_Write
 .text.RGB_Blue_Write
                0x00001a44       0x18 .\CortexM3\ARM_GCC_541\Debug\Erika_Reaction_Game.a(RGB_Blue.o)
                0x00001a44                RGB_Blue_Write
 .text          0x00001a5c       0x7c .\CortexM3\ARM_GCC_541\Debug\Erika_Reaction_Game.a(ErikaOS_1_ee_gnu_change_context_isr.o)
                0x00001a5c                EE_set_switch_context_pri
                0x00001a76                EE_switch_context
                0x00001a80                EE_cortex_mx_pendsv_ISR
                0x00001abc                EE_cortex_mx_svc_ISR
 .text          0x00001ad8       0x24 .\CortexM3\ARM_GCC_541\Debug\Erika_Reaction_Game.a(ErikaOS_1_ee_gnu_irq_stack.o)
                0x00001ad8                EE_cortex_mx_change_IRQ_stack
                0x00001aea                EE_cortex_mx_change_IRQ_stack_back
 .text          0x00001afc       0x68 .\CortexM3\ARM_GCC_541\Debug\Erika_Reaction_Game.a(ErikaOS_1_ee_gnu_multi_context.o)
                0x00001afc                EE_cortex_mx_change_context
 .text          0x00001b64       0x80 .\CortexM3\ARM_GCC_541\Debug\Erika_Reaction_Game.a(ErikaOS_1_ee_gnu_oo.o)
                0x00001b64                EE_hal_terminate_savestk
                0x00001bae                EE_hal_terminate_task
 *fill*         0x00001be4        0x4 
 .text          0x00001be8       0x20 .\CortexM3\ARM_GCC_541\Debug\Erika_Reaction_Game.a(CyBootAsmGnu.o)
                0x00001be8                CyDelayCycles
                0x00001bf8                CyEnterCriticalSection
                0x00001c00                CyExitCriticalSection
 .text.EE_thread_not_terminated
                0x00001c08       0x10 .\CortexM3\ARM_GCC_541\Debug\Erika_Reaction_Game.a(ErikaOS_1_ee_tnterm.o)
                0x00001c08                EE_thread_not_terminated
 .text.EE_oo_thread_stub
                0x00001c18       0x10 .\CortexM3\ARM_GCC_541\Debug\Erika_Reaction_Game.a(ErikaOS_1_ee_tstub.o)
                0x00001c18                EE_oo_thread_stub
 .text.EE_std_run_task_code
                0x00001c28       0x18 .\CortexM3\ARM_GCC_541\Debug\Erika_Reaction_Game.a(ErikaOS_1_cortex_mx_ee_context.o)
                0x00001c28                EE_std_run_task_code
 .text.EE_std_need_context_change
                0x00001c40       0x28 .\CortexM3\ARM_GCC_541\Debug\Erika_Reaction_Game.a(ErikaOS_1_cortex_mx_ee_context.o)
                0x00001c40                EE_std_need_context_change
 .text.EE_thread_rnact_max
                0x00001c68       0x20 .\CortexM3\ARM_GCC_541\Debug\Erika_Reaction_Game.a(ErikaOS_1_ee_thendin.o)
 .text.EE_thread_endcycle_next
                0x00001c88       0x30 .\CortexM3\ARM_GCC_541\Debug\Erika_Reaction_Game.a(ErikaOS_1_ee_thendin.o)
 .text.EE_thread_end_instance
                0x00001cb8      0x108 .\CortexM3\ARM_GCC_541\Debug\Erika_Reaction_Game.a(ErikaOS_1_ee_thendin.o)
                0x00001cb8                EE_thread_end_instance
 .text.__errno  0x00001dc0        0xc c:/program files (x86)/cypress/psoc creator/4.4/psoc creator/import/gnu/arm/5.4.1/bin/../lib/gcc/arm-none-eabi/5.4.1/../../../../arm-none-eabi/lib/armv7-m\libg_nano.a(lib_a-errno.o)
                0x00001dc0                __errno
 .text.__libc_init_array
                0x00001dcc       0x4c c:/program files (x86)/cypress/psoc creator/4.4/psoc creator/import/gnu/arm/5.4.1/bin/../lib/gcc/arm-none-eabi/5.4.1/../../../../arm-none-eabi/lib/armv7-m\libg_nano.a(lib_a-init.o)
                0x00001dcc                __libc_init_array
 .text.__itoa   0x00001e18       0x2e c:/program files (x86)/cypress/psoc creator/4.4/psoc creator/import/gnu/arm/5.4.1/bin/../lib/gcc/arm-none-eabi/5.4.1/../../../../arm-none-eabi/lib/armv7-m\libg_nano.a(lib_a-itoa.o)
                0x00001e18                __itoa
 .text.itoa     0x00001e46        0x4 c:/program files (x86)/cypress/psoc creator/4.4/psoc creator/import/gnu/arm/5.4.1/bin/../lib/gcc/arm-none-eabi/5.4.1/../../../../arm-none-eabi/lib/armv7-m\libg_nano.a(lib_a-itoa.o)
                0x00001e46                itoa
 .text.memcpy   0x00001e4a       0x16 c:/program files (x86)/cypress/psoc creator/4.4/psoc creator/import/gnu/arm/5.4.1/bin/../lib/gcc/arm-none-eabi/5.4.1/../../../../arm-none-eabi/lib/armv7-m\libg_nano.a(lib_a-memcpy-stub.o)
                0x00001e4a                memcpy
 .text.memset   0x00001e60       0x10 c:/program files (x86)/cypress/psoc creator/4.4/psoc creator/import/gnu/arm/5.4.1/bin/../lib/gcc/arm-none-eabi/5.4.1/../../../../arm-none-eabi/lib/armv7-m\libg_nano.a(lib_a-memset.o)
                0x00001e60                memset
 .text.srand    0x00001e70       0x50 c:/program files (x86)/cypress/psoc creator/4.4/psoc creator/import/gnu/arm/5.4.1/bin/../lib/gcc/arm-none-eabi/5.4.1/../../../../arm-none-eabi/lib/armv7-m\libg_nano.a(lib_a-rand.o)
                0x00001e70                srand
 .text.rand     0x00001ec0       0x74 c:/program files (x86)/cypress/psoc creator/4.4/psoc creator/import/gnu/arm/5.4.1/bin/../lib/gcc/arm-none-eabi/5.4.1/../../../../arm-none-eabi/lib/armv7-m\libg_nano.a(lib_a-rand.o)
                0x00001ec0                rand
 .text.time     0x00001f34       0x28 c:/program files (x86)/cypress/psoc creator/4.4/psoc creator/import/gnu/arm/5.4.1/bin/../lib/gcc/arm-none-eabi/5.4.1/../../../../arm-none-eabi/lib/armv7-m\libg_nano.a(lib_a-time.o)
                0x00001f34                time
 .text.__utoa   0x00001f5c       0x78 c:/program files (x86)/cypress/psoc creator/4.4/psoc creator/import/gnu/arm/5.4.1/bin/../lib/gcc/arm-none-eabi/5.4.1/../../../../arm-none-eabi/lib/armv7-m\libg_nano.a(lib_a-utoa.o)
                0x00001f5c                __utoa
 .text._gettimeofday_r
                0x00001fd4       0x24 c:/program files (x86)/cypress/psoc creator/4.4/psoc creator/import/gnu/arm/5.4.1/bin/../lib/gcc/arm-none-eabi/5.4.1/../../../../arm-none-eabi/lib/armv7-m\libg_nano.a(lib_a-gettimeofdayr.o)
                0x00001fd4                _gettimeofday_r
 .text.malloc   0x00001ff8       0x10 c:/program files (x86)/cypress/psoc creator/4.4/psoc creator/import/gnu/arm/5.4.1/bin/../lib/gcc/arm-none-eabi/5.4.1/../../../../arm-none-eabi/lib/armv7-m\libg_nano.a(lib_a-malloc.o)
                0x00001ff8                malloc
 .text._malloc_r
                0x00002008       0xbc c:/program files (x86)/cypress/psoc creator/4.4/psoc creator/import/gnu/arm/5.4.1/bin/../lib/gcc/arm-none-eabi/5.4.1/../../../../arm-none-eabi/lib/armv7-m\libg_nano.a(lib_a-nano-mallocr.o)
                0x00002008                _malloc_r
 .text._sbrk_r  0x000020c4       0x20 c:/program files (x86)/cypress/psoc creator/4.4/psoc creator/import/gnu/arm/5.4.1/bin/../lib/gcc/arm-none-eabi/5.4.1/../../../../arm-none-eabi/lib/armv7-m\libg_nano.a(lib_a-sbrkr.o)
                0x000020c4                _sbrk_r
 .text.__malloc_lock
                0x000020e4        0x2 c:/program files (x86)/cypress/psoc creator/4.4/psoc creator/import/gnu/arm/5.4.1/bin/../lib/gcc/arm-none-eabi/5.4.1/../../../../arm-none-eabi/lib/armv7-m\libg_nano.a(lib_a-mlock.o)
                0x000020e4                __malloc_lock
 .text.__malloc_unlock
                0x000020e6        0x2 c:/program files (x86)/cypress/psoc creator/4.4/psoc creator/import/gnu/arm/5.4.1/bin/../lib/gcc/arm-none-eabi/5.4.1/../../../../arm-none-eabi/lib/armv7-m\libg_nano.a(lib_a-mlock.o)
                0x000020e6                __malloc_unlock
 .text._gettimeofday
                0x000020e8       0x10 c:/program files (x86)/cypress/psoc creator/4.4/psoc creator/import/gnu/arm/5.4.1/bin/../lib/gcc/arm-none-eabi/5.4.1/../../../../arm-none-eabi/lib/armv7-m\libnosys.a(gettod.o)
                0x000020e8                _gettimeofday
 *(.plt)
 *(.gnu.warning)
 *(.glue_7t)
 .glue_7t       0x000020f8        0x0 linker stubs
 *(.glue_7)
 .glue_7        0x000020f8        0x0 linker stubs
 *(.vfp11_veneer)
 .vfp11_veneer  0x000020f8        0x0 linker stubs
 *(.bootloader)
 *(.ARM.extab* .gnu.linkonce.armextab.*)
 *(.gcc_except_table)

.v4_bx          0x000020f8        0x0
 .v4_bx         0x000020f8        0x0 linker stubs

.iplt           0x000020f8        0x0
 .iplt          0x000020f8        0x0 c:/program files (x86)/cypress/psoc creator/4.4/psoc creator/import/gnu/arm/5.4.1/bin/../lib/gcc/arm-none-eabi/5.4.1/armv7-m/crtbegin.o

.eh_frame_hdr
 *(.eh_frame_hdr)

.eh_frame       0x000020f8        0x4
 *(.eh_frame)
 .eh_frame      0x000020f8        0x0 c:/program files (x86)/cypress/psoc creator/4.4/psoc creator/import/gnu/arm/5.4.1/bin/../lib/gcc/arm-none-eabi/5.4.1/armv7-m/crtbegin.o
 .eh_frame      0x000020f8        0x4 c:/program files (x86)/cypress/psoc creator/4.4/psoc creator/import/gnu/arm/5.4.1/bin/../lib/gcc/arm-none-eabi/5.4.1/armv7-m/crtend.o
                [!provide]                PROVIDE (__exidx_start, .)

.ARM.exidx
 *(.ARM.exidx* .gnu.linkonce.armexidx.*)
                0x000020fc                __exidx_end = .

.rodata         0x000020fc      0x85c
 *(.rodata .rodata.* .gnu.linkonce.r.*)
 .rodata.str1.4
                0x000020fc      0x175 .\CortexM3\ARM_GCC_541\Debug\game.o
                                0x179 (size before relaxing)
 *fill*         0x00002271        0x3 
 .rodata.str1.4
                0x00002274       0x99 .\CortexM3\ARM_GCC_541\Debug\main.o
                                 0xcd (size before relaxing)
 *fill*         0x0000230d        0x3 
 .rodata        0x00002310       0x10 .\CortexM3\ARM_GCC_541\Debug\seven_segment.o
 .rodata        0x00002320      0x200 .\CortexM3\ARM_GCC_541\Debug\fader.o
 .rodata        0x00002520       0x36 .\CortexM3\ARM_GCC_541\Debug\glower.o
                0x00002520                RGB_glowtable_1
 *fill*         0x00002556        0x2 
 .rodata        0x00002558       0x36 .\CortexM3\ARM_GCC_541\Debug\cyfitter_cfg.o
 *fill*         0x0000258e        0x2 
 .rodata        0x00002590      0x100 .\CortexM3\ARM_GCC_541\Debug\Erika_Reaction_Game.a(ErikaOS_1_ee_lookup.o)
                0x00002590                EE_rq_lookup
 .rodata        0x00002690      0x19c .\CortexM3\ARM_GCC_541\Debug\Erika_Reaction_Game.a(ErikaOS_1_eecfg.o)
                0x00002690                EE_oo_autostart_task_data
                0x0000269c                EE_oo_action_ROM
                0x00002700                EE_oo_counter_object_ROM
                0x0000273c                EE_ALARM_ID
                0x00002750                EE_alarm_ROM
                0x00002764                EE_counter_ROM
                0x00002770                EE_th_is_extended
                0x00002788                EE_th_rnact_max
                0x000027a0                EE_th_dispatch_prio
                0x000027b8                EE_EVENT_ID
                0x000027c8                EE_th_ready_prio
                0x000027e0                EE_terminate_real_th_body
                0x000027f8                EE_hal_thread_body
                0x00002810                EE_std_thread_tos
 .rodata.str1.4
                0x0000282c       0xd0 .\CortexM3\ARM_GCC_541\Debug\Erika_Reaction_Game.a(ErikaOS_1_eecfg.o)
 .rodata.str1.1
                0x000028fc        0x2 c:/program files (x86)/cypress/psoc creator/4.4/psoc creator/import/gnu/arm/5.4.1/bin/../lib/gcc/arm-none-eabi/5.4.1/../../../../arm-none-eabi/lib/armv7-m\libg_nano.a(lib_a-impure.o)
 .rodata.str1.1
                0x000028fe       0x25 c:/program files (x86)/cypress/psoc creator/4.4/psoc creator/import/gnu/arm/5.4.1/bin/../lib/gcc/arm-none-eabi/5.4.1/../../../../arm-none-eabi/lib/armv7-m\libg_nano.a(lib_a-utoa.o)
                0x00002924                . = ALIGN (0x4)
 *fill*         0x00002923        0x1 
 *(.init)
 .init          0x00002924        0x4 c:/program files (x86)/cypress/psoc creator/4.4/psoc creator/import/gnu/arm/5.4.1/bin/../lib/gcc/arm-none-eabi/5.4.1/armv7-m/crti.o
                0x00002924                _init
 .init          0x00002928        0x8 c:/program files (x86)/cypress/psoc creator/4.4/psoc creator/import/gnu/arm/5.4.1/bin/../lib/gcc/arm-none-eabi/5.4.1/armv7-m/crtn.o
                0x00002930                . = ALIGN (0x4)
                0x00002930                __preinit_array_start = .
 *(.preinit_array)
                0x00002930                __preinit_array_end = .
                0x00002930                . = ALIGN (0x4)
                0x00002930                __init_array_start = .
 *(SORT(.init_array.*))
 *(.init_array)
 .init_array    0x00002930        0x4 c:/program files (x86)/cypress/psoc creator/4.4/psoc creator/import/gnu/arm/5.4.1/bin/../lib/gcc/arm-none-eabi/5.4.1/armv7-m/crtbegin.o
 .init_array    0x00002934        0x4 .\CortexM3\ARM_GCC_541\Debug\Cm3Start.o
                0x00002938                __init_array_end = .
                0x00002938                . = ALIGN (0x4)
 *(.fini)
 .fini          0x00002938        0x4 c:/program files (x86)/cypress/psoc creator/4.4/psoc creator/import/gnu/arm/5.4.1/bin/../lib/gcc/arm-none-eabi/5.4.1/armv7-m/crti.o
                0x00002938                _fini
 .fini          0x0000293c        0x8 c:/program files (x86)/cypress/psoc creator/4.4/psoc creator/import/gnu/arm/5.4.1/bin/../lib/gcc/arm-none-eabi/5.4.1/armv7-m/crtn.o
                0x00002944                . = ALIGN (0x4)
                0x00002944                __fini_array_start = .
 *(.fini_array)
 .fini_array    0x00002944        0x4 c:/program files (x86)/cypress/psoc creator/4.4/psoc creator/import/gnu/arm/5.4.1/bin/../lib/gcc/arm-none-eabi/5.4.1/armv7-m/crtbegin.o
 *(SORT(.fini_array.*))
                0x00002948                __fini_array_end = .
                0x00002948                . = ALIGN (0x4)
 *crtbegin.o(.ctors)
 *(EXCLUDE_FILE(*crtend.o) .ctors)
 *(SORT(.ctors.*))
 *crtend.o(.ctors)
                0x00002948                . = ALIGN (0x4)
 *crtbegin.o(.dtors)
 *(EXCLUDE_FILE(*crtend.o) .dtors)
 *(SORT(.dtors.*))
 *crtend.o(.dtors)
                0x00002948                . = ALIGN (0x4)
                0x00002948                __cy_regions = .
                0x00002948        0x4 LONG 0x2958 __cy_region_init_ram
                0x0000294c        0x4 LONG 0x1fff80c8 __cy_region_start_data
                0x00002950        0x4 LONG 0x1d8 __cy_region_init_size_ram
                0x00002954        0x4 LONG 0x12f8 __cy_region_zero_size_ram
                0x00002958                __cy_regions_end = .
                0x00002958                . = ALIGN (0x8)
                0x00002958                _etext = .

.cy_checksum_exclude
                0x00002958        0x0
 *(.cy_checksum_exclude)

.ramvectors     0x1fff8000       0xc0
                0x1fff8000                __cy_region_start_ram = .
 *(.ramvectors)
 .ramvectors    0x1fff8000       0xc0 .\CortexM3\ARM_GCC_541\Debug\Cm3Start.o
                0x1fff8000                CyRamVectors

.noinit         0x1fff80c0        0x1
 *(.noinit)
 .noinit        0x1fff80c0        0x1 .\CortexM3\ARM_GCC_541\Debug\Erika_Reaction_Game.a(CyLib.o)
                0x1fff80c0                CyResetStatus

.data           0x1fff80c8      0x1d8 load address 0x00002958
                0x1fff80c8                __cy_region_start_data = .
 *(.jcr)
 .jcr           0x1fff80c8        0x0 c:/program files (x86)/cypress/psoc creator/4.4/psoc creator/import/gnu/arm/5.4.1/bin/../lib/gcc/arm-none-eabi/5.4.1/armv7-m/crtbegin.o
 .jcr           0x1fff80c8        0x4 c:/program files (x86)/cypress/psoc creator/4.4/psoc creator/import/gnu/arm/5.4.1/bin/../lib/gcc/arm-none-eabi/5.4.1/armv7-m/crtend.o
 *(.got.plt)
 *(.got)
 *(.shdata)
 *(.data .data.* .gnu.linkonce.d.*)
 .data          0x1fff80cc        0x4 .\CortexM3\ARM_GCC_541\Debug\Cm3Start.o
 .data          0x1fff80d0      0x164 .\CortexM3\ARM_GCC_541\Debug\Erika_Reaction_Game.a(ErikaOS_1_eecfg.o)
                0x1fff80d0                EE_ALARM_NAME
                0x1fff80e4                EE_counter_RAM
                0x1fff80ec                EE_th_terminate_nextask
                0x1fff8104                EE_rq_pairs_next
                0x1fff811c                EE_rq_link
                0x1fff8134                EE_th_rnact
                0x1fff814c                EE_rq_queues_tail
                0x1fff818c                EE_rq_queues_head
                0x1fff81cc                EE_stkfirst
                0x1fff81d0                EE_th_next
                0x1fff81e8                EE_th_status
                0x1fff8200                EE_EVENT_NAME
                0x1fff8210                EE_TASK_NAME
                0x1fff8228                EE_cortex_mx_IRQ_tos
                0x1fff822c                EE_cortex_mx_system_tos
 .data          0x1fff8234        0x4 .\CortexM3\ARM_GCC_541\Debug\Erika_Reaction_Game.a(ErikaOS_1_ee_gnu_irq_stack.o)
 .data.impure_data
                0x1fff8238       0x60 c:/program files (x86)/cypress/psoc creator/4.4/psoc creator/import/gnu/arm/5.4.1/bin/../lib/gcc/arm-none-eabi/5.4.1/../../../../arm-none-eabi/lib/armv7-m\libg_nano.a(lib_a-impure.o)
 .data._impure_ptr
                0x1fff8298        0x4 c:/program files (x86)/cypress/psoc creator/4.4/psoc creator/import/gnu/arm/5.4.1/bin/../lib/gcc/arm-none-eabi/5.4.1/../../../../arm-none-eabi/lib/armv7-m\libg_nano.a(lib_a-impure.o)
                0x1fff8298                _impure_ptr
                0x1fff82a0                . = ALIGN (0x8)
 *fill*         0x1fff829c        0x4 
 *(.ram)
                0x1fff82a0                _edata = .

.igot.plt       0x1fff82a0        0x0 load address 0x00002b30
 .igot.plt      0x1fff82a0        0x0 c:/program files (x86)/cypress/psoc creator/4.4/psoc creator/import/gnu/arm/5.4.1/bin/../lib/gcc/arm-none-eabi/5.4.1/armv7-m/crtbegin.o

.bss            0x1fff82a0     0x12f8 load address 0x00002b30
                0x1fff82a0                PROVIDE (__bss_start__, .)
 *(.shbss)
 *(.bss .bss.* .gnu.linkonce.b.*)
 .bss           0x1fff82a0       0x1c c:/program files (x86)/cypress/psoc creator/4.4/psoc creator/import/gnu/arm/5.4.1/bin/../lib/gcc/arm-none-eabi/5.4.1/armv7-m/crtbegin.o
 .bss           0x1fff82bc        0x3 .\CortexM3\ARM_GCC_541\Debug\game.o
 *fill*         0x1fff82bf        0x1 
 .bss           0x1fff82c0        0x2 .\CortexM3\ARM_GCC_541\Debug\main.o
                0x1fff82c0                sys_tick_count
 .bss           0x1fff82c2        0x2 .\CortexM3\ARM_GCC_541\Debug\fader.o
 .bss           0x1fff82c4        0x2 .\CortexM3\ARM_GCC_541\Debug\glower.o
 *fill*         0x1fff82c6        0x2 
 .bss           0x1fff82c8       0x58 .\CortexM3\ARM_GCC_541\Debug\Erika_Reaction_Game.a(ErikaOS_1_eecfg.o)
                0x1fff82c8                EE_th_waswaiting
                0x1fff82e0                EE_th_event_waitmask
                0x1fff82f8                EE_th_event_active
                0x1fff8310                EE_rq_free
                0x1fff8314                EE_rq_bitmask
                0x1fff8318                EE_sys_ceiling
                0x1fff831c                EE_cortex_mx_active_tos
 .bss           0x1fff8320        0x2 .\CortexM3\ARM_GCC_541\Debug\Erika_Reaction_Game.a(UART_LOG.o)
                0x1fff8320                UART_LOG_initVar
 .bss           0x1fff8322        0x1 .\CortexM3\ARM_GCC_541\Debug\Erika_Reaction_Game.a(PWM_Led_Red.o)
                0x1fff8322                PWM_Led_Red_initVar
 .bss           0x1fff8323        0x1 .\CortexM3\ARM_GCC_541\Debug\Erika_Reaction_Game.a(PWM_Led_Green.o)
                0x1fff8323                PWM_Led_Green_initVar
 .bss           0x1fff8324        0x1 .\CortexM3\ARM_GCC_541\Debug\Erika_Reaction_Game.a(PWM_Led_Yellow.o)
                0x1fff8324                PWM_Led_Yellow_initVar
 *fill*         0x1fff8325        0x3 
 .bss.__malloc_sbrk_start
                0x1fff8328        0x4 c:/program files (x86)/cypress/psoc creator/4.4/psoc creator/import/gnu/arm/5.4.1/bin/../lib/gcc/arm-none-eabi/5.4.1/../../../../arm-none-eabi/lib/armv7-m\libg_nano.a(lib_a-nano-mallocr.o)
                0x1fff8328                __malloc_sbrk_start
 .bss.__malloc_free_list
                0x1fff832c        0x4 c:/program files (x86)/cypress/psoc creator/4.4/psoc creator/import/gnu/arm/5.4.1/bin/../lib/gcc/arm-none-eabi/5.4.1/../../../../arm-none-eabi/lib/armv7-m\libg_nano.a(lib_a-nano-mallocr.o)
                0x1fff832c                __malloc_free_list
 *(COMMON)
 COMMON         0x1fff8330       0x2c .\CortexM3\ARM_GCC_541\Debug\game.o
                0x1fff8330                temp2
                0x1fff8332                reaction_time
                0x1fff8334                average_game_time
                0x1fff8336                temp1
                0x1fff8338                buffer
                0x1fff8358                game_rounds
                0x1fff835a                correct_button_pressed
 COMMON         0x1fff835c        0x8 .\CortexM3\ARM_GCC_541\Debug\Erika_Reaction_Game.a(ErikaOS_1_ee_lookup.o)
                0x1fff835c                EE_oo_IRQ_disable_count
                0x1fff8360                EE_oo_IRQ_suspend_status
 COMMON         0x1fff8364        0x4 .\CortexM3\ARM_GCC_541\Debug\Erika_Reaction_Game.a(ErikaOS_1_ee_startos.o)
                0x1fff8364                EE_oo_started
 COMMON         0x1fff8368        0x8 .\CortexM3\ARM_GCC_541\Debug\Erika_Reaction_Game.a(ErikaOS_1_common_ee_hal_structs.o)
                0x1fff8368                EE_IRQ_nesting_level
                0x1fff836c                EE_std_endcycle_next_tid
 COMMON         0x1fff8370     0x1224 .\CortexM3\ARM_GCC_541\Debug\Erika_Reaction_Game.a(ErikaOS_1_eecfg.o)
                0x1fff8370                EE_cortex_mx_stack_3
                0x1fff9310                EE_rq_pairs_tid
                0x1fff9328                EE_terminate_data
                0x1fff9340                EE_oo_counter_object_RAM
                0x1fff9390                EE_ApplicationMode
                0x1fff9394                EE_cortex_mx_stack_9
 COMMON         0x1fff9594        0x4 c:/program files (x86)/cypress/psoc creator/4.4/psoc creator/import/gnu/arm/5.4.1/bin/../lib/gcc/arm-none-eabi/5.4.1/../../../../arm-none-eabi/lib/armv7-m\libg_nano.a(lib_a-reent.o)
                0x1fff9594                errno
                0x1fff9598                . = ALIGN (0x8)
 *(.ram.b)
                0x1fff9598                _end = .
                0x1fff9598                __end = .
                0x1fff9598                PROVIDE (end, .)
                0x1fff9598                PROVIDE (__bss_end__, .)
                0x00002958                __cy_region_init_ram = LOADADDR (.data)
                0x000001d8                __cy_region_init_size_ram = (_edata - ADDR (.data))
                0x000012f8                __cy_region_zero_size_ram = (_end - _edata)

.heap           0x1fff9598       0x80 load address 0x00002b30
                0x1fff9598                . = _end
                0x1fff9618                . = (. + 0x80)
 *fill*         0x1fff9598       0x80 
                0x1fff9618                __cy_heap_limit = .

.stack          0x20007800      0x800
                0x20007800                __cy_stack_limit = .
                0x20008000                . = (. + 0x800)
 *fill*         0x20007800      0x800 
                0x00000001                ASSERT ((__cy_stack_limit >= __cy_heap_limit), region RAM overflowed with stack)
                0x00000000                cy_checksum_exclude_size = (CY_APPL_LOADABLE == 0x1)?SIZEOF (.cy_checksum_exclude):0x0
                0x00000001                ASSERT ((cy_checksum_exclude_size <= CY_CHECKSUM_EXCLUDE_SIZE), CY_BOOT: Section .cy_checksum_exclude size exceedes specified limit.)

.cyloadermeta
 *(.cyloadermeta)

.cyloadablemeta
 *(.cyloadablemeta)

.cyconfigecc    0x80000000      0x5e0
 *(.cyconfigecc)
 .cyconfigecc   0x80000000      0x5e0 .\CortexM3\ARM_GCC_541\Debug\cymetadata.o
                0x80000000                cy_meta_configecc

.cycustnvl      0x90000000        0x4
 *(.cycustnvl)
 .cycustnvl     0x90000000        0x4 .\CortexM3\ARM_GCC_541\Debug\cymetadata.o
                0x90000000                cy_meta_custnvl

.cywolatch      0x90100000        0x4
 *(.cywolatch)
 .cywolatch     0x90100000        0x4 .\CortexM3\ARM_GCC_541\Debug\cymetadata.o
                0x90100000                cy_meta_wonvl

.cyeeprom       0x90200000        0x0
 *(.cyeeprom)
                0x00000001                ASSERT ((. <= ((0x90200000 + ee_offset) + ee_size)), .cyeeprom data will not fit in EEPROM)

.cyflashprotect
                0x90400000      0x100
 *(.cyflashprotect)
 .cyflashprotect
                0x90400000      0x100 .\CortexM3\ARM_GCC_541\Debug\cymetadata.o
                0x90400000                cy_meta_flashprotect

.cymeta         0x90500000        0xc
 *(.cymeta)
 .cymeta        0x90500000        0xc .\CortexM3\ARM_GCC_541\Debug\cymetadata.o
                0x90500000                cy_metadata

.rel.dyn        0x00002b30        0x0 load address 0x9050000c
 .rel.iplt      0x00002b30        0x0 c:/program files (x86)/cypress/psoc creator/4.4/psoc creator/import/gnu/arm/5.4.1/bin/../lib/gcc/arm-none-eabi/5.4.1/armv7-m/crtbegin.o

.stab           0x00000000       0x24
 *(.stab)
 .stab          0x00000000       0x24 c:/program files (x86)/cypress/psoc creator/4.4/psoc creator/import/gnu/arm/5.4.1/bin/../lib/gcc/arm-none-eabi/5.4.1/../../../../arm-none-eabi/lib/armv7-m\libnosys.a(gettod.o)

.stabstr        0x00000000       0x4e
 *(.stabstr)
 .stabstr       0x00000000       0x4e c:/program files (x86)/cypress/psoc creator/4.4/psoc creator/import/gnu/arm/5.4.1/bin/../lib/gcc/arm-none-eabi/5.4.1/../../../../arm-none-eabi/lib/armv7-m\libnosys.a(gettod.o)

.debug
 *(.debug)

.line
 *(.line)

.debug_srcinfo
 *(.debug_srcinfo)

.debug_sfnames
 *(.debug_sfnames)

.debug_aranges  0x00000000      0xf48
 *(.debug_aranges)
 .debug_aranges
                0x00000000       0x50 .\CortexM3\ARM_GCC_541\Debug\game.o
 .debug_aranges
                0x00000050       0x78 .\CortexM3\ARM_GCC_541\Debug\main.o
 .debug_aranges
                0x000000c8       0x38 .\CortexM3\ARM_GCC_541\Debug\seven_segment.o
 .debug_aranges
                0x00000100       0x28 .\CortexM3\ARM_GCC_541\Debug\button.o
 .debug_aranges
                0x00000128       0x20 .\CortexM3\ARM_GCC_541\Debug\fader.o
 .debug_aranges
                0x00000148       0x20 .\CortexM3\ARM_GCC_541\Debug\glower.o
 .debug_aranges
                0x00000168       0x58 .\CortexM3\ARM_GCC_541\Debug\cyfitter_cfg.o
 .debug_aranges
                0x000001c0       0x18 .\CortexM3\ARM_GCC_541\Debug\cymetadata.o
 .debug_aranges
                0x000001d8       0x48 .\CortexM3\ARM_GCC_541\Debug\Cm3Start.o
 .debug_aranges
                0x00000220       0x20 .\CortexM3\ARM_GCC_541\Debug\Erika_Reaction_Game.a(ErikaOS_1_ee_activate.o)
 .debug_aranges
                0x00000240       0x20 .\CortexM3\ARM_GCC_541\Debug\Erika_Reaction_Game.a(ErikaOS_1_ee_alcancel.o)
 .debug_aranges
                0x00000260       0x20 .\CortexM3\ARM_GCC_541\Debug\Erika_Reaction_Game.a(ErikaOS_1_ee_alsetrel.o)
 .debug_aranges
                0x00000280       0x58 .\CortexM3\ARM_GCC_541\Debug\Erika_Reaction_Game.a(ErikaOS_1_ee_altick.o)
 .debug_aranges
                0x000002d8       0x20 .\CortexM3\ARM_GCC_541\Debug\Erika_Reaction_Game.a(ErikaOS_1_ee_evclear.o)
 .debug_aranges
                0x000002f8       0x20 .\CortexM3\ARM_GCC_541\Debug\Erika_Reaction_Game.a(ErikaOS_1_ee_evget.o)
 .debug_aranges
                0x00000318       0x20 .\CortexM3\ARM_GCC_541\Debug\Erika_Reaction_Game.a(ErikaOS_1_ee_evset.o)
 .debug_aranges
                0x00000338       0x20 .\CortexM3\ARM_GCC_541\Debug\Erika_Reaction_Game.a(ErikaOS_1_ee_evwait.o)
 .debug_aranges
                0x00000358       0x30 .\CortexM3\ARM_GCC_541\Debug\Erika_Reaction_Game.a(ErikaOS_1_ee_irqendin.o)
 .debug_aranges
                0x00000388       0x18 .\CortexM3\ARM_GCC_541\Debug\Erika_Reaction_Game.a(ErikaOS_1_ee_lookup.o)
 .debug_aranges
                0x000003a0       0x20 .\CortexM3\ARM_GCC_541\Debug\Erika_Reaction_Game.a(ErikaOS_1_ee_rq_exchg.o)
 .debug_aranges
                0x000003c0       0x20 .\CortexM3\ARM_GCC_541\Debug\Erika_Reaction_Game.a(ErikaOS_1_ee_rq_first.o)
 .debug_aranges
                0x000003e0       0x20 .\CortexM3\ARM_GCC_541\Debug\Erika_Reaction_Game.a(ErikaOS_1_ee_rq_inser.o)
 .debug_aranges
                0x00000400       0x40 .\CortexM3\ARM_GCC_541\Debug\Erika_Reaction_Game.a(ErikaOS_1_ee_startos.o)
 .debug_aranges
                0x00000440       0x20 .\CortexM3\ARM_GCC_541\Debug\Erika_Reaction_Game.a(ErikaOS_1_ee_terminat.o)
 .debug_aranges
                0x00000460       0x20 .\CortexM3\ARM_GCC_541\Debug\Erika_Reaction_Game.a(ErikaOS_1_cortex_mx_ee_utils.o)
 .debug_aranges
                0x00000480       0x18 .\CortexM3\ARM_GCC_541\Debug\Erika_Reaction_Game.a(ErikaOS_1_common_ee_hal_structs.o)
 .debug_aranges
                0x00000498       0x18 .\CortexM3\ARM_GCC_541\Debug\Erika_Reaction_Game.a(ErikaOS_1_eecfg.o)
 .debug_aranges
                0x000004b0       0x28 .\CortexM3\ARM_GCC_541\Debug\Erika_Reaction_Game.a(Seven_Segment_Register.o)
 .debug_aranges
                0x000004d8       0x38 .\CortexM3\ARM_GCC_541\Debug\Erika_Reaction_Game.a(SEVEN_Select.o)
 .debug_aranges
                0x00000510       0x80 .\CortexM3\ARM_GCC_541\Debug\Erika_Reaction_Game.a(isr_button.o)
 .debug_aranges
                0x00000590       0x38 .\CortexM3\ARM_GCC_541\Debug\Erika_Reaction_Game.a(BUTTON_1.o)
 .debug_aranges
                0x000005c8       0x38 .\CortexM3\ARM_GCC_541\Debug\Erika_Reaction_Game.a(BUTTON_2.o)
 .debug_aranges
                0x00000600       0xf0 .\CortexM3\ARM_GCC_541\Debug\Erika_Reaction_Game.a(UART_LOG.o)
 .debug_aranges
                0x000006f0       0x70 .\CortexM3\ARM_GCC_541\Debug\Erika_Reaction_Game.a(UART_LOG_IntClock.o)
 .debug_aranges
                0x00000760      0x2a0 .\CortexM3\ARM_GCC_541\Debug\Erika_Reaction_Game.a(CyLib.o)
 .debug_aranges
                0x00000a00       0x98 .\CortexM3\ARM_GCC_541\Debug\Erika_Reaction_Game.a(cyPm.o)
 .debug_aranges
                0x00000a98       0x98 .\CortexM3\ARM_GCC_541\Debug\Erika_Reaction_Game.a(PWM_Led_Red.o)
 .debug_aranges
                0x00000b30       0x98 .\CortexM3\ARM_GCC_541\Debug\Erika_Reaction_Game.a(PWM_Led_Green.o)
 .debug_aranges
                0x00000bc8       0x98 .\CortexM3\ARM_GCC_541\Debug\Erika_Reaction_Game.a(PWM_Led_Yellow.o)
 .debug_aranges
                0x00000c60       0x38 .\CortexM3\ARM_GCC_541\Debug\Erika_Reaction_Game.a(RGB_Red.o)
 .debug_aranges
                0x00000c98       0x38 .\CortexM3\ARM_GCC_541\Debug\Erika_Reaction_Game.a(RGB_Green.o)
 .debug_aranges
                0x00000cd0       0x38 .\CortexM3\ARM_GCC_541\Debug\Erika_Reaction_Game.a(RGB_Blue.o)
 .debug_aranges
                0x00000d08       0x20 .\CortexM3\ARM_GCC_541\Debug\Erika_Reaction_Game.a(ErikaOS_1_ee_gnu_change_context_isr.o)
 .debug_aranges
                0x00000d28       0x20 .\CortexM3\ARM_GCC_541\Debug\Erika_Reaction_Game.a(ErikaOS_1_ee_gnu_irq_stack.o)
 .debug_aranges
                0x00000d48       0x20 .\CortexM3\ARM_GCC_541\Debug\Erika_Reaction_Game.a(ErikaOS_1_ee_gnu_multi_context.o)
 .debug_aranges
                0x00000d68       0x20 .\CortexM3\ARM_GCC_541\Debug\Erika_Reaction_Game.a(ErikaOS_1_ee_gnu_oo.o)
 .debug_aranges
                0x00000d88       0x20 .\CortexM3\ARM_GCC_541\Debug\Erika_Reaction_Game.a(CyBootAsmGnu.o)
 .debug_aranges
                0x00000da8       0x20 .\CortexM3\ARM_GCC_541\Debug\Erika_Reaction_Game.a(ErikaOS_1_ee_tnterm.o)
 .debug_aranges
                0x00000dc8       0x20 .\CortexM3\ARM_GCC_541\Debug\Erika_Reaction_Game.a(ErikaOS_1_ee_tstub.o)
 .debug_aranges
                0x00000de8       0x28 .\CortexM3\ARM_GCC_541\Debug\Erika_Reaction_Game.a(ErikaOS_1_cortex_mx_ee_context.o)
 .debug_aranges
                0x00000e10       0x88 .\CortexM3\ARM_GCC_541\Debug\Erika_Reaction_Game.a(CyFlash.o)
 .debug_aranges
                0x00000e98       0x80 .\CortexM3\ARM_GCC_541\Debug\Erika_Reaction_Game.a(CySpc.o)
 .debug_aranges
                0x00000f18       0x30 .\CortexM3\ARM_GCC_541\Debug\Erika_Reaction_Game.a(ErikaOS_1_ee_thendin.o)

.debug_pubnames
 *(.debug_pubnames)

.debug_info     0x00000000    0x10f2e
 *(.debug_info .gnu.linkonce.wi.*)
 .debug_info    0x00000000      0x7c8 .\CortexM3\ARM_GCC_541\Debug\game.o
 .debug_info    0x000007c8      0xa0b .\CortexM3\ARM_GCC_541\Debug\main.o
 .debug_info    0x000011d3      0x3c5 .\CortexM3\ARM_GCC_541\Debug\seven_segment.o
 .debug_info    0x00001598      0x2c3 .\CortexM3\ARM_GCC_541\Debug\button.o
 .debug_info    0x0000185b      0x311 .\CortexM3\ARM_GCC_541\Debug\fader.o
 .debug_info    0x00001b6c      0x263 .\CortexM3\ARM_GCC_541\Debug\glower.o
 .debug_info    0x00001dcf      0x5de .\CortexM3\ARM_GCC_541\Debug\cyfitter_cfg.o
 .debug_info    0x000023ad      0x137 .\CortexM3\ARM_GCC_541\Debug\cymetadata.o
 .debug_info    0x000024e4      0x3bb .\CortexM3\ARM_GCC_541\Debug\Cm3Start.o
 .debug_info    0x0000289f      0x80d .\CortexM3\ARM_GCC_541\Debug\Erika_Reaction_Game.a(ErikaOS_1_ee_activate.o)
 .debug_info    0x000030ac      0x5bd .\CortexM3\ARM_GCC_541\Debug\Erika_Reaction_Game.a(ErikaOS_1_ee_alcancel.o)
 .debug_info    0x00003669      0x5e5 .\CortexM3\ARM_GCC_541\Debug\Erika_Reaction_Game.a(ErikaOS_1_ee_alsetrel.o)
 .debug_info    0x00003c4e      0xc3b .\CortexM3\ARM_GCC_541\Debug\Erika_Reaction_Game.a(ErikaOS_1_ee_altick.o)
 .debug_info    0x00004889      0x5a7 .\CortexM3\ARM_GCC_541\Debug\Erika_Reaction_Game.a(ErikaOS_1_ee_evclear.o)
 .debug_info    0x00004e30      0x4ca .\CortexM3\ARM_GCC_541\Debug\Erika_Reaction_Game.a(ErikaOS_1_ee_evget.o)
 .debug_info    0x000052fa      0x7c3 .\CortexM3\ARM_GCC_541\Debug\Erika_Reaction_Game.a(ErikaOS_1_ee_evset.o)
 .debug_info    0x00005abd      0x84e .\CortexM3\ARM_GCC_541\Debug\Erika_Reaction_Game.a(ErikaOS_1_ee_evwait.o)
 .debug_info    0x0000630b      0x5cb .\CortexM3\ARM_GCC_541\Debug\Erika_Reaction_Game.a(ErikaOS_1_ee_irqendin.o)
 .debug_info    0x000068d6      0x3d0 .\CortexM3\ARM_GCC_541\Debug\Erika_Reaction_Game.a(ErikaOS_1_ee_lookup.o)
 .debug_info    0x00006ca6      0x46f .\CortexM3\ARM_GCC_541\Debug\Erika_Reaction_Game.a(ErikaOS_1_ee_rq_exchg.o)
 .debug_info    0x00007115      0x421 .\CortexM3\ARM_GCC_541\Debug\Erika_Reaction_Game.a(ErikaOS_1_ee_rq_first.o)
 .debug_info    0x00007536      0x475 .\CortexM3\ARM_GCC_541\Debug\Erika_Reaction_Game.a(ErikaOS_1_ee_rq_inser.o)
 .debug_info    0x000079ab     0x2040 .\CortexM3\ARM_GCC_541\Debug\Erika_Reaction_Game.a(ErikaOS_1_ee_startos.o)
 .debug_info    0x000099eb      0x589 .\CortexM3\ARM_GCC_541\Debug\Erika_Reaction_Game.a(ErikaOS_1_ee_terminat.o)
 .debug_info    0x00009f74      0x513 .\CortexM3\ARM_GCC_541\Debug\Erika_Reaction_Game.a(ErikaOS_1_cortex_mx_ee_utils.o)
 .debug_info    0x0000a487      0x3cb .\CortexM3\ARM_GCC_541\Debug\Erika_Reaction_Game.a(ErikaOS_1_common_ee_hal_structs.o)
 .debug_info    0x0000a852      0x8b7 .\CortexM3\ARM_GCC_541\Debug\Erika_Reaction_Game.a(ErikaOS_1_eecfg.o)
 .debug_info    0x0000b109       0xd6 .\CortexM3\ARM_GCC_541\Debug\Erika_Reaction_Game.a(Seven_Segment_Register.o)
 .debug_info    0x0000b1df      0x11f .\CortexM3\ARM_GCC_541\Debug\Erika_Reaction_Game.a(SEVEN_Select.o)
 .debug_info    0x0000b2fe      0x2d2 .\CortexM3\ARM_GCC_541\Debug\Erika_Reaction_Game.a(isr_button.o)
 .debug_info    0x0000b5d0      0x11f .\CortexM3\ARM_GCC_541\Debug\Erika_Reaction_Game.a(BUTTON_1.o)
 .debug_info    0x0000b6ef      0x11f .\CortexM3\ARM_GCC_541\Debug\Erika_Reaction_Game.a(BUTTON_2.o)
 .debug_info    0x0000b80e      0x60c .\CortexM3\ARM_GCC_541\Debug\Erika_Reaction_Game.a(UART_LOG.o)
 .debug_info    0x0000be1a      0x283 .\CortexM3\ARM_GCC_541\Debug\Erika_Reaction_Game.a(UART_LOG_IntClock.o)
 .debug_info    0x0000c09d     0x1374 .\CortexM3\ARM_GCC_541\Debug\Erika_Reaction_Game.a(CyLib.o)
 .debug_info    0x0000d411      0xa2a .\CortexM3\ARM_GCC_541\Debug\Erika_Reaction_Game.a(cyPm.o)
 .debug_info    0x0000de3b      0x334 .\CortexM3\ARM_GCC_541\Debug\Erika_Reaction_Game.a(PWM_Led_Red.o)
 .debug_info    0x0000e16f      0x334 .\CortexM3\ARM_GCC_541\Debug\Erika_Reaction_Game.a(PWM_Led_Green.o)
 .debug_info    0x0000e4a3      0x334 .\CortexM3\ARM_GCC_541\Debug\Erika_Reaction_Game.a(PWM_Led_Yellow.o)
 .debug_info    0x0000e7d7      0x11f .\CortexM3\ARM_GCC_541\Debug\Erika_Reaction_Game.a(RGB_Red.o)
 .debug_info    0x0000e8f6      0x11f .\CortexM3\ARM_GCC_541\Debug\Erika_Reaction_Game.a(RGB_Green.o)
 .debug_info    0x0000ea15      0x11f .\CortexM3\ARM_GCC_541\Debug\Erika_Reaction_Game.a(RGB_Blue.o)
 .debug_info    0x0000eb34       0xc4 .\CortexM3\ARM_GCC_541\Debug\Erika_Reaction_Game.a(ErikaOS_1_ee_gnu_change_context_isr.o)
 .debug_info    0x0000ebf8       0xbb .\CortexM3\ARM_GCC_541\Debug\Erika_Reaction_Game.a(ErikaOS_1_ee_gnu_irq_stack.o)
 .debug_info    0x0000ecb3       0xbf .\CortexM3\ARM_GCC_541\Debug\Erika_Reaction_Game.a(ErikaOS_1_ee_gnu_multi_context.o)
 .debug_info    0x0000ed72       0xb4 .\CortexM3\ARM_GCC_541\Debug\Erika_Reaction_Game.a(ErikaOS_1_ee_gnu_oo.o)
 .debug_info    0x0000ee26       0xad .\CortexM3\ARM_GCC_541\Debug\Erika_Reaction_Game.a(CyBootAsmGnu.o)
 .debug_info    0x0000eed3      0x43d .\CortexM3\ARM_GCC_541\Debug\Erika_Reaction_Game.a(ErikaOS_1_ee_tnterm.o)
 .debug_info    0x0000f310      0x487 .\CortexM3\ARM_GCC_541\Debug\Erika_Reaction_Game.a(ErikaOS_1_ee_tstub.o)
 .debug_info    0x0000f797      0x501 .\CortexM3\ARM_GCC_541\Debug\Erika_Reaction_Game.a(ErikaOS_1_cortex_mx_ee_context.o)
 .debug_info    0x0000fc98      0x64d .\CortexM3\ARM_GCC_541\Debug\Erika_Reaction_Game.a(CyFlash.o)
 .debug_info    0x000102e5      0x550 .\CortexM3\ARM_GCC_541\Debug\Erika_Reaction_Game.a(CySpc.o)
 .debug_info    0x00010835      0x6f9 .\CortexM3\ARM_GCC_541\Debug\Erika_Reaction_Game.a(ErikaOS_1_ee_thendin.o)

.debug_abbrev   0x00000000     0x488c
 *(.debug_abbrev)
 .debug_abbrev  0x00000000      0x1c0 .\CortexM3\ARM_GCC_541\Debug\game.o
 .debug_abbrev  0x000001c0      0x279 .\CortexM3\ARM_GCC_541\Debug\main.o
 .debug_abbrev  0x00000439      0x166 .\CortexM3\ARM_GCC_541\Debug\seven_segment.o
 .debug_abbrev  0x0000059f      0x11c .\CortexM3\ARM_GCC_541\Debug\button.o
 .debug_abbrev  0x000006bb      0x105 .\CortexM3\ARM_GCC_541\Debug\fader.o
 .debug_abbrev  0x000007c0      0x12b .\CortexM3\ARM_GCC_541\Debug\glower.o
 .debug_abbrev  0x000008eb      0x20d .\CortexM3\ARM_GCC_541\Debug\cyfitter_cfg.o
 .debug_abbrev  0x00000af8       0x77 .\CortexM3\ARM_GCC_541\Debug\cymetadata.o
 .debug_abbrev  0x00000b6f      0x1e8 .\CortexM3\ARM_GCC_541\Debug\Cm3Start.o
 .debug_abbrev  0x00000d57      0x284 .\CortexM3\ARM_GCC_541\Debug\Erika_Reaction_Game.a(ErikaOS_1_ee_activate.o)
 .debug_abbrev  0x00000fdb      0x1f8 .\CortexM3\ARM_GCC_541\Debug\Erika_Reaction_Game.a(ErikaOS_1_ee_alcancel.o)
 .debug_abbrev  0x000011d3      0x1f7 .\CortexM3\ARM_GCC_541\Debug\Erika_Reaction_Game.a(ErikaOS_1_ee_alsetrel.o)
 .debug_abbrev  0x000013ca      0x362 .\CortexM3\ARM_GCC_541\Debug\Erika_Reaction_Game.a(ErikaOS_1_ee_altick.o)
 .debug_abbrev  0x0000172c      0x1e0 .\CortexM3\ARM_GCC_541\Debug\Erika_Reaction_Game.a(ErikaOS_1_ee_evclear.o)
 .debug_abbrev  0x0000190c      0x150 .\CortexM3\ARM_GCC_541\Debug\Erika_Reaction_Game.a(ErikaOS_1_ee_evget.o)
 .debug_abbrev  0x00001a5c      0x27f .\CortexM3\ARM_GCC_541\Debug\Erika_Reaction_Game.a(ErikaOS_1_ee_evset.o)
 .debug_abbrev  0x00001cdb      0x25d .\CortexM3\ARM_GCC_541\Debug\Erika_Reaction_Game.a(ErikaOS_1_ee_evwait.o)
 .debug_abbrev  0x00001f38      0x1da .\CortexM3\ARM_GCC_541\Debug\Erika_Reaction_Game.a(ErikaOS_1_ee_irqendin.o)
 .debug_abbrev  0x00002112       0xcf .\CortexM3\ARM_GCC_541\Debug\Erika_Reaction_Game.a(ErikaOS_1_ee_lookup.o)
 .debug_abbrev  0x000021e1       0xfc .\CortexM3\ARM_GCC_541\Debug\Erika_Reaction_Game.a(ErikaOS_1_ee_rq_exchg.o)
 .debug_abbrev  0x000022dd       0xed .\CortexM3\ARM_GCC_541\Debug\Erika_Reaction_Game.a(ErikaOS_1_ee_rq_first.o)
 .debug_abbrev  0x000023ca      0x109 .\CortexM3\ARM_GCC_541\Debug\Erika_Reaction_Game.a(ErikaOS_1_ee_rq_inser.o)
 .debug_abbrev  0x000024d3      0x4a7 .\CortexM3\ARM_GCC_541\Debug\Erika_Reaction_Game.a(ErikaOS_1_ee_startos.o)
 .debug_abbrev  0x0000297a      0x1de .\CortexM3\ARM_GCC_541\Debug\Erika_Reaction_Game.a(ErikaOS_1_ee_terminat.o)
 .debug_abbrev  0x00002b58      0x1e3 .\CortexM3\ARM_GCC_541\Debug\Erika_Reaction_Game.a(ErikaOS_1_cortex_mx_ee_utils.o)
 .debug_abbrev  0x00002d3b       0xcf .\CortexM3\ARM_GCC_541\Debug\Erika_Reaction_Game.a(ErikaOS_1_common_ee_hal_structs.o)
 .debug_abbrev  0x00002e0a      0x130 .\CortexM3\ARM_GCC_541\Debug\Erika_Reaction_Game.a(ErikaOS_1_eecfg.o)
 .debug_abbrev  0x00002f3a       0x81 .\CortexM3\ARM_GCC_541\Debug\Erika_Reaction_Game.a(Seven_Segment_Register.o)
 .debug_abbrev  0x00002fbb       0x90 .\CortexM3\ARM_GCC_541\Debug\Erika_Reaction_Game.a(SEVEN_Select.o)
 .debug_abbrev  0x0000304b      0x173 .\CortexM3\ARM_GCC_541\Debug\Erika_Reaction_Game.a(isr_button.o)
 .debug_abbrev  0x000031be       0x90 .\CortexM3\ARM_GCC_541\Debug\Erika_Reaction_Game.a(BUTTON_1.o)
 .debug_abbrev  0x0000324e       0x90 .\CortexM3\ARM_GCC_541\Debug\Erika_Reaction_Game.a(BUTTON_2.o)
 .debug_abbrev  0x000032de      0x175 .\CortexM3\ARM_GCC_541\Debug\Erika_Reaction_Game.a(UART_LOG.o)
 .debug_abbrev  0x00003453      0x139 .\CortexM3\ARM_GCC_541\Debug\Erika_Reaction_Game.a(UART_LOG_IntClock.o)
 .debug_abbrev  0x0000358c      0x254 .\CortexM3\ARM_GCC_541\Debug\Erika_Reaction_Game.a(CyLib.o)
 .debug_abbrev  0x000037e0      0x1ab .\CortexM3\ARM_GCC_541\Debug\Erika_Reaction_Game.a(cyPm.o)
 .debug_abbrev  0x0000398b      0x133 .\CortexM3\ARM_GCC_541\Debug\Erika_Reaction_Game.a(PWM_Led_Red.o)
 .debug_abbrev  0x00003abe      0x133 .\CortexM3\ARM_GCC_541\Debug\Erika_Reaction_Game.a(PWM_Led_Green.o)
 .debug_abbrev  0x00003bf1      0x133 .\CortexM3\ARM_GCC_541\Debug\Erika_Reaction_Game.a(PWM_Led_Yellow.o)
 .debug_abbrev  0x00003d24       0x90 .\CortexM3\ARM_GCC_541\Debug\Erika_Reaction_Game.a(RGB_Red.o)
 .debug_abbrev  0x00003db4       0x90 .\CortexM3\ARM_GCC_541\Debug\Erika_Reaction_Game.a(RGB_Green.o)
 .debug_abbrev  0x00003e44       0x90 .\CortexM3\ARM_GCC_541\Debug\Erika_Reaction_Game.a(RGB_Blue.o)
 .debug_abbrev  0x00003ed4       0x14 .\CortexM3\ARM_GCC_541\Debug\Erika_Reaction_Game.a(ErikaOS_1_ee_gnu_change_context_isr.o)
 .debug_abbrev  0x00003ee8       0x14 .\CortexM3\ARM_GCC_541\Debug\Erika_Reaction_Game.a(ErikaOS_1_ee_gnu_irq_stack.o)
 .debug_abbrev  0x00003efc       0x14 .\CortexM3\ARM_GCC_541\Debug\Erika_Reaction_Game.a(ErikaOS_1_ee_gnu_multi_context.o)
 .debug_abbrev  0x00003f10       0x14 .\CortexM3\ARM_GCC_541\Debug\Erika_Reaction_Game.a(ErikaOS_1_ee_gnu_oo.o)
 .debug_abbrev  0x00003f24       0x14 .\CortexM3\ARM_GCC_541\Debug\Erika_Reaction_Game.a(CyBootAsmGnu.o)
 .debug_abbrev  0x00003f38      0x157 .\CortexM3\ARM_GCC_541\Debug\Erika_Reaction_Game.a(ErikaOS_1_ee_tnterm.o)
 .debug_abbrev  0x0000408f      0x143 .\CortexM3\ARM_GCC_541\Debug\Erika_Reaction_Game.a(ErikaOS_1_ee_tstub.o)
 .debug_abbrev  0x000041d2      0x156 .\CortexM3\ARM_GCC_541\Debug\Erika_Reaction_Game.a(ErikaOS_1_cortex_mx_ee_context.o)
 .debug_abbrev  0x00004328      0x1a7 .\CortexM3\ARM_GCC_541\Debug\Erika_Reaction_Game.a(CyFlash.o)
 .debug_abbrev  0x000044cf      0x194 .\CortexM3\ARM_GCC_541\Debug\Erika_Reaction_Game.a(CySpc.o)
 .debug_abbrev  0x00004663      0x229 .\CortexM3\ARM_GCC_541\Debug\Erika_Reaction_Game.a(ErikaOS_1_ee_thendin.o)

.debug_line     0x00000000     0x60a0
 *(.debug_line)
 .debug_line    0x00000000      0x3c8 .\CortexM3\ARM_GCC_541\Debug\game.o
 .debug_line    0x000003c8      0x5e9 .\CortexM3\ARM_GCC_541\Debug\main.o
 .debug_line    0x000009b1      0x2c6 .\CortexM3\ARM_GCC_541\Debug\seven_segment.o
 .debug_line    0x00000c77      0x28e .\CortexM3\ARM_GCC_541\Debug\button.o
 .debug_line    0x00000f05      0x276 .\CortexM3\ARM_GCC_541\Debug\fader.o
 .debug_line    0x0000117b      0x288 .\CortexM3\ARM_GCC_541\Debug\glower.o
 .debug_line    0x00001403      0x1f6 .\CortexM3\ARM_GCC_541\Debug\cyfitter_cfg.o
 .debug_line    0x000015f9      0x141 .\CortexM3\ARM_GCC_541\Debug\cymetadata.o
 .debug_line    0x0000173a      0x234 .\CortexM3\ARM_GCC_541\Debug\Cm3Start.o
 .debug_line    0x0000196e      0x1fa .\CortexM3\ARM_GCC_541\Debug\Erika_Reaction_Game.a(ErikaOS_1_ee_activate.o)
 .debug_line    0x00001b68      0x1d3 .\CortexM3\ARM_GCC_541\Debug\Erika_Reaction_Game.a(ErikaOS_1_ee_alcancel.o)
 .debug_line    0x00001d3b      0x1d1 .\CortexM3\ARM_GCC_541\Debug\Erika_Reaction_Game.a(ErikaOS_1_ee_alsetrel.o)
 .debug_line    0x00001f0c      0x305 .\CortexM3\ARM_GCC_541\Debug\Erika_Reaction_Game.a(ErikaOS_1_ee_altick.o)
 .debug_line    0x00002211      0x1d5 .\CortexM3\ARM_GCC_541\Debug\Erika_Reaction_Game.a(ErikaOS_1_ee_evclear.o)
 .debug_line    0x000023e6      0x15b .\CortexM3\ARM_GCC_541\Debug\Erika_Reaction_Game.a(ErikaOS_1_ee_evget.o)
 .debug_line    0x00002541      0x1f7 .\CortexM3\ARM_GCC_541\Debug\Erika_Reaction_Game.a(ErikaOS_1_ee_evset.o)
 .debug_line    0x00002738      0x203 .\CortexM3\ARM_GCC_541\Debug\Erika_Reaction_Game.a(ErikaOS_1_ee_evwait.o)
 .debug_line    0x0000293b      0x1a0 .\CortexM3\ARM_GCC_541\Debug\Erika_Reaction_Game.a(ErikaOS_1_ee_irqendin.o)
 .debug_line    0x00002adb      0x119 .\CortexM3\ARM_GCC_541\Debug\Erika_Reaction_Game.a(ErikaOS_1_ee_lookup.o)
 .debug_line    0x00002bf4      0x15b .\CortexM3\ARM_GCC_541\Debug\Erika_Reaction_Game.a(ErikaOS_1_ee_rq_exchg.o)
 .debug_line    0x00002d4f      0x152 .\CortexM3\ARM_GCC_541\Debug\Erika_Reaction_Game.a(ErikaOS_1_ee_rq_first.o)
 .debug_line    0x00002ea1      0x156 .\CortexM3\ARM_GCC_541\Debug\Erika_Reaction_Game.a(ErikaOS_1_ee_rq_inser.o)
 .debug_line    0x00002ff7      0x3fa .\CortexM3\ARM_GCC_541\Debug\Erika_Reaction_Game.a(ErikaOS_1_ee_startos.o)
 .debug_line    0x000033f1      0x1c0 .\CortexM3\ARM_GCC_541\Debug\Erika_Reaction_Game.a(ErikaOS_1_ee_terminat.o)
 .debug_line    0x000035b1      0x184 .\CortexM3\ARM_GCC_541\Debug\Erika_Reaction_Game.a(ErikaOS_1_cortex_mx_ee_utils.o)
 .debug_line    0x00003735       0xf9 .\CortexM3\ARM_GCC_541\Debug\Erika_Reaction_Game.a(ErikaOS_1_common_ee_hal_structs.o)
 .debug_line    0x0000382e      0x13c .\CortexM3\ARM_GCC_541\Debug\Erika_Reaction_Game.a(ErikaOS_1_eecfg.o)
 .debug_line    0x0000396a       0x7e .\CortexM3\ARM_GCC_541\Debug\Erika_Reaction_Game.a(Seven_Segment_Register.o)
 .debug_line    0x000039e8       0x99 .\CortexM3\ARM_GCC_541\Debug\Erika_Reaction_Game.a(SEVEN_Select.o)
 .debug_line    0x00003a81      0x137 .\CortexM3\ARM_GCC_541\Debug\Erika_Reaction_Game.a(isr_button.o)
 .debug_line    0x00003bb8       0x95 .\CortexM3\ARM_GCC_541\Debug\Erika_Reaction_Game.a(BUTTON_1.o)
 .debug_line    0x00003c4d       0x95 .\CortexM3\ARM_GCC_541\Debug\Erika_Reaction_Game.a(BUTTON_2.o)
 .debug_line    0x00003ce2      0x2c4 .\CortexM3\ARM_GCC_541\Debug\Erika_Reaction_Game.a(UART_LOG.o)
 .debug_line    0x00003fa6      0x180 .\CortexM3\ARM_GCC_541\Debug\Erika_Reaction_Game.a(UART_LOG_IntClock.o)
 .debug_line    0x00004126      0x816 .\CortexM3\ARM_GCC_541\Debug\Erika_Reaction_Game.a(CyLib.o)
 .debug_line    0x0000493c      0x367 .\CortexM3\ARM_GCC_541\Debug\Erika_Reaction_Game.a(cyPm.o)
 .debug_line    0x00004ca3      0x18b .\CortexM3\ARM_GCC_541\Debug\Erika_Reaction_Game.a(PWM_Led_Red.o)
 .debug_line    0x00004e2e      0x18d .\CortexM3\ARM_GCC_541\Debug\Erika_Reaction_Game.a(PWM_Led_Green.o)
 .debug_line    0x00004fbb      0x18e .\CortexM3\ARM_GCC_541\Debug\Erika_Reaction_Game.a(PWM_Led_Yellow.o)
 .debug_line    0x00005149       0x94 .\CortexM3\ARM_GCC_541\Debug\Erika_Reaction_Game.a(RGB_Red.o)
 .debug_line    0x000051dd       0x96 .\CortexM3\ARM_GCC_541\Debug\Erika_Reaction_Game.a(RGB_Green.o)
 .debug_line    0x00005273       0x95 .\CortexM3\ARM_GCC_541\Debug\Erika_Reaction_Game.a(RGB_Blue.o)
 .debug_line    0x00005308       0xae .\CortexM3\ARM_GCC_541\Debug\Erika_Reaction_Game.a(ErikaOS_1_ee_gnu_change_context_isr.o)
 .debug_line    0x000053b6       0x74 .\CortexM3\ARM_GCC_541\Debug\Erika_Reaction_Game.a(ErikaOS_1_ee_gnu_irq_stack.o)
 .debug_line    0x0000542a       0x9d .\CortexM3\ARM_GCC_541\Debug\Erika_Reaction_Game.a(ErikaOS_1_ee_gnu_multi_context.o)
 .debug_line    0x000054c7       0x99 .\CortexM3\ARM_GCC_541\Debug\Erika_Reaction_Game.a(ErikaOS_1_ee_gnu_oo.o)
 .debug_line    0x00005560       0x66 .\CortexM3\ARM_GCC_541\Debug\Erika_Reaction_Game.a(CyBootAsmGnu.o)
 .debug_line    0x000055c6      0x17b .\CortexM3\ARM_GCC_541\Debug\Erika_Reaction_Game.a(ErikaOS_1_ee_tnterm.o)
 .debug_line    0x00005741      0x172 .\CortexM3\ARM_GCC_541\Debug\Erika_Reaction_Game.a(ErikaOS_1_ee_tstub.o)
 .debug_line    0x000058b3      0x1ac .\CortexM3\ARM_GCC_541\Debug\Erika_Reaction_Game.a(ErikaOS_1_cortex_mx_ee_context.o)
 .debug_line    0x00005a5f      0x21a .\CortexM3\ARM_GCC_541\Debug\Erika_Reaction_Game.a(CyFlash.o)
 .debug_line    0x00005c79      0x260 .\CortexM3\ARM_GCC_541\Debug\Erika_Reaction_Game.a(CySpc.o)
 .debug_line    0x00005ed9      0x1c7 .\CortexM3\ARM_GCC_541\Debug\Erika_Reaction_Game.a(ErikaOS_1_ee_thendin.o)

.debug_frame    0x00000000     0x2390
 *(.debug_frame)
 .debug_frame   0x00000000       0xd4 .\CortexM3\ARM_GCC_541\Debug\game.o
 .debug_frame   0x000000d4      0x168 .\CortexM3\ARM_GCC_541\Debug\main.o
 .debug_frame   0x0000023c       0x84 .\CortexM3\ARM_GCC_541\Debug\seven_segment.o
 .debug_frame   0x000002c0       0x4c .\CortexM3\ARM_GCC_541\Debug\button.o
 .debug_frame   0x0000030c       0x30 .\CortexM3\ARM_GCC_541\Debug\fader.o
 .debug_frame   0x0000033c       0x30 .\CortexM3\ARM_GCC_541\Debug\glower.o
 .debug_frame   0x0000036c       0xe4 .\CortexM3\ARM_GCC_541\Debug\cyfitter_cfg.o
 .debug_frame   0x00000450       0xb8 .\CortexM3\ARM_GCC_541\Debug\Cm3Start.o
 .debug_frame   0x00000508       0x30 .\CortexM3\ARM_GCC_541\Debug\Erika_Reaction_Game.a(ErikaOS_1_ee_activate.o)
 .debug_frame   0x00000538       0x38 .\CortexM3\ARM_GCC_541\Debug\Erika_Reaction_Game.a(ErikaOS_1_ee_alcancel.o)
 .debug_frame   0x00000570       0x38 .\CortexM3\ARM_GCC_541\Debug\Erika_Reaction_Game.a(ErikaOS_1_ee_alsetrel.o)
 .debug_frame   0x000005a8      0x10c .\CortexM3\ARM_GCC_541\Debug\Erika_Reaction_Game.a(ErikaOS_1_ee_altick.o)
 .debug_frame   0x000006b4       0x38 .\CortexM3\ARM_GCC_541\Debug\Erika_Reaction_Game.a(ErikaOS_1_ee_evclear.o)
 .debug_frame   0x000006ec       0x20 .\CortexM3\ARM_GCC_541\Debug\Erika_Reaction_Game.a(ErikaOS_1_ee_evget.o)
 .debug_frame   0x0000070c       0x30 .\CortexM3\ARM_GCC_541\Debug\Erika_Reaction_Game.a(ErikaOS_1_ee_evset.o)
 .debug_frame   0x0000073c       0x30 .\CortexM3\ARM_GCC_541\Debug\Erika_Reaction_Game.a(ErikaOS_1_ee_evwait.o)
 .debug_frame   0x0000076c       0x58 .\CortexM3\ARM_GCC_541\Debug\Erika_Reaction_Game.a(ErikaOS_1_ee_irqendin.o)
 .debug_frame   0x000007c4       0x3c .\CortexM3\ARM_GCC_541\Debug\Erika_Reaction_Game.a(ErikaOS_1_ee_rq_exchg.o)
 .debug_frame   0x00000800       0x20 .\CortexM3\ARM_GCC_541\Debug\Erika_Reaction_Game.a(ErikaOS_1_ee_rq_first.o)
 .debug_frame   0x00000820       0x30 .\CortexM3\ARM_GCC_541\Debug\Erika_Reaction_Game.a(ErikaOS_1_ee_rq_inser.o)
 .debug_frame   0x00000850       0x90 .\CortexM3\ARM_GCC_541\Debug\Erika_Reaction_Game.a(ErikaOS_1_ee_startos.o)
 .debug_frame   0x000008e0       0x2c .\CortexM3\ARM_GCC_541\Debug\Erika_Reaction_Game.a(ErikaOS_1_ee_terminat.o)
 .debug_frame   0x0000090c       0x30 .\CortexM3\ARM_GCC_541\Debug\Erika_Reaction_Game.a(ErikaOS_1_cortex_mx_ee_utils.o)
 .debug_frame   0x0000093c       0x30 .\CortexM3\ARM_GCC_541\Debug\Erika_Reaction_Game.a(Seven_Segment_Register.o)
 .debug_frame   0x0000096c       0x50 .\CortexM3\ARM_GCC_541\Debug\Erika_Reaction_Game.a(SEVEN_Select.o)
 .debug_frame   0x000009bc      0x104 .\CortexM3\ARM_GCC_541\Debug\Erika_Reaction_Game.a(isr_button.o)
 .debug_frame   0x00000ac0       0x50 .\CortexM3\ARM_GCC_541\Debug\Erika_Reaction_Game.a(BUTTON_1.o)
 .debug_frame   0x00000b10       0x50 .\CortexM3\ARM_GCC_541\Debug\Erika_Reaction_Game.a(BUTTON_2.o)
 .debug_frame   0x00000b60      0x250 .\CortexM3\ARM_GCC_541\Debug\Erika_Reaction_Game.a(UART_LOG.o)
 .debug_frame   0x00000db0       0xe0 .\CortexM3\ARM_GCC_541\Debug\Erika_Reaction_Game.a(UART_LOG_IntClock.o)
 .debug_frame   0x00000e90      0x738 .\CortexM3\ARM_GCC_541\Debug\Erika_Reaction_Game.a(CyLib.o)
 .debug_frame   0x000015c8      0x1f8 .\CortexM3\ARM_GCC_541\Debug\Erika_Reaction_Game.a(cyPm.o)
 .debug_frame   0x000017c0      0x134 .\CortexM3\ARM_GCC_541\Debug\Erika_Reaction_Game.a(PWM_Led_Red.o)
 .debug_frame   0x000018f4      0x134 .\CortexM3\ARM_GCC_541\Debug\Erika_Reaction_Game.a(PWM_Led_Green.o)
 .debug_frame   0x00001a28      0x134 .\CortexM3\ARM_GCC_541\Debug\Erika_Reaction_Game.a(PWM_Led_Yellow.o)
 .debug_frame   0x00001b5c       0x50 .\CortexM3\ARM_GCC_541\Debug\Erika_Reaction_Game.a(RGB_Red.o)
 .debug_frame   0x00001bac       0x50 .\CortexM3\ARM_GCC_541\Debug\Erika_Reaction_Game.a(RGB_Green.o)
 .debug_frame   0x00001bfc       0x50 .\CortexM3\ARM_GCC_541\Debug\Erika_Reaction_Game.a(RGB_Blue.o)
 .debug_frame   0x00001c4c       0x2c .\CortexM3\ARM_GCC_541\Debug\Erika_Reaction_Game.a(ErikaOS_1_ee_tnterm.o)
 .debug_frame   0x00001c78       0x2c .\CortexM3\ARM_GCC_541\Debug\Erika_Reaction_Game.a(ErikaOS_1_ee_tstub.o)
 .debug_frame   0x00001ca4       0x3c .\CortexM3\ARM_GCC_541\Debug\Erika_Reaction_Game.a(ErikaOS_1_cortex_mx_ee_context.o)
 .debug_frame   0x00001ce0      0x194 .\CortexM3\ARM_GCC_541\Debug\Erika_Reaction_Game.a(CyFlash.o)
 .debug_frame   0x00001e74      0x180 .\CortexM3\ARM_GCC_541\Debug\Erika_Reaction_Game.a(CySpc.o)
 .debug_frame   0x00001ff4       0x5c .\CortexM3\ARM_GCC_541\Debug\Erika_Reaction_Game.a(ErikaOS_1_ee_thendin.o)
 .debug_frame   0x00002050       0x20 c:/program files (x86)/cypress/psoc creator/4.4/psoc creator/import/gnu/arm/5.4.1/bin/../lib/gcc/arm-none-eabi/5.4.1/../../../../arm-none-eabi/lib/armv7-m\libg_nano.a(lib_a-errno.o)
 .debug_frame   0x00002070       0x28 c:/program files (x86)/cypress/psoc creator/4.4/psoc creator/import/gnu/arm/5.4.1/bin/../lib/gcc/arm-none-eabi/5.4.1/../../../../arm-none-eabi/lib/armv7-m\libg_nano.a(lib_a-exit.o)
 .debug_frame   0x00002098       0x2c c:/program files (x86)/cypress/psoc creator/4.4/psoc creator/import/gnu/arm/5.4.1/bin/../lib/gcc/arm-none-eabi/5.4.1/../../../../arm-none-eabi/lib/armv7-m\libg_nano.a(lib_a-init.o)
 .debug_frame   0x000020c4       0x38 c:/program files (x86)/cypress/psoc creator/4.4/psoc creator/import/gnu/arm/5.4.1/bin/../lib/gcc/arm-none-eabi/5.4.1/../../../../arm-none-eabi/lib/armv7-m\libg_nano.a(lib_a-itoa.o)
 .debug_frame   0x000020fc       0x28 c:/program files (x86)/cypress/psoc creator/4.4/psoc creator/import/gnu/arm/5.4.1/bin/../lib/gcc/arm-none-eabi/5.4.1/../../../../arm-none-eabi/lib/armv7-m\libg_nano.a(lib_a-memcpy-stub.o)
 .debug_frame   0x00002124       0x20 c:/program files (x86)/cypress/psoc creator/4.4/psoc creator/import/gnu/arm/5.4.1/bin/../lib/gcc/arm-none-eabi/5.4.1/../../../../arm-none-eabi/lib/armv7-m\libg_nano.a(lib_a-memset.o)
 .debug_frame   0x00002144       0x44 c:/program files (x86)/cypress/psoc creator/4.4/psoc creator/import/gnu/arm/5.4.1/bin/../lib/gcc/arm-none-eabi/5.4.1/../../../../arm-none-eabi/lib/armv7-m\libg_nano.a(lib_a-rand.o)
 .debug_frame   0x00002188       0x2c c:/program files (x86)/cypress/psoc creator/4.4/psoc creator/import/gnu/arm/5.4.1/bin/../lib/gcc/arm-none-eabi/5.4.1/../../../../arm-none-eabi/lib/armv7-m\libg_nano.a(lib_a-time.o)
 .debug_frame   0x000021b4       0x44 c:/program files (x86)/cypress/psoc creator/4.4/psoc creator/import/gnu/arm/5.4.1/bin/../lib/gcc/arm-none-eabi/5.4.1/../../../../arm-none-eabi/lib/armv7-m\libg_nano.a(lib_a-utoa.o)
 .debug_frame   0x000021f8       0x2c c:/program files (x86)/cypress/psoc creator/4.4/psoc creator/import/gnu/arm/5.4.1/bin/../lib/gcc/arm-none-eabi/5.4.1/../../../../arm-none-eabi/lib/armv7-m\libg_nano.a(lib_a-gettimeofdayr.o)
 .debug_frame   0x00002224       0x30 c:/program files (x86)/cypress/psoc creator/4.4/psoc creator/import/gnu/arm/5.4.1/bin/../lib/gcc/arm-none-eabi/5.4.1/../../../../arm-none-eabi/lib/armv7-m\libg_nano.a(lib_a-malloc.o)
 .debug_frame   0x00002254       0x38 c:/program files (x86)/cypress/psoc creator/4.4/psoc creator/import/gnu/arm/5.4.1/bin/../lib/gcc/arm-none-eabi/5.4.1/../../../../arm-none-eabi/lib/armv7-m\libg_nano.a(lib_a-nano-freer.o)
 .debug_frame   0x0000228c       0x2c c:/program files (x86)/cypress/psoc creator/4.4/psoc creator/import/gnu/arm/5.4.1/bin/../lib/gcc/arm-none-eabi/5.4.1/../../../../arm-none-eabi/lib/armv7-m\libg_nano.a(lib_a-nano-mallocr.o)
 .debug_frame   0x000022b8       0x5c c:/program files (x86)/cypress/psoc creator/4.4/psoc creator/import/gnu/arm/5.4.1/bin/../lib/gcc/arm-none-eabi/5.4.1/../../../../arm-none-eabi/lib/armv7-m\libg_nano.a(lib_a-reent.o)
 .debug_frame   0x00002314       0x2c c:/program files (x86)/cypress/psoc creator/4.4/psoc creator/import/gnu/arm/5.4.1/bin/../lib/gcc/arm-none-eabi/5.4.1/../../../../arm-none-eabi/lib/armv7-m\libg_nano.a(lib_a-sbrkr.o)
 .debug_frame   0x00002340       0x30 c:/program files (x86)/cypress/psoc creator/4.4/psoc creator/import/gnu/arm/5.4.1/bin/../lib/gcc/arm-none-eabi/5.4.1/../../../../arm-none-eabi/lib/armv7-m\libg_nano.a(lib_a-mlock.o)
 .debug_frame   0x00002370       0x20 c:/program files (x86)/cypress/psoc creator/4.4/psoc creator/import/gnu/arm/5.4.1/bin/../lib/gcc/arm-none-eabi/5.4.1/../../../../arm-none-eabi/lib/armv7-m\libnosys.a(gettod.o)

.debug_str      0x00000000     0x42d1
 *(.debug_str)
 .debug_str     0x00000000      0x668 .\CortexM3\ARM_GCC_541\Debug\game.o
                                0x6be (size before relaxing)
 .debug_str     0x00000668      0x398 .\CortexM3\ARM_GCC_541\Debug\main.o
                                0x6fe (size before relaxing)
 .debug_str     0x00000a00       0xb7 .\CortexM3\ARM_GCC_541\Debug\seven_segment.o
                                0x54c (size before relaxing)
 .debug_str     0x00000ab7       0x67 .\CortexM3\ARM_GCC_541\Debug\button.o
                                0x4d4 (size before relaxing)
 .debug_str     0x00000b1e       0xc1 .\CortexM3\ARM_GCC_541\Debug\fader.o
                                0x4fc (size before relaxing)
 .debug_str     0x00000bdf       0x9b .\CortexM3\ARM_GCC_541\Debug\glower.o
                                0x32e (size before relaxing)
 .debug_str     0x00000c7a      0x195 .\CortexM3\ARM_GCC_541\Debug\cyfitter_cfg.o
                                0x361 (size before relaxing)
 .debug_str     0x00000e0f       0x75 .\CortexM3\ARM_GCC_541\Debug\cymetadata.o
                                0x201 (size before relaxing)
 .debug_str     0x00000e84      0x132 .\CortexM3\ARM_GCC_541\Debug\Cm3Start.o
                                0x327 (size before relaxing)
 .debug_str     0x00000fb6      0x5c8 .\CortexM3\ARM_GCC_541\Debug\Erika_Reaction_Game.a(ErikaOS_1_ee_activate.o)
                                0x824 (size before relaxing)
 .debug_str     0x0000157e       0x7c .\CortexM3\ARM_GCC_541\Debug\Erika_Reaction_Game.a(ErikaOS_1_ee_alcancel.o)
                                0x5f7 (size before relaxing)
 .debug_str     0x000015fa       0x88 .\CortexM3\ARM_GCC_541\Debug\Erika_Reaction_Game.a(ErikaOS_1_ee_alsetrel.o)
                                0x61c (size before relaxing)
 .debug_str     0x00001682      0x229 .\CortexM3\ARM_GCC_541\Debug\Erika_Reaction_Game.a(ErikaOS_1_ee_altick.o)
                                0xa7f (size before relaxing)
 .debug_str     0x000018ab       0x2e .\CortexM3\ARM_GCC_541\Debug\Erika_Reaction_Game.a(ErikaOS_1_ee_evclear.o)
                                0x5fc (size before relaxing)
 .debug_str     0x000018d9       0x5d .\CortexM3\ARM_GCC_541\Debug\Erika_Reaction_Game.a(ErikaOS_1_ee_evget.o)
                                0x56c (size before relaxing)
 .debug_str     0x00001936       0x2c .\CortexM3\ARM_GCC_541\Debug\Erika_Reaction_Game.a(ErikaOS_1_ee_evset.o)
                                0x7fc (size before relaxing)
 .debug_str     0x00001962       0x8f .\CortexM3\ARM_GCC_541\Debug\Erika_Reaction_Game.a(ErikaOS_1_ee_evwait.o)
                                0x840 (size before relaxing)
 .debug_str     0x000019f1       0xca .\CortexM3\ARM_GCC_541\Debug\Erika_Reaction_Game.a(ErikaOS_1_ee_irqendin.o)
                                0x6d9 (size before relaxing)
 .debug_str     0x00001abb       0x2d .\CortexM3\ARM_GCC_541\Debug\Erika_Reaction_Game.a(ErikaOS_1_ee_lookup.o)
                                0x4a8 (size before relaxing)
 .debug_str     0x00001ae8       0x8c .\CortexM3\ARM_GCC_541\Debug\Erika_Reaction_Game.a(ErikaOS_1_ee_rq_exchg.o)
                                0x51a (size before relaxing)
 .debug_str     0x00001b74       0x2f .\CortexM3\ARM_GCC_541\Debug\Erika_Reaction_Game.a(ErikaOS_1_ee_rq_first.o)
                                0x4e5 (size before relaxing)
 .debug_str     0x00001ba3       0x3a .\CortexM3\ARM_GCC_541\Debug\Erika_Reaction_Game.a(ErikaOS_1_ee_rq_inser.o)
                                0x51f (size before relaxing)
 .debug_str     0x00001bdd      0xefb .\CortexM3\ARM_GCC_541\Debug\Erika_Reaction_Game.a(ErikaOS_1_ee_startos.o)
                               0x174b (size before relaxing)
 .debug_str     0x00002ad8       0x5d .\CortexM3\ARM_GCC_541\Debug\Erika_Reaction_Game.a(ErikaOS_1_ee_terminat.o)
                                0x609 (size before relaxing)
 .debug_str     0x00002b35       0x82 .\CortexM3\ARM_GCC_541\Debug\Erika_Reaction_Game.a(ErikaOS_1_cortex_mx_ee_utils.o)
                                0x577 (size before relaxing)
 .debug_str     0x00002bb7       0x39 .\CortexM3\ARM_GCC_541\Debug\Erika_Reaction_Game.a(ErikaOS_1_common_ee_hal_structs.o)
                                0x4b4 (size before relaxing)
 .debug_str     0x00002bf0      0x18a .\CortexM3\ARM_GCC_541\Debug\Erika_Reaction_Game.a(ErikaOS_1_eecfg.o)
                                0x7ed (size before relaxing)
 .debug_str     0x00002d7a       0x4c .\CortexM3\ARM_GCC_541\Debug\Erika_Reaction_Game.a(Seven_Segment_Register.o)
                                0x1ff (size before relaxing)
 .debug_str     0x00002dc6       0x7b .\CortexM3\ARM_GCC_541\Debug\Erika_Reaction_Game.a(SEVEN_Select.o)
                                0x222 (size before relaxing)
 .debug_str     0x00002e41      0x119 .\CortexM3\ARM_GCC_541\Debug\Erika_Reaction_Game.a(isr_button.o)
                                0x309 (size before relaxing)
 .debug_str     0x00002f5a       0x5c .\CortexM3\ARM_GCC_541\Debug\Erika_Reaction_Game.a(BUTTON_1.o)
                                0x20e (size before relaxing)
 .debug_str     0x00002fb6       0x5c .\CortexM3\ARM_GCC_541\Debug\Erika_Reaction_Game.a(BUTTON_2.o)
                                0x20e (size before relaxing)
 .debug_str     0x00003012      0x2f9 .\CortexM3\ARM_GCC_541\Debug\Erika_Reaction_Game.a(UART_LOG.o)
                                0x50e (size before relaxing)
 .debug_str     0x0000330b      0x1ab .\CortexM3\ARM_GCC_541\Debug\Erika_Reaction_Game.a(UART_LOG_IntClock.o)
                                0x383 (size before relaxing)
 .debug_str     0x000034b6      0x245 .\CortexM3\ARM_GCC_541\Debug\Erika_Reaction_Game.a(CyLib.o)
                                0xa64 (size before relaxing)
 .debug_str     0x000036fb      0x2dc .\CortexM3\ARM_GCC_541\Debug\Erika_Reaction_Game.a(cyPm.o)
                                0x750 (size before relaxing)
 .debug_str     0x000039d7      0x1cf .\CortexM3\ARM_GCC_541\Debug\Erika_Reaction_Game.a(PWM_Led_Red.o)
                                0x3e0 (size before relaxing)
 .debug_str     0x00003ba6      0x1ce .\CortexM3\ARM_GCC_541\Debug\Erika_Reaction_Game.a(PWM_Led_Green.o)
                                0x406 (size before relaxing)
 .debug_str     0x00003d74      0x1df .\CortexM3\ARM_GCC_541\Debug\Erika_Reaction_Game.a(PWM_Led_Yellow.o)
                                0x419 (size before relaxing)
 .debug_str     0x00003f53       0x57 .\CortexM3\ARM_GCC_541\Debug\Erika_Reaction_Game.a(RGB_Red.o)
                                0x209 (size before relaxing)
 .debug_str     0x00003faa       0x5f .\CortexM3\ARM_GCC_541\Debug\Erika_Reaction_Game.a(RGB_Green.o)
                                0x213 (size before relaxing)
 .debug_str     0x00004009       0x5b .\CortexM3\ARM_GCC_541\Debug\Erika_Reaction_Game.a(RGB_Blue.o)
                                0x20e (size before relaxing)
 .debug_str     0x00004064       0x58 .\CortexM3\ARM_GCC_541\Debug\Erika_Reaction_Game.a(ErikaOS_1_ee_tnterm.o)
                                0x51b (size before relaxing)
 .debug_str     0x000040bc       0x57 .\CortexM3\ARM_GCC_541\Debug\Erika_Reaction_Game.a(ErikaOS_1_ee_tstub.o)
                                0x5f2 (size before relaxing)
 .debug_str     0x00004113       0x8c .\CortexM3\ARM_GCC_541\Debug\Erika_Reaction_Game.a(ErikaOS_1_cortex_mx_ee_context.o)
                                0x5a9 (size before relaxing)
 .debug_str     0x0000419f       0x65 .\CortexM3\ARM_GCC_541\Debug\Erika_Reaction_Game.a(CyFlash.o)
                                0x3dd (size before relaxing)
 .debug_str     0x00004204       0x64 .\CortexM3\ARM_GCC_541\Debug\Erika_Reaction_Game.a(CySpc.o)
                                0x355 (size before relaxing)
 .debug_str     0x00004268       0x69 .\CortexM3\ARM_GCC_541\Debug\Erika_Reaction_Game.a(ErikaOS_1_ee_thendin.o)
                                0x76f (size before relaxing)

.debug_loc      0x00000000     0x3650
 *(.debug_loc)
 .debug_loc     0x00000000      0x188 .\CortexM3\ARM_GCC_541\Debug\game.o
 .debug_loc     0x00000188      0x164 .\CortexM3\ARM_GCC_541\Debug\main.o
 .debug_loc     0x000002ec       0xe1 .\CortexM3\ARM_GCC_541\Debug\seven_segment.o
 .debug_loc     0x000003cd       0xac .\CortexM3\ARM_GCC_541\Debug\button.o
 .debug_loc     0x00000479      0x259 .\CortexM3\ARM_GCC_541\Debug\cyfitter_cfg.o
 .debug_loc     0x000006d2      0x144 .\CortexM3\ARM_GCC_541\Debug\Cm3Start.o
 .debug_loc     0x00000816      0x12d .\CortexM3\ARM_GCC_541\Debug\Erika_Reaction_Game.a(ErikaOS_1_ee_activate.o)
 .debug_loc     0x00000943      0x156 .\CortexM3\ARM_GCC_541\Debug\Erika_Reaction_Game.a(ErikaOS_1_ee_alcancel.o)
 .debug_loc     0x00000a99      0x1e0 .\CortexM3\ARM_GCC_541\Debug\Erika_Reaction_Game.a(ErikaOS_1_ee_alsetrel.o)
 .debug_loc     0x00000c79      0x46c .\CortexM3\ARM_GCC_541\Debug\Erika_Reaction_Game.a(ErikaOS_1_ee_altick.o)
 .debug_loc     0x000010e5       0xbc .\CortexM3\ARM_GCC_541\Debug\Erika_Reaction_Game.a(ErikaOS_1_ee_evclear.o)
 .debug_loc     0x000011a1       0xa4 .\CortexM3\ARM_GCC_541\Debug\Erika_Reaction_Game.a(ErikaOS_1_ee_evget.o)
 .debug_loc     0x00001245      0x16b .\CortexM3\ARM_GCC_541\Debug\Erika_Reaction_Game.a(ErikaOS_1_ee_evset.o)
 .debug_loc     0x000013b0      0x13f .\CortexM3\ARM_GCC_541\Debug\Erika_Reaction_Game.a(ErikaOS_1_ee_evwait.o)
 .debug_loc     0x000014ef       0x62 .\CortexM3\ARM_GCC_541\Debug\Erika_Reaction_Game.a(ErikaOS_1_ee_irqendin.o)
 .debug_loc     0x00001551       0x4a .\CortexM3\ARM_GCC_541\Debug\Erika_Reaction_Game.a(ErikaOS_1_ee_rq_exchg.o)
 .debug_loc     0x0000159b       0x36 .\CortexM3\ARM_GCC_541\Debug\Erika_Reaction_Game.a(ErikaOS_1_ee_rq_first.o)
 .debug_loc     0x000015d1       0x1e .\CortexM3\ARM_GCC_541\Debug\Erika_Reaction_Game.a(ErikaOS_1_ee_rq_inser.o)
 .debug_loc     0x000015ef      0x1d8 .\CortexM3\ARM_GCC_541\Debug\Erika_Reaction_Game.a(ErikaOS_1_ee_startos.o)
 .debug_loc     0x000017c7       0x50 .\CortexM3\ARM_GCC_541\Debug\Erika_Reaction_Game.a(ErikaOS_1_ee_terminat.o)
 .debug_loc     0x00001817       0x13 .\CortexM3\ARM_GCC_541\Debug\Erika_Reaction_Game.a(ErikaOS_1_cortex_mx_ee_utils.o)
 .debug_loc     0x0000182a       0x42 .\CortexM3\ARM_GCC_541\Debug\Erika_Reaction_Game.a(SEVEN_Select.o)
 .debug_loc     0x0000186c       0x56 .\CortexM3\ARM_GCC_541\Debug\Erika_Reaction_Game.a(isr_button.o)
 .debug_loc     0x000018c2       0x42 .\CortexM3\ARM_GCC_541\Debug\Erika_Reaction_Game.a(BUTTON_1.o)
 .debug_loc     0x00001904       0x42 .\CortexM3\ARM_GCC_541\Debug\Erika_Reaction_Game.a(BUTTON_2.o)
 .debug_loc     0x00001946      0x258 .\CortexM3\ARM_GCC_541\Debug\Erika_Reaction_Game.a(UART_LOG.o)
 .debug_loc     0x00001b9e      0x12c .\CortexM3\ARM_GCC_541\Debug\Erika_Reaction_Game.a(UART_LOG_IntClock.o)
 .debug_loc     0x00001cca      0xa11 .\CortexM3\ARM_GCC_541\Debug\Erika_Reaction_Game.a(CyLib.o)
 .debug_loc     0x000026db      0x1e4 .\CortexM3\ARM_GCC_541\Debug\Erika_Reaction_Game.a(cyPm.o)
 .debug_loc     0x000028bf       0x26 .\CortexM3\ARM_GCC_541\Debug\Erika_Reaction_Game.a(PWM_Led_Red.o)
 .debug_loc     0x000028e5       0x26 .\CortexM3\ARM_GCC_541\Debug\Erika_Reaction_Game.a(PWM_Led_Green.o)
 .debug_loc     0x0000290b       0x26 .\CortexM3\ARM_GCC_541\Debug\Erika_Reaction_Game.a(PWM_Led_Yellow.o)
 .debug_loc     0x00002931       0x42 .\CortexM3\ARM_GCC_541\Debug\Erika_Reaction_Game.a(RGB_Red.o)
 .debug_loc     0x00002973       0x42 .\CortexM3\ARM_GCC_541\Debug\Erika_Reaction_Game.a(RGB_Green.o)
 .debug_loc     0x000029b5       0x42 .\CortexM3\ARM_GCC_541\Debug\Erika_Reaction_Game.a(RGB_Blue.o)
 .debug_loc     0x000029f7       0xc5 .\CortexM3\ARM_GCC_541\Debug\Erika_Reaction_Game.a(ErikaOS_1_cortex_mx_ee_context.o)
 .debug_loc     0x00002abc      0x3b2 .\CortexM3\ARM_GCC_541\Debug\Erika_Reaction_Game.a(CyFlash.o)
 .debug_loc     0x00002e6e      0x705 .\CortexM3\ARM_GCC_541\Debug\Erika_Reaction_Game.a(CySpc.o)
 .debug_loc     0x00003573       0xdd .\CortexM3\ARM_GCC_541\Debug\Erika_Reaction_Game.a(ErikaOS_1_ee_thendin.o)

.debug_macinfo
 *(.debug_macinfo)

.debug_ranges   0x00000000      0xc48
 *(.debug_ranges)
 .debug_ranges  0x00000000       0x40 .\CortexM3\ARM_GCC_541\Debug\game.o
 .debug_ranges  0x00000040       0x68 .\CortexM3\ARM_GCC_541\Debug\main.o
 .debug_ranges  0x000000a8       0x28 .\CortexM3\ARM_GCC_541\Debug\seven_segment.o
 .debug_ranges  0x000000d0       0x18 .\CortexM3\ARM_GCC_541\Debug\button.o
 .debug_ranges  0x000000e8       0x10 .\CortexM3\ARM_GCC_541\Debug\fader.o
 .debug_ranges  0x000000f8       0x10 .\CortexM3\ARM_GCC_541\Debug\glower.o
 .debug_ranges  0x00000108       0x48 .\CortexM3\ARM_GCC_541\Debug\cyfitter_cfg.o